     VMA      LMA     Size Align Out     In      Symbol
       0        0        0     1 __stack_top = ORIGIN ( RAM ) + LENGTH ( RAM )
 8000000  8000000        8     4 .isr_vector
 8000000  8000000        8     4         /work/fixtures/bin/arm-llvm/thumbv6m/O2/overlap/vectors.o:(.isr_vector)
 8000000  8000000        8     1                 vector_table
 8000008  8000008       2a     4 .text
 8000008  8000008       20     4         /work/fixtures/bin/arm-llvm/thumbv6m/O2/overlap/overlap.o:(.text.main)
 8000008  8000008        0     1                 $t
 8000009  8000009       20     1                 main
 800001c  800001c        0     1                 $d
 8000028  8000028        a     2         /work/fixtures/bin/arm-llvm/thumbv6m/O2/overlap/vectors.o:(.text.reset_handler)
 8000028  8000028        0     1                 $t
 8000029  8000029        a     1                 reset_handler
 8000034  8000034       10     4 .ARM.exidx
 8000034  8000034       10     4         <internal>:(.ARM.exidx)
 8000044  8000044       24     4 .note.gnu.build-id
 8000044  8000044       24     4         <internal>:(.note.gnu.build-id)
20000000 20000000        5     1 .bss
20000000 20000000        2     1         /work/fixtures/bin/arm-llvm/thumbv6m/O2/overlap/overlap.o:(.bss.g_tiny)
20000000 20000000        2     1                 g_tiny
20000002 20000002        2     1         /work/fixtures/bin/arm-llvm/thumbv6m/O2/overlap/overlap.o:(.bss.g_char_and_bits)
20000002 20000002        2     1                 g_char_and_bits
20000004 20000004        1     1         /work/fixtures/bin/arm-llvm/thumbv6m/O2/overlap/overlap.o:(.bss.g_empty_and_char)
20000004 20000004        1     1                 g_empty_and_char
       0        0      20a     1 .debug_abbrev
       0        0       a6     1         /work/fixtures/bin/arm-llvm/thumbv6m/O2/overlap/overlap.o:(.debug_abbrev)
      a6       a6       f4     1         /work/fixtures/bin/arm-llvm/thumbv6m/O2/overlap/support.o:(.debug_abbrev)
     19a      19a       70     1         /work/fixtures/bin/arm-llvm/thumbv6m/O2/overlap/vectors.o:(.debug_abbrev)
       0        0      2aa     1 .debug_info
       0        0       e0     1         /work/fixtures/bin/arm-llvm/thumbv6m/O2/overlap/overlap.o:(.debug_info)
      e0       e0      175     1         /work/fixtures/bin/arm-llvm/thumbv6m/O2/overlap/support.o:(.debug_info)
     255      255       55     1         /work/fixtures/bin/arm-llvm/thumbv6m/O2/overlap/vectors.o:(.debug_info)
       0        0       e0     1 .debug_str_offsets
       0        0       5c     1         /work/fixtures/bin/arm-llvm/thumbv6m/O2/overlap/overlap.o:(.debug_str_offsets)
      5c       5c       64     1         /work/fixtures/bin/arm-llvm/thumbv6m/O2/overlap/support.o:(.debug_str_offsets)
      c0       c0       20     1         /work/fixtures/bin/arm-llvm/thumbv6m/O2/overlap/vectors.o:(.debug_str_offsets)
       0        0      1bc     1 .debug_str
       0        0      1bc     1         <internal>:(.debug_str)
       0        0       50     1 .debug_addr
       0        0       18     1         /work/fixtures/bin/arm-llvm/thumbv6m/O2/overlap/overlap.o:(.debug_addr)
      18       18       28     1         /work/fixtures/bin/arm-llvm/thumbv6m/O2/overlap/support.o:(.debug_addr)
      40       40       10     1         /work/fixtures/bin/arm-llvm/thumbv6m/O2/overlap/vectors.o:(.debug_addr)
       0        0       3e     1 .comment
       0        0       3e     1         <internal>:(.comment)
       0        0       45     1 .ARM.attributes
       0        0       45     1         /work/fixtures/bin/arm-llvm/thumbv6m/O2/overlap/overlap.o:(.ARM.attributes)
       0        0       f8     4 .debug_frame
       0        0       24     4         /work/fixtures/bin/arm-llvm/thumbv6m/O2/overlap/overlap.o:(.debug_frame)
      24       24       a4     4         /work/fixtures/bin/arm-llvm/thumbv6m/O2/overlap/support.o:(.debug_frame)
      c8       c8       30     4         /work/fixtures/bin/arm-llvm/thumbv6m/O2/overlap/vectors.o:(.debug_frame)
       0        0      231     1 .debug_line
       0        0       6a     1         /work/fixtures/bin/arm-llvm/thumbv6m/O2/overlap/overlap.o:(.debug_line)
      6a       6a      170     1         /work/fixtures/bin/arm-llvm/thumbv6m/O2/overlap/support.o:(.debug_line)
     1da      1da       57     1         /work/fixtures/bin/arm-llvm/thumbv6m/O2/overlap/vectors.o:(.debug_line)
       0        0       4f     1 .debug_line_str
       0        0       4f     1         <internal>:(.debug_line_str)
       0        0      178     1 .debug_loclists
       0        0      178     1         /work/fixtures/bin/arm-llvm/thumbv6m/O2/overlap/support.o:(.debug_loclists)
       0        0       26     1 .debug_rnglists
       0        0       26     1         /work/fixtures/bin/arm-llvm/thumbv6m/O2/overlap/support.o:(.debug_rnglists)
       0        0       e0     4 .symtab
       0        0       e0     4         <internal>:(.symtab)
       0        0       f6     1 .shstrtab
       0        0       f6     1         <internal>:(.shstrtab)
       0        0       80     1 .strtab
       0        0       80     1         <internal>:(.strtab)
