
Discarded input sections

 .text          0x00000000        0x0 /work/fixtures/bin/arm-none-eabi-gcc/thumbv6m/O2/opaque/opaque.o
 .data          0x00000000        0x0 /work/fixtures/bin/arm-none-eabi-gcc/thumbv6m/O2/opaque/opaque.o
 .bss           0x00000000        0x0 /work/fixtures/bin/arm-none-eabi-gcc/thumbv6m/O2/opaque/opaque.o
 .text          0x00000000        0x0 /work/fixtures/bin/arm-none-eabi-gcc/thumbv6m/O2/opaque/support.o
 .data          0x00000000        0x0 /work/fixtures/bin/arm-none-eabi-gcc/thumbv6m/O2/opaque/support.o
 .bss           0x00000000        0x0 /work/fixtures/bin/arm-none-eabi-gcc/thumbv6m/O2/opaque/support.o
 .text.memset   0x00000000       0x14 /work/fixtures/bin/arm-none-eabi-gcc/thumbv6m/O2/opaque/support.o
 .text.memcpy   0x00000000       0x14 /work/fixtures/bin/arm-none-eabi-gcc/thumbv6m/O2/opaque/support.o
 .text.__cxa_pure_virtual
                0x00000000        0x4 /work/fixtures/bin/arm-none-eabi-gcc/thumbv6m/O2/opaque/support.o
 .text.__aeabi_atexit
                0x00000000        0x4 /work/fixtures/bin/arm-none-eabi-gcc/thumbv6m/O2/opaque/support.o
 .text.__cxa_atexit
                0x00000000        0x4 /work/fixtures/bin/arm-none-eabi-gcc/thumbv6m/O2/opaque/support.o
 .text._ZdlPv   0x00000000        0x4 /work/fixtures/bin/arm-none-eabi-gcc/thumbv6m/O2/opaque/support.o
 .text._ZdlPvj  0x00000000        0x4 /work/fixtures/bin/arm-none-eabi-gcc/thumbv6m/O2/opaque/support.o
 .bss.__dso_handle
                0x00000000        0x4 /work/fixtures/bin/arm-none-eabi-gcc/thumbv6m/O2/opaque/support.o
 .debug_info    0x00000000      0x201 /work/fixtures/bin/arm-none-eabi-gcc/thumbv6m/O2/opaque/support.o
 .debug_abbrev  0x00000000      0x125 /work/fixtures/bin/arm-none-eabi-gcc/thumbv6m/O2/opaque/support.o
 .debug_loclists
                0x00000000      0x14d /work/fixtures/bin/arm-none-eabi-gcc/thumbv6m/O2/opaque/support.o
 .debug_aranges
                0x00000000       0x50 /work/fixtures/bin/arm-none-eabi-gcc/thumbv6m/O2/opaque/support.o
 .debug_rnglists
                0x00000000       0x37 /work/fixtures/bin/arm-none-eabi-gcc/thumbv6m/O2/opaque/support.o
 .debug_line    0x00000000      0x159 /work/fixtures/bin/arm-none-eabi-gcc/thumbv6m/O2/opaque/support.o
 .debug_str     0x00000000      0x199 /work/fixtures/bin/arm-none-eabi-gcc/thumbv6m/O2/opaque/support.o
 .comment       0x00000000       0x27 /work/fixtures/bin/arm-none-eabi-gcc/thumbv6m/O2/opaque/support.o
 .debug_frame   0x00000000       0x88 /work/fixtures/bin/arm-none-eabi-gcc/thumbv6m/O2/opaque/support.o
 .ARM.attributes
                0x00000000       0x2c /work/fixtures/bin/arm-none-eabi-gcc/thumbv6m/O2/opaque/support.o
 .text          0x00000000        0x0 /work/fixtures/bin/arm-none-eabi-gcc/thumbv6m/O2/opaque/vectors.o
 .data          0x00000000        0x0 /work/fixtures/bin/arm-none-eabi-gcc/thumbv6m/O2/opaque/vectors.o
 .bss           0x00000000        0x0 /work/fixtures/bin/arm-none-eabi-gcc/thumbv6m/O2/opaque/vectors.o

Memory Configuration

Name             Origin             Length             Attributes
FLASH            0x08000000         0x00100000         xr
RAM              0x20000000         0x00030000         xrw
*default*        0x00000000         0xffffffff

Linker script and memory map

LOAD /work/fixtures/bin/arm-none-eabi-gcc/thumbv6m/O2/opaque/opaque.o
LOAD /work/fixtures/bin/arm-none-eabi-gcc/thumbv6m/O2/opaque/support.o
LOAD /work/fixtures/bin/arm-none-eabi-gcc/thumbv6m/O2/opaque/vectors.o
LOAD /usr/lib/gcc/arm-none-eabi/14.2.1/thumb/v6-m/nofp/libgcc.a
                0x20030000                        __stack_top = (ORIGIN (RAM) + LENGTH (RAM))

.isr_vector     0x08000000        0x8
 *(.isr_vector)
 .isr_vector    0x08000000        0x8 /work/fixtures/bin/arm-none-eabi-gcc/thumbv6m/O2/opaque/vectors.o
                0x08000000                vector_table

.text           0x08000008       0x24
 *(.text .text.*)
 .text.startup.main
                0x08000008       0x1c /work/fixtures/bin/arm-none-eabi-gcc/thumbv6m/O2/opaque/opaque.o
                0x08000008                main
 .text.reset_handler
                0x08000024        0x8 /work/fixtures/bin/arm-none-eabi-gcc/thumbv6m/O2/opaque/vectors.o
                0x08000024                reset_handler

.glue_7         0x0800002c        0x0
 .glue_7        0x0800002c        0x0 linker stubs

.glue_7t        0x0800002c        0x0
 .glue_7t       0x0800002c        0x0 linker stubs

.vfp11_veneer   0x0800002c        0x0
 .vfp11_veneer  0x0800002c        0x0 linker stubs

.v4_bx          0x0800002c        0x0
 .v4_bx         0x0800002c        0x0 linker stubs

.iplt           0x0800002c        0x0
 .iplt          0x0800002c        0x0 /work/fixtures/bin/arm-none-eabi-gcc/thumbv6m/O2/opaque/opaque.o

.rodata
 *(.rodata .rodata.*)

.note.gnu.build-id
                0x0800002c       0x24
 .note.gnu.build-id
                0x0800002c       0x24 linker stubs

.rel.dyn        0x08000050        0x0
 .rel.iplt      0x08000050        0x0 /work/fixtures/bin/arm-none-eabi-gcc/thumbv6m/O2/opaque/opaque.o

.ARM.exidx
 *(.ARM.exidx*)

.data
 *(.data .data.*)

.igot.plt       0x20000000        0x0 load address 0x08000050
 .igot.plt      0x20000000        0x0 /work/fixtures/bin/arm-none-eabi-gcc/thumbv6m/O2/opaque/opaque.o

.bss            0x20000000        0x8 load address 0x08000050
 *(.bss .bss.* COMMON)
 .bss.g_defined
                0x20000000        0x4 /work/fixtures/bin/arm-none-eabi-gcc/thumbv6m/O2/opaque/opaque.o
                0x20000000                g_defined
 .bss.g_opaque  0x20000004        0x4 /work/fixtures/bin/arm-none-eabi-gcc/thumbv6m/O2/opaque/opaque.o
                0x20000004                g_opaque

.noinit
 *(.noinit .noinit.*)
OUTPUT(/work/fixtures/bin/arm-none-eabi-gcc/thumbv6m/O2/opaque/opaque elf32-littlearm)
LOAD linker stubs

.debug_info     0x00000000      0x127
 .debug_info    0x00000000       0x86 /work/fixtures/bin/arm-none-eabi-gcc/thumbv6m/O2/opaque/opaque.o
 .debug_info    0x00000086       0xa1 /work/fixtures/bin/arm-none-eabi-gcc/thumbv6m/O2/opaque/vectors.o

.debug_abbrev   0x00000000      0x133
 .debug_abbrev  0x00000000       0x83 /work/fixtures/bin/arm-none-eabi-gcc/thumbv6m/O2/opaque/opaque.o
 .debug_abbrev  0x00000083       0xb0 /work/fixtures/bin/arm-none-eabi-gcc/thumbv6m/O2/opaque/vectors.o

.debug_aranges  0x00000000       0x40
 .debug_aranges
                0x00000000       0x20 /work/fixtures/bin/arm-none-eabi-gcc/thumbv6m/O2/opaque/opaque.o
 .debug_aranges
                0x00000020       0x20 /work/fixtures/bin/arm-none-eabi-gcc/thumbv6m/O2/opaque/vectors.o

.debug_rnglists
                0x00000000       0x26
 .debug_rnglists
                0x00000000       0x13 /work/fixtures/bin/arm-none-eabi-gcc/thumbv6m/O2/opaque/opaque.o
 .debug_rnglists
                0x00000013       0x13 /work/fixtures/bin/arm-none-eabi-gcc/thumbv6m/O2/opaque/vectors.o

.debug_line     0x00000000       0xb6
 .debug_line    0x00000000       0x5a /work/fixtures/bin/arm-none-eabi-gcc/thumbv6m/O2/opaque/opaque.o
 .debug_line    0x0000005a       0x5c /work/fixtures/bin/arm-none-eabi-gcc/thumbv6m/O2/opaque/vectors.o

.debug_str      0x00000000      0x134
 .debug_str     0x00000000      0x134 /work/fixtures/bin/arm-none-eabi-gcc/thumbv6m/O2/opaque/opaque.o
                                 0xdf (size before relaxing)
 .debug_str     0x00000134      0x102 /work/fixtures/bin/arm-none-eabi-gcc/thumbv6m/O2/opaque/vectors.o

.comment        0x00000000       0x26
 .comment       0x00000000       0x26 /work/fixtures/bin/arm-none-eabi-gcc/thumbv6m/O2/opaque/opaque.o
                                 0x27 (size before relaxing)
 .comment       0x00000026       0x27 /work/fixtures/bin/arm-none-eabi-gcc/thumbv6m/O2/opaque/vectors.o

.ARM.attributes
                0x00000000       0x2c
 .ARM.attributes
                0x00000000       0x2c /work/fixtures/bin/arm-none-eabi-gcc/thumbv6m/O2/opaque/opaque.o
 .ARM.attributes
                0x0000002c       0x2c /work/fixtures/bin/arm-none-eabi-gcc/thumbv6m/O2/opaque/vectors.o

.debug_frame    0x00000000       0x48
 .debug_frame   0x00000000       0x20 /work/fixtures/bin/arm-none-eabi-gcc/thumbv6m/O2/opaque/opaque.o
 .debug_frame   0x00000020       0x28 /work/fixtures/bin/arm-none-eabi-gcc/thumbv6m/O2/opaque/vectors.o
