     VMA      LMA     Size Align Out     In      Symbol
       0        0        0     1 __stack_top = ORIGIN ( RAM ) + LENGTH ( RAM )
 8000000  8000000        8     4 .isr_vector
 8000000  8000000        8     4         /work/fixtures/bin/arm-llvm/thumbv6m/O0/padding/vectors.o:(.isr_vector)
 8000000  8000000        8     1                 vector_table
 8000008  8000008       34     4 .text
 8000008  8000008       28     4         /work/fixtures/bin/arm-llvm/thumbv6m/O0/padding/padding.o:(.text.main)
 8000008  8000008        0     1                 $t
 8000009  8000009       28     1                 main
 8000024  8000024        0     1                 $d
 8000030  8000030        c     2         /work/fixtures/bin/arm-llvm/thumbv6m/O0/padding/vectors.o:(.text.reset_handler)
 8000030  8000030        0     1                 $t
 8000031  8000031        c     1                 reset_handler
 800003c  800003c       10     4 .ARM.exidx
 800003c  800003c       10     4         <internal>:(.ARM.exidx)
 800004c  800004c       24     4 .note.gnu.build-id
 800004c  800004c       24     4         <internal>:(.note.gnu.build-id)
20000000 20000000       78     8 .bss
20000000 20000000       18     8         /work/fixtures/bin/arm-llvm/thumbv6m/O0/padding/padding.o:(.bss.g_packet)
20000000 20000000       18     1                 g_packet
20000018 20000018       10     8         /work/fixtures/bin/arm-llvm/thumbv6m/O0/padding/padding.o:(.bss.g_packet_reordered)
20000018 20000018       10     1                 g_packet_reordered
20000028 20000028       50     8         /work/fixtures/bin/arm-llvm/thumbv6m/O0/padding/padding.o:(.bss.g_cache_straddle)
20000028 20000028       50     1                 g_cache_straddle
       0        0      1ce     1 .debug_abbrev
       0        0       91     1         /work/fixtures/bin/arm-llvm/thumbv6m/O0/padding/padding.o:(.debug_abbrev)
      91       91       cf     1         /work/fixtures/bin/arm-llvm/thumbv6m/O0/padding/support.o:(.debug_abbrev)
     160      160       6e     1         /work/fixtures/bin/arm-llvm/thumbv6m/O0/padding/vectors.o:(.debug_abbrev)
       0        0      2e6     1 .debug_info
       0        0      106     1         /work/fixtures/bin/arm-llvm/thumbv6m/O0/padding/padding.o:(.debug_info)
     106      106      18b     1         /work/fixtures/bin/arm-llvm/thumbv6m/O0/padding/support.o:(.debug_info)
     291      291       55     1         /work/fixtures/bin/arm-llvm/thumbv6m/O0/padding/vectors.o:(.debug_info)
       0        0       f0     1 .debug_str_offsets
       0        0       6c     1         /work/fixtures/bin/arm-llvm/thumbv6m/O0/padding/padding.o:(.debug_str_offsets)
      6c       6c       64     1         /work/fixtures/bin/arm-llvm/thumbv6m/O0/padding/support.o:(.debug_str_offsets)
      d0       d0       20     1         /work/fixtures/bin/arm-llvm/thumbv6m/O0/padding/vectors.o:(.debug_str_offsets)
       0        0      1e8     1 .debug_str
       0        0      1e8     1         <internal>:(.debug_str)
       0        0       54     1 .debug_addr
       0        0       1c     1         /work/fixtures/bin/arm-llvm/thumbv6m/O0/padding/padding.o:(.debug_addr)
      1c       1c       28     1         /work/fixtures/bin/arm-llvm/thumbv6m/O0/padding/support.o:(.debug_addr)
      44       44       10     1         /work/fixtures/bin/arm-llvm/thumbv6m/O0/padding/vectors.o:(.debug_addr)
       0        0       3e     1 .comment
       0        0       3e     1         <internal>:(.comment)
       0        0       45     1 .ARM.attributes
       0        0       45     1         /work/fixtures/bin/arm-llvm/thumbv6m/O0/padding/padding.o:(.ARM.attributes)
       0        0       f4     4 .debug_frame
       0        0       28     4         /work/fixtures/bin/arm-llvm/thumbv6m/O0/padding/padding.o:(.debug_frame)
      28       28       9c     4         /work/fixtures/bin/arm-llvm/thumbv6m/O0/padding/support.o:(.debug_frame)
      c4       c4       30     4         /work/fixtures/bin/arm-llvm/thumbv6m/O0/padding/vectors.o:(.debug_frame)
       0        0      1f4     1 .debug_line
       0        0       6f     1         /work/fixtures/bin/arm-llvm/thumbv6m/O0/padding/padding.o:(.debug_line)
      6f       6f      12c     1         /work/fixtures/bin/arm-llvm/thumbv6m/O0/padding/support.o:(.debug_line)
     19b      19b       59     1         /work/fixtures/bin/arm-llvm/thumbv6m/O0/padding/vectors.o:(.debug_line)
       0        0       4f     1 .debug_line_str
       0        0       4f     1         <internal>:(.debug_line_str)
       0        0       26     1 .debug_rnglists
       0        0       26     1         /work/fixtures/bin/arm-llvm/thumbv6m/O0/padding/support.o:(.debug_rnglists)
       0        0       e0     4 .symtab
       0        0       e0     4         <internal>:(.symtab)
       0        0       e6     1 .shstrtab
       0        0       e6     1         <internal>:(.shstrtab)
       0        0       85     1 .strtab
       0        0       85     1         <internal>:(.strtab)
