             VMA              LMA     Size Align Out     In      Symbol
             2a8              2a8       1c     1 .interp
             2a8              2a8       1c     1         <internal>:(.interp)
             2c4              2c4       20     4 .note.ABI-tag
             2c4              2c4       20     4         /lib/x86_64-linux-gnu/Scrt1.o:(.note.ABI-tag)
             2c4              2c4       20     1                 __abi_tag
             2e4              2e4       24     4 .note.gnu.build-id
             2e4              2e4       24     4         <internal>:(.note.gnu.build-id)
             308              308       90     8 .dynsym
             308              308       90     8         <internal>:(.dynsym)
             398              398        c     2 .gnu.version
             398              398        c     2         <internal>:(.gnu.version)
             3a4              3a4       30     4 .gnu.version_r
             3a4              3a4       30     4         <internal>:(.gnu.version_r)
             3d8              3d8       1c     8 .gnu.hash
             3d8              3d8       1c     8         <internal>:(.gnu.hash)
             3f4              3f4       af     1 .dynstr
             3f4              3f4       af     1         <internal>:(.dynstr)
             4a8              4a8       c0     8 .rela.dyn
             4a8              4a8       c0     8         <internal>:(.rela.dyn)
             568              568       18     8 .rela.plt
             568              568       18     8         <internal>:(.rela.plt)
             580              580        4     4 .rodata
             580              580        4     4         <internal>:(.rodata.cst4)
             584              584       2c     4 .eh_frame_hdr
             584              584       2c     4         <internal>:(.eh_frame_hdr)
             5b0              5b0       a8     8 .eh_frame
             5b0              5b0       2c     1         /lib/x86_64-linux-gnu/Scrt1.o:(.eh_frame+0x0)
             5dc              5dc       58     1         /work/fixtures/bin/linux-clang/x86_64/O0/odr_conflict/a.o:(.eh_frame+0x0)
             634              634       20     1         /work/fixtures/bin/linux-clang/x86_64/O0/odr_conflict/b.o:(.eh_frame+0x18)
            1660             1660      154    16 .text
            1660             1660       22    16         /lib/x86_64-linux-gnu/Scrt1.o:(.text)
            1660             1660       22     1                 _start
            1682             1682        0     1         /lib/x86_64-linux-gnu/crti.o:(.text)
            1690             1690       b9    16         /usr/lib/gcc/x86_64-linux-gnu/14/crtbeginS.o:(.text)
            1690             1690        0     1                 deregister_tm_clones
            16c0             16c0        0     1                 register_tm_clones
            1700             1700        0     1                 __do_global_dtors_aux
            1740             1740        0     1                 frame_dummy
            174c             174c        0     4         /work/fixtures/bin/linux-clang/x86_64/O0/odr_conflict/a.o:(.text)
            1750             1750       17    16         /work/fixtures/bin/linux-clang/x86_64/O0/odr_conflict/a.o:(.text._Z14config_scale_av)
            1750             1750       17     1                 config_scale_a()
            1770             1770       29    16         /work/fixtures/bin/linux-clang/x86_64/O0/odr_conflict/a.o:(.text.main)
            1770             1770       29     1                 main
            179c             179c        0     4         /work/fixtures/bin/linux-clang/x86_64/O0/odr_conflict/b.o:(.text)
            17a0             17a0       14    16         /work/fixtures/bin/linux-clang/x86_64/O0/odr_conflict/b.o:(.text._Z14config_scale_bv)
            17a0             17a0       14     1                 config_scale_b()
            17b4             17b4        0     1         /usr/lib/gcc/x86_64-linux-gnu/14/crtendS.o:(.text)
            17b4             17b4        0     1         /lib/x86_64-linux-gnu/crtn.o:(.text)
            17b4             17b4       17     4 .init
            17b4             17b4       12     4         /lib/x86_64-linux-gnu/crti.o:(.init)
            17b4             17b4        0     1                 _init
            17c6             17c6        5     1         /lib/x86_64-linux-gnu/crtn.o:(.init)
            17cc             17cc        9     4 .fini
            17cc             17cc        4     4         /lib/x86_64-linux-gnu/crti.o:(.fini)
            17cc             17cc        0     1                 _fini
            17d0             17d0        5     1         /lib/x86_64-linux-gnu/crtn.o:(.fini)
            17e0             17e0       20    16 .plt
            17e0             17e0       20    16         <internal>:(.plt)
            2800             2800        8     8 .fini_array
            2800             2800        8     8         /usr/lib/gcc/x86_64-linux-gnu/14/crtbeginS.o:(.fini_array)
            2800             2800        0     1                 __do_global_dtors_aux_fini_array_entry
            2808             2808        8     8 .init_array
            2808             2808        8     8         /usr/lib/gcc/x86_64-linux-gnu/14/crtbeginS.o:(.init_array)
            2808             2808        0     1                 __frame_dummy_init_array_entry
            2810             2810      1d0     8 .dynamic
            2810             2810      1d0     8         <internal>:(.dynamic)
            29e0             29e0       28     8 .got
            29e0             29e0       28     8         <internal>:(.got)
            2a08             2a08      5f8     1 .relro_padding
            2a08             2a08        0     1         <internal>:(.relro_padding)
            3a08             3a08       10     8 .data
            3a08             3a08        4     1         /lib/x86_64-linux-gnu/Scrt1.o:(.data)
            3a08             3a08        0     1                 data_start
            3a08             3a08        0     1                 __data_start
            3a0c             3a0c        0     1         /lib/x86_64-linux-gnu/crti.o:(.data)
            3a0c             3a0c        0     1         /usr/lib/gcc/x86_64-linux-gnu/14/crtbeginS.o:(.data)
            3a10             3a10        8     8         /usr/lib/gcc/x86_64-linux-gnu/14/crtbeginS.o:(.data.rel.local)
            3a10             3a10        0     1                 __dso_handle
            3a18             3a18        0     1         /usr/lib/gcc/x86_64-linux-gnu/14/crtendS.o:(.data)
            3a18             3a18        0     1         /lib/x86_64-linux-gnu/crtn.o:(.data)
            3a18             3a18        0     8 .tm_clone_table
            3a18             3a18        0     8         /usr/lib/gcc/x86_64-linux-gnu/14/crtbeginS.o:(.tm_clone_table)
            3a18             3a18        0     1                 __TMC_LIST__
            3a18             3a18        0     8         /usr/lib/gcc/x86_64-linux-gnu/14/crtendS.o:(.tm_clone_table)
            3a18             3a18        0     1                 __TMC_END__
            3a18             3a18       20     8 .got.plt
            3a18             3a18       20     8         <internal>:(.got.plt)
            3a38             3a38       38     8 .bss
            3a38             3a38        0     1         /lib/x86_64-linux-gnu/Scrt1.o:(.bss)
            3a38             3a38        0     1         /lib/x86_64-linux-gnu/crti.o:(.bss)
            3a38             3a38        1     1         /usr/lib/gcc/x86_64-linux-gnu/14/crtbeginS.o:(.bss)
            3a38             3a38        1     1                 completed.0
            3a40             3a40       20     8         /work/fixtures/bin/linux-clang/x86_64/O0/odr_conflict/a.o:(.bss.g_config_a)
            3a40             3a40       20     1                 g_config_a
            3a60             3a60       10     8         /work/fixtures/bin/linux-clang/x86_64/O0/odr_conflict/b.o:(.bss.g_config_b)
            3a60             3a60       10     1                 g_config_b
            3a70             3a70        0     1         /usr/lib/gcc/x86_64-linux-gnu/14/crtendS.o:(.bss)
            3a70             3a70        0     1         /lib/x86_64-linux-gnu/crtn.o:(.bss)
               0                0       5d     1 .comment
               0                0       5d     1         <internal>:(.comment)
               0                0      104     1 .debug_abbrev
               0                0       9b     1         /work/fixtures/bin/linux-clang/x86_64/O0/odr_conflict/a.o:(.debug_abbrev)
              9b               9b       69     1         /work/fixtures/bin/linux-clang/x86_64/O0/odr_conflict/b.o:(.debug_abbrev)
               0                0       f4     1 .debug_info
               0                0       94     1         /work/fixtures/bin/linux-clang/x86_64/O0/odr_conflict/a.o:(.debug_info)
              94               94       60     1         /work/fixtures/bin/linux-clang/x86_64/O0/odr_conflict/b.o:(.debug_info)
               0                0       17     1 .debug_rnglists
               0                0       17     1         /work/fixtures/bin/linux-clang/x86_64/O0/odr_conflict/a.o:(.debug_rnglists)
               0                0       78     1 .debug_str_offsets
               0                0       44     1         /work/fixtures/bin/linux-clang/x86_64/O0/odr_conflict/a.o:(.debug_str_offsets)
              44               44       34     1         /work/fixtures/bin/linux-clang/x86_64/O0/odr_conflict/b.o:(.debug_str_offsets)
               0                0       f3     1 .debug_str
               0                0       f3     1         <internal>:(.debug_str)
               0                0       38     1 .debug_addr
               0                0       20     1         /work/fixtures/bin/linux-clang/x86_64/O0/odr_conflict/a.o:(.debug_addr)
              20               20       18     1         /work/fixtures/bin/linux-clang/x86_64/O0/odr_conflict/b.o:(.debug_addr)
               0                0      11d     1 .debug_line
               0                0       a2     1         /work/fixtures/bin/linux-clang/x86_64/O0/odr_conflict/a.o:(.debug_line)
              a2               a2       7b     1         /work/fixtures/bin/linux-clang/x86_64/O0/odr_conflict/b.o:(.debug_line)
               0                0       53     1 .debug_line_str
               0                0       53     1         <internal>:(.debug_line_str)
               0                0      348     8 .symtab
               0                0      348     8         <internal>:(.symtab)
               0                0      197     1 .shstrtab
               0                0      197     1         <internal>:(.shstrtab)
               0                0      1ff     1 .strtab
               0                0      1ff     1         <internal>:(.strtab)
