     VMA      LMA     Size Align Out     In      Symbol
       0        0        0     1 __stack_top = ORIGIN ( RAM ) + LENGTH ( RAM )
 8000000  8000000        8     4 .isr_vector
 8000000  8000000        8     4         /work/fixtures/bin/arm-llvm/thumbv8m/O2/padding/vectors.o:(.isr_vector)
 8000000  8000000        8     1                 vector_table
 8000008  8000008       32     4 .text
 8000008  8000008       26     4         /work/fixtures/bin/arm-llvm/thumbv8m/O2/padding/padding.o:(.text.main)
 8000008  8000008        0     1                 $t
 8000009  8000009       26     1                 main
 8000030  8000030        a     4         /work/fixtures/bin/arm-llvm/thumbv8m/O2/padding/vectors.o:(.text.reset_handler)
 8000030  8000030        0     1                 $t
 8000031  8000031        a     1                 reset_handler
 800003c  800003c       10     4 .ARM.exidx
 800003c  800003c       10     4         <internal>:(.ARM.exidx)
 800004c  800004c       24     4 .note.gnu.build-id
 800004c  800004c       24     4         <internal>:(.note.gnu.build-id)
20000000 20000000       78     8 .bss
20000000 20000000       18     8         /work/fixtures/bin/arm-llvm/thumbv8m/O2/padding/padding.o:(.bss.g_packet)
20000000 20000000       18     1                 g_packet
20000018 20000018       10     8         /work/fixtures/bin/arm-llvm/thumbv8m/O2/padding/padding.o:(.bss.g_packet_reordered)
20000018 20000018       10     1                 g_packet_reordered
20000028 20000028       50     8         /work/fixtures/bin/arm-llvm/thumbv8m/O2/padding/padding.o:(.bss.g_cache_straddle)
20000028 20000028       50     1                 g_cache_straddle
       0        0      1f7     1 .debug_abbrev
       0        0       93     1         /work/fixtures/bin/arm-llvm/thumbv8m/O2/padding/padding.o:(.debug_abbrev)
      93       93       f4     1         /work/fixtures/bin/arm-llvm/thumbv8m/O2/padding/support.o:(.debug_abbrev)
     187      187       70     1         /work/fixtures/bin/arm-llvm/thumbv8m/O2/padding/vectors.o:(.debug_abbrev)
       0        0      2d0     1 .debug_info
       0        0      106     1         /work/fixtures/bin/arm-llvm/thumbv8m/O2/padding/padding.o:(.debug_info)
     106      106      175     1         /work/fixtures/bin/arm-llvm/thumbv8m/O2/padding/support.o:(.debug_info)
     27b      27b       55     1         /work/fixtures/bin/arm-llvm/thumbv8m/O2/padding/vectors.o:(.debug_info)
       0        0       f0     1 .debug_str_offsets
       0        0       6c     1         /work/fixtures/bin/arm-llvm/thumbv8m/O2/padding/padding.o:(.debug_str_offsets)
      6c       6c       64     1         /work/fixtures/bin/arm-llvm/thumbv8m/O2/padding/support.o:(.debug_str_offsets)
      d0       d0       20     1         /work/fixtures/bin/arm-llvm/thumbv8m/O2/padding/vectors.o:(.debug_str_offsets)
       0        0      1e8     1 .debug_str
       0        0      1e8     1         <internal>:(.debug_str)
       0        0       54     1 .debug_addr
       0        0       1c     1         /work/fixtures/bin/arm-llvm/thumbv8m/O2/padding/padding.o:(.debug_addr)
      1c       1c       28     1         /work/fixtures/bin/arm-llvm/thumbv8m/O2/padding/support.o:(.debug_addr)
      44       44       10     1         /work/fixtures/bin/arm-llvm/thumbv8m/O2/padding/vectors.o:(.debug_addr)
       0        0       3e     1 .comment
       0        0       3e     1         <internal>:(.comment)
       0        0       44     1 .ARM.attributes
       0        0       44     1         /work/fixtures/bin/arm-llvm/thumbv8m/O2/padding/padding.o:(.ARM.attributes)
       0        0       f4     4 .debug_frame
       0        0       24     4         /work/fixtures/bin/arm-llvm/thumbv8m/O2/padding/padding.o:(.debug_frame)
      24       24       a0     4         /work/fixtures/bin/arm-llvm/thumbv8m/O2/padding/support.o:(.debug_frame)
      c4       c4       30     4         /work/fixtures/bin/arm-llvm/thumbv8m/O2/padding/vectors.o:(.debug_frame)
       0        0      245     1 .debug_line
       0        0       79     1         /work/fixtures/bin/arm-llvm/thumbv8m/O2/padding/padding.o:(.debug_line)
      79       79      175     1         /work/fixtures/bin/arm-llvm/thumbv8m/O2/padding/support.o:(.debug_line)
     1ee      1ee       57     1         /work/fixtures/bin/arm-llvm/thumbv8m/O2/padding/vectors.o:(.debug_line)
       0        0       4f     1 .debug_line_str
       0        0       4f     1         <internal>:(.debug_line_str)
       0        0      154     1 .debug_loclists
       0        0      154     1         /work/fixtures/bin/arm-llvm/thumbv8m/O2/padding/support.o:(.debug_loclists)
       0        0       27     1 .debug_rnglists
       0        0       27     1         /work/fixtures/bin/arm-llvm/thumbv8m/O2/padding/support.o:(.debug_rnglists)
       0        0       d0     4 .symtab
       0        0       d0     4         <internal>:(.symtab)
       0        0       f6     1 .shstrtab
       0        0       f6     1         <internal>:(.shstrtab)
       0        0       82     1 .strtab
       0        0       82     1         <internal>:(.strtab)
