             VMA              LMA     Size Align Out     In      Symbol
             2a8              2a8       1b     1 .interp
             2a8              2a8       1b     1         <internal>:(.interp)
             2c4              2c4       20     4 .note.ABI-tag
             2c4              2c4       20     4         /usr/lib/gcc-cross/aarch64-linux-gnu/14/../../../../aarch64-linux-gnu/lib/Scrt1.o:(.note.ABI-tag)
             2c4              2c4        0     1                 $d
             2c4              2c4       20     1                 __abi_tag
             2e4              2e4       74     4 .note.package
             2e4              2e4       74     4         /usr/lib/gcc-cross/aarch64-linux-gnu/14/../../../../aarch64-linux-gnu/lib/Scrt1.o:(.note.package)
             358              358       24     4 .note.gnu.build-id
             358              358       24     4         <internal>:(.note.gnu.build-id)
             380              380       a8     8 .dynsym
             380              380       a8     8         <internal>:(.dynsym)
             428              428        e     2 .gnu.version
             428              428        e     2         <internal>:(.gnu.version)
             438              438       30     4 .gnu.version_r
             438              438       30     4         <internal>:(.gnu.version_r)
             468              468       1c     8 .gnu.hash
             468              468       1c     8         <internal>:(.gnu.hash)
             484              484       8d     1 .dynstr
             484              484       8d     1         <internal>:(.dynstr)
             518              518       c0     8 .rela.dyn
             518              518       c0     8         <internal>:(.rela.dyn)
             5d8              5d8       60     8 .rela.plt
             5d8              5d8       60     8         <internal>:(.rela.plt)
             638              638        4     4 .rodata
             638              638        4     4         <internal>:(.rodata.cst4)
             63c              63c       3c     4 .eh_frame_hdr
             63c              63c       3c     4         <internal>:(.eh_frame_hdr)
             678              678       c0     8 .eh_frame
             678              678       28     1         /usr/lib/gcc-cross/aarch64-linux-gnu/14/../../../../aarch64-linux-gnu/lib/Scrt1.o:(.eh_frame+0x0)
             6a0              6a0       64     1         /usr/lib/gcc-cross/aarch64-linux-gnu/14/crtbeginS.o:(.eh_frame+0x14)
             704              704       30     1         /work/fixtures/bin/linux-clang/aarch64/O0/c_types/c_types.o:(.eh_frame+0x0)
           10740            10740      178    64 .text
           10740            10740       34    64         /usr/lib/gcc-cross/aarch64-linux-gnu/14/../../../../aarch64-linux-gnu/lib/Scrt1.o:(.text)
           10740            10740        0     1                 $x
           10740            10740       34     1                 _start
           10774            10774       14     4         /usr/lib/gcc-cross/aarch64-linux-gnu/14/../../../../aarch64-linux-gnu/lib/crti.o:(.text)
           10774            10774        0     1                 $x
           10774            10774       14     1                 call_weak_fn
           107a0            107a0       c8    32         /usr/lib/gcc-cross/aarch64-linux-gnu/14/crtbeginS.o:(.text)
           107a0            107a0        0     1                 $x
           107a0            107a0        0     1                 deregister_tm_clones
           107d0            107d0        0     1                 register_tm_clones
           1080c            1080c        0     1                 __do_global_dtors_aux
           10860            10860        0     1                 frame_dummy
           10868            10868        0     4         /work/fixtures/bin/linux-clang/aarch64/O0/c_types/c_types.o:(.text)
           10868            10868       50     4         /work/fixtures/bin/linux-clang/aarch64/O0/c_types/c_types.o:(.text.main)
           10868            10868        0     1                 $x
           10868            10868       50     1                 main
           108b8            108b8        0     1         /usr/lib/gcc-cross/aarch64-linux-gnu/14/crtendS.o:(.text)
           108b8            108b8        0     1         /usr/lib/gcc-cross/aarch64-linux-gnu/14/../../../../aarch64-linux-gnu/lib/crtn.o:(.text)
           108b8            108b8       1c     4 .init
           108b8            108b8       10     4         /usr/lib/gcc-cross/aarch64-linux-gnu/14/../../../../aarch64-linux-gnu/lib/crti.o:(.init)
           108b8            108b8        0     1                 $x
           108b8            108b8        0     1                 _init
           108c8            108c8        c     4         /usr/lib/gcc-cross/aarch64-linux-gnu/14/../../../../aarch64-linux-gnu/lib/crtn.o:(.init)
           108c8            108c8        0     1                 $x
           108d4            108d4       18     4 .fini
           108d4            108d4        c     4         /usr/lib/gcc-cross/aarch64-linux-gnu/14/../../../../aarch64-linux-gnu/lib/crti.o:(.fini)
           108d4            108d4        0     1                 $x
           108d4            108d4        0     1                 _fini
           108e0            108e0        c     4         /usr/lib/gcc-cross/aarch64-linux-gnu/14/../../../../aarch64-linux-gnu/lib/crtn.o:(.fini)
           108e0            108e0        0     1                 $x
           108f0            108f0       60    16 .plt
           108f0            108f0       60    16         <internal>:(.plt)
           20950            20950        8     8 .fini_array
           20950            20950        8     8         /usr/lib/gcc-cross/aarch64-linux-gnu/14/crtbeginS.o:(.fini_array)
           20950            20950        0     1                 $d
           20950            20950        0     1                 __do_global_dtors_aux_fini_array_entry
           20958            20958        8     8 .init_array
           20958            20958        8     8         /usr/lib/gcc-cross/aarch64-linux-gnu/14/crtbeginS.o:(.init_array)
           20958            20958        0     1                 $d
           20958            20958        0     1                 __frame_dummy_init_array_entry
           20960            20960      1a0     8 .dynamic
           20960            20960      1a0     8         <internal>:(.dynamic)
           20b00            20b00       28     8 .got
           20b00            20b00       28     8         <internal>:(.got)
           20b28            20b28      4d8     1 .relro_padding
           20b28            20b28        0     1         <internal>:(.relro_padding)
           30b28            30b28       10     8 .data
           30b28            30b28        4     1         /usr/lib/gcc-cross/aarch64-linux-gnu/14/../../../../aarch64-linux-gnu/lib/Scrt1.o:(.data)
           30b28            30b28        0     1                 data_start
           30b28            30b28        0     1                 __data_start
           30b2c            30b2c        0     1         /usr/lib/gcc-cross/aarch64-linux-gnu/14/../../../../aarch64-linux-gnu/lib/crti.o:(.data)
           30b2c            30b2c        0     1         /usr/lib/gcc-cross/aarch64-linux-gnu/14/crtbeginS.o:(.data)
           30b30            30b30        8     8         /usr/lib/gcc-cross/aarch64-linux-gnu/14/crtbeginS.o:(.data.rel.local)
           30b30            30b30        0     1                 $d
           30b30            30b30        0     1                 __dso_handle
           30b38            30b38        0     1         /usr/lib/gcc-cross/aarch64-linux-gnu/14/crtendS.o:(.data)
           30b38            30b38        0     1         /usr/lib/gcc-cross/aarch64-linux-gnu/14/../../../../aarch64-linux-gnu/lib/crtn.o:(.data)
           30b38            30b38        0     8 .tm_clone_table
           30b38            30b38        0     8         /usr/lib/gcc-cross/aarch64-linux-gnu/14/crtbeginS.o:(.tm_clone_table)
           30b38            30b38        0     1                 __TMC_LIST__
           30b38            30b38        0     8         /usr/lib/gcc-cross/aarch64-linux-gnu/14/crtendS.o:(.tm_clone_table)
           30b38            30b38        0     1                 __TMC_END__
           30b38            30b38       38     8 .got.plt
           30b38            30b38       38     8         <internal>:(.got.plt)
           30b70            30b70       28     8 .bss
           30b70            30b70        0     1         /usr/lib/gcc-cross/aarch64-linux-gnu/14/../../../../aarch64-linux-gnu/lib/Scrt1.o:(.bss)
           30b70            30b70        0     1         /usr/lib/gcc-cross/aarch64-linux-gnu/14/../../../../aarch64-linux-gnu/lib/crti.o:(.bss)
           30b70            30b70        1     1         /usr/lib/gcc-cross/aarch64-linux-gnu/14/crtbeginS.o:(.bss)
           30b70            30b70        1     1                 completed.0
           30b70            30b70        0     1                 $d
           30b74            30b74        c     4         /work/fixtures/bin/linux-clang/aarch64/O0/c_types/c_types.o:(.bss.g_point)
           30b74            30b74        0     1                 $d
           30b74            30b74        c     1                 g_point
           30b80            30b80        8     8         /work/fixtures/bin/linux-clang/aarch64/O0/c_types/c_types.o:(.bss.g_number)
           30b80            30b80        0     1                 $d
           30b80            30b80        8     1                 g_number
           30b88            30b88        4     4         /work/fixtures/bin/linux-clang/aarch64/O0/c_types/c_types.o:(.bss.g_color)
           30b88            30b88        0     1                 $d
           30b88            30b88        4     1                 g_color
           30b90            30b90        8     8         /work/fixtures/bin/linux-clang/aarch64/O0/c_types/c_types.o:(.bss.g_message)
           30b90            30b90        0     1                 $d
           30b90            30b90        8     1                 g_message
           30b98            30b98        0     1         /usr/lib/gcc-cross/aarch64-linux-gnu/14/crtendS.o:(.bss)
           30b98            30b98        0     1         /usr/lib/gcc-cross/aarch64-linux-gnu/14/../../../../aarch64-linux-gnu/lib/crtn.o:(.bss)
               0                0       5d     1 .comment
               0                0       5d     1         <internal>:(.comment)
               0                0       ac     1 .debug_abbrev
               0                0       ac     1         /work/fixtures/bin/linux-clang/aarch64/O0/c_types/c_types.o:(.debug_abbrev)
               0                0        0     1                 $d
               0                0       fd     1 .debug_info
               0                0       fd     1         /work/fixtures/bin/linux-clang/aarch64/O0/c_types/c_types.o:(.debug_info)
               0                0        0     1                 $d
               0                0       80     1 .debug_str_offsets
               0                0       80     1         /work/fixtures/bin/linux-clang/aarch64/O0/c_types/c_types.o:(.debug_str_offsets)
               0                0        0     1                 $d
               0                0       ed     1 .debug_str
               0                0       ed     1         <internal>:(.debug_str)
               0                0       30     1 .debug_addr
               0                0       30     1         /work/fixtures/bin/linux-clang/aarch64/O0/c_types/c_types.o:(.debug_addr)
               0                0        0     1                 $d
               0                0       73     1 .debug_line
               0                0       73     1         /work/fixtures/bin/linux-clang/aarch64/O0/c_types/c_types.o:(.debug_line)
               0                0        0     1                 $d
               0                0       13     1 .debug_line_str
               0                0       13     1         <internal>:(.debug_line_str)
               0                0      618     8 .symtab
               0                0      618     8         <internal>:(.symtab)
               0                0      195     1 .shstrtab
               0                0      195     1         <internal>:(.shstrtab)
               0                0      239     1 .strtab
               0                0      239     1         <internal>:(.strtab)
