             VMA              LMA     Size Align Out     In      Symbol
             2a8              2a8       1c     1 .interp
             2a8              2a8       1c     1         <internal>:(.interp)
             2c4              2c4       20     4 .note.ABI-tag
             2c4              2c4       20     4         /lib/x86_64-linux-gnu/Scrt1.o:(.note.ABI-tag)
             2c4              2c4       20     1                 __abi_tag
             2e4              2e4       24     4 .note.gnu.build-id
             2e4              2e4       24     4         <internal>:(.note.gnu.build-id)
             308              308       90     8 .dynsym
             308              308       90     8         <internal>:(.dynsym)
             398              398        c     2 .gnu.version
             398              398        c     2         <internal>:(.gnu.version)
             3a4              3a4       30     4 .gnu.version_r
             3a4              3a4       30     4         <internal>:(.gnu.version_r)
             3d8              3d8       1c     8 .gnu.hash
             3d8              3d8       1c     8         <internal>:(.gnu.hash)
             3f4              3f4       88     1 .dynstr
             3f4              3f4       88     1         <internal>:(.dynstr)
             480              480       c0     8 .rela.dyn
             480              480       c0     8         <internal>:(.rela.dyn)
             540              540       18     8 .rela.plt
             540              540       18     8         <internal>:(.rela.plt)
             558              558        4     4 .rodata
             558              558        4     4         <internal>:(.rodata.cst4)
             55c              55c       1c     4 .eh_frame_hdr
             55c              55c       1c     4         <internal>:(.eh_frame_hdr)
             578              578       68     8 .eh_frame
             578              578       2c     1         /lib/x86_64-linux-gnu/Scrt1.o:(.eh_frame+0x0)
             5a4              5a4       38     1         /work/fixtures/bin/linux-clang/x86_64/O0/opaque/opaque.o:(.eh_frame+0x0)
            15e0             15e0      11d    16 .text
            15e0             15e0       22    16         /lib/x86_64-linux-gnu/Scrt1.o:(.text)
            15e0             15e0       22     1                 _start
            1602             1602        0     1         /lib/x86_64-linux-gnu/crti.o:(.text)
            1610             1610       b9    16         /usr/lib/gcc/x86_64-linux-gnu/14/crtbeginS.o:(.text)
            1610             1610        0     1                 deregister_tm_clones
            1640             1640        0     1                 register_tm_clones
            1680             1680        0     1                 __do_global_dtors_aux
            16c0             16c0        0     1                 frame_dummy
            16cc             16cc        0     4         /work/fixtures/bin/linux-clang/x86_64/O0/opaque/opaque.o:(.text)
            16d0             16d0       2d    16         /work/fixtures/bin/linux-clang/x86_64/O0/opaque/opaque.o:(.text.main)
            16d0             16d0       2d     1                 main
            16fd             16fd        0     1         /usr/lib/gcc/x86_64-linux-gnu/14/crtendS.o:(.text)
            16fd             16fd        0     1         /lib/x86_64-linux-gnu/crtn.o:(.text)
            1700             1700       17     4 .init
            1700             1700       12     4         /lib/x86_64-linux-gnu/crti.o:(.init)
            1700             1700        0     1                 _init
            1712             1712        5     1         /lib/x86_64-linux-gnu/crtn.o:(.init)
            1718             1718        9     4 .fini
            1718             1718        4     4         /lib/x86_64-linux-gnu/crti.o:(.fini)
            1718             1718        0     1                 _fini
            171c             171c        5     1         /lib/x86_64-linux-gnu/crtn.o:(.fini)
            1730             1730       20    16 .plt
            1730             1730       20    16         <internal>:(.plt)
            2750             2750        8     8 .fini_array
            2750             2750        8     8         /usr/lib/gcc/x86_64-linux-gnu/14/crtbeginS.o:(.fini_array)
            2750             2750        0     1                 __do_global_dtors_aux_fini_array_entry
            2758             2758        8     8 .init_array
            2758             2758        8     8         /usr/lib/gcc/x86_64-linux-gnu/14/crtbeginS.o:(.init_array)
            2758             2758        0     1                 __frame_dummy_init_array_entry
            2760             2760      1a0     8 .dynamic
            2760             2760      1a0     8         <internal>:(.dynamic)
            2900             2900       28     8 .got
            2900             2900       28     8         <internal>:(.got)
            2928             2928      6d8     1 .relro_padding
            2928             2928        0     1         <internal>:(.relro_padding)
            3928             3928       10     8 .data
            3928             3928        4     1         /lib/x86_64-linux-gnu/Scrt1.o:(.data)
            3928             3928        0     1                 data_start
            3928             3928        0     1                 __data_start
            392c             392c        0     1         /lib/x86_64-linux-gnu/crti.o:(.data)
            392c             392c        0     1         /usr/lib/gcc/x86_64-linux-gnu/14/crtbeginS.o:(.data)
            3930             3930        8     8         /usr/lib/gcc/x86_64-linux-gnu/14/crtbeginS.o:(.data.rel.local)
            3930             3930        0     1                 __dso_handle
            3938             3938        0     1         /usr/lib/gcc/x86_64-linux-gnu/14/crtendS.o:(.data)
            3938             3938        0     1         /lib/x86_64-linux-gnu/crtn.o:(.data)
            3938             3938        0     8 .tm_clone_table
            3938             3938        0     8         /usr/lib/gcc/x86_64-linux-gnu/14/crtbeginS.o:(.tm_clone_table)
            3938             3938        0     1                 __TMC_LIST__
            3938             3938        0     8         /usr/lib/gcc/x86_64-linux-gnu/14/crtendS.o:(.tm_clone_table)
            3938             3938        0     1                 __TMC_END__
            3938             3938       20     8 .got.plt
            3938             3938       20     8         <internal>:(.got.plt)
            3958             3958       14     8 .bss
            3958             3958        0     1         /lib/x86_64-linux-gnu/Scrt1.o:(.bss)
            3958             3958        0     1         /lib/x86_64-linux-gnu/crti.o:(.bss)
            3958             3958        1     1         /usr/lib/gcc/x86_64-linux-gnu/14/crtbeginS.o:(.bss)
            3958             3958        1     1                 completed.0
            3960             3960        8     8         /work/fixtures/bin/linux-clang/x86_64/O0/opaque/opaque.o:(.bss.g_opaque)
            3960             3960        8     1                 g_opaque
            3968             3968        4     4         /work/fixtures/bin/linux-clang/x86_64/O0/opaque/opaque.o:(.bss.g_defined)
            3968             3968        4     1                 g_defined
            396c             396c        0     1         /usr/lib/gcc/x86_64-linux-gnu/14/crtendS.o:(.bss)
            396c             396c        0     1         /lib/x86_64-linux-gnu/crtn.o:(.bss)
               0                0       5d     1 .comment
               0                0       5d     1         <internal>:(.comment)
               0                0       77     1 .debug_abbrev
               0                0       77     1         /work/fixtures/bin/linux-clang/x86_64/O0/opaque/opaque.o:(.debug_abbrev)
               0                0       63     1 .debug_info
               0                0       63     1         /work/fixtures/bin/linux-clang/x86_64/O0/opaque/opaque.o:(.debug_info)
               0                0       30     1 .debug_str_offsets
               0                0       30     1         /work/fixtures/bin/linux-clang/x86_64/O0/opaque/opaque.o:(.debug_str_offsets)
               0                0       62     1 .debug_str
               0                0       62     1         <internal>:(.debug_str)
               0                0       20     1 .debug_addr
               0                0       20     1         /work/fixtures/bin/linux-clang/x86_64/O0/opaque/opaque.o:(.debug_addr)
               0                0       6a     1 .debug_line
               0                0       6a     1         /work/fixtures/bin/linux-clang/x86_64/O0/opaque/opaque.o:(.debug_line)
               0                0       12     1 .debug_line_str
               0                0       12     1         <internal>:(.debug_line_str)
               0                0      300     8 .symtab
               0                0      300     8         <internal>:(.symtab)
               0                0      187     1 .shstrtab
               0                0      187     1         <internal>:(.shstrtab)
               0                0      1d1     1 .strtab
               0                0      1d1     1         <internal>:(.strtab)
