     VMA      LMA     Size Align Out     In      Symbol
       0        0        0     1 __stack_top = ORIGIN ( RAM ) + LENGTH ( RAM )
 8000000  8000000        8     4 .isr_vector
 8000000  8000000        8     4         /work/fixtures/bin/arm-llvm/thumbv6m/O0/opaque/vectors.o:(.isr_vector)
 8000000  8000000        8     1                 vector_table
 8000008  8000008       38     4 .text
 8000008  8000008       2c     4         /work/fixtures/bin/arm-llvm/thumbv6m/O0/opaque/opaque.o:(.text.main)
 8000008  8000008        0     1                 $t
 8000009  8000009       2c     1                 main
 800002c  800002c        0     1                 $d
 8000034  8000034        c     2         /work/fixtures/bin/arm-llvm/thumbv6m/O0/opaque/vectors.o:(.text.reset_handler)
 8000034  8000034        0     1                 $t
 8000035  8000035        c     1                 reset_handler
 8000040  8000040       10     4 .ARM.exidx
 8000040  8000040       10     4         <internal>:(.ARM.exidx)
 8000050  8000050       24     4 .note.gnu.build-id
 8000050  8000050       24     4         <internal>:(.note.gnu.build-id)
20000000 20000000        8     4 .bss
20000000 20000000        4     4         /work/fixtures/bin/arm-llvm/thumbv6m/O0/opaque/opaque.o:(.bss.g_opaque)
20000000 20000000        4     1                 g_opaque
20000004 20000004        4     4         /work/fixtures/bin/arm-llvm/thumbv6m/O0/opaque/opaque.o:(.bss.g_defined)
20000004 20000004        4     1                 g_defined
       0        0      1b4     1 .debug_abbrev
       0        0       77     1         /work/fixtures/bin/arm-llvm/thumbv6m/O0/opaque/opaque.o:(.debug_abbrev)
      77       77       cf     1         /work/fixtures/bin/arm-llvm/thumbv6m/O0/opaque/support.o:(.debug_abbrev)
     146      146       6e     1         /work/fixtures/bin/arm-llvm/thumbv6m/O0/opaque/vectors.o:(.debug_abbrev)
       0        0      243     1 .debug_info
       0        0       63     1         /work/fixtures/bin/arm-llvm/thumbv6m/O0/opaque/opaque.o:(.debug_info)
      63       63      18b     1         /work/fixtures/bin/arm-llvm/thumbv6m/O0/opaque/support.o:(.debug_info)
     1ee      1ee       55     1         /work/fixtures/bin/arm-llvm/thumbv6m/O0/opaque/vectors.o:(.debug_info)
       0        0       b4     1 .debug_str_offsets
       0        0       30     1         /work/fixtures/bin/arm-llvm/thumbv6m/O0/opaque/opaque.o:(.debug_str_offsets)
      30       30       64     1         /work/fixtures/bin/arm-llvm/thumbv6m/O0/opaque/support.o:(.debug_str_offsets)
      94       94       20     1         /work/fixtures/bin/arm-llvm/thumbv6m/O0/opaque/vectors.o:(.debug_str_offsets)
       0        0      16f     1 .debug_str
       0        0      16f     1         <internal>:(.debug_str)
       0        0       4c     1 .debug_addr
       0        0       14     1         /work/fixtures/bin/arm-llvm/thumbv6m/O0/opaque/opaque.o:(.debug_addr)
      14       14       28     1         /work/fixtures/bin/arm-llvm/thumbv6m/O0/opaque/support.o:(.debug_addr)
      3c       3c       10     1         /work/fixtures/bin/arm-llvm/thumbv6m/O0/opaque/vectors.o:(.debug_addr)
       0        0       3e     1 .comment
       0        0       3e     1         <internal>:(.comment)
       0        0       45     1 .ARM.attributes
       0        0       45     1         /work/fixtures/bin/arm-llvm/thumbv6m/O0/opaque/opaque.o:(.ARM.attributes)
       0        0       f4     4 .debug_frame
       0        0       28     4         /work/fixtures/bin/arm-llvm/thumbv6m/O0/opaque/opaque.o:(.debug_frame)
      28       28       9c     4         /work/fixtures/bin/arm-llvm/thumbv6m/O0/opaque/support.o:(.debug_frame)
      c4       c4       30     4         /work/fixtures/bin/arm-llvm/thumbv6m/O0/opaque/vectors.o:(.debug_frame)
       0        0      1f1     1 .debug_line
       0        0       6c     1         /work/fixtures/bin/arm-llvm/thumbv6m/O0/opaque/opaque.o:(.debug_line)
      6c       6c      12c     1         /work/fixtures/bin/arm-llvm/thumbv6m/O0/opaque/support.o:(.debug_line)
     198      198       59     1         /work/fixtures/bin/arm-llvm/thumbv6m/O0/opaque/vectors.o:(.debug_line)
       0        0       4c     1 .debug_line_str
       0        0       4c     1         <internal>:(.debug_line_str)
       0        0       26     1 .debug_rnglists
       0        0       26     1         /work/fixtures/bin/arm-llvm/thumbv6m/O0/opaque/support.o:(.debug_rnglists)
       0        0       d0     4 .symtab
       0        0       d0     4         <internal>:(.symtab)
       0        0       e6     1 .shstrtab
       0        0       e6     1         <internal>:(.shstrtab)
       0        0       68     1 .strtab
       0        0       68     1         <internal>:(.strtab)
