
Merging program properties

Updated property 0xc0000000 (0x3) to merge /usr/lib/gcc-cross/aarch64-linux-gnu/14/../../../../aarch64-linux-gnu/lib/../lib/Scrt1.o (0x3) and /usr/lib/gcc-cross/aarch64-linux-gnu/14/../../../../aarch64-linux-gnu/lib/../lib/crti.o (0x7)
Removed property 0xc0000000 to merge /usr/lib/gcc-cross/aarch64-linux-gnu/14/../../../../aarch64-linux-gnu/lib/../lib/Scrt1.o (0x3) and /work/fixtures/bin/linux-gcc/aarch64/O0/templates/templates.o (not found)
Removed property 0xc0000000 to merge /usr/lib/gcc-cross/aarch64-linux-gnu/14/../../../../aarch64-linux-gnu/lib/../lib/Scrt1.o (not found) and /usr/lib/gcc-cross/aarch64-linux-gnu/14/crtendS.o (0x3)
Removed property 0xc0000000 to merge /usr/lib/gcc-cross/aarch64-linux-gnu/14/../../../../aarch64-linux-gnu/lib/../lib/Scrt1.o (not found) and /usr/lib/gcc-cross/aarch64-linux-gnu/14/../../../../aarch64-linux-gnu/lib/../lib/crtn.o (0x7)

As-needed library included to satisfy reference by file (symbol)

libc.so.6                     /usr/lib/gcc-cross/aarch64-linux-gnu/14/../../../../aarch64-linux-gnu/lib/../lib/Scrt1.o (__libc_start_main@@GLIBC_2.34)

Discarded input sections

 .note.gnu.property
                0x0000000000000000       0x20 /usr/lib/gcc-cross/aarch64-linux-gnu/14/../../../../aarch64-linux-gnu/lib/../lib/Scrt1.o
 .note.gnu.property
                0x0000000000000000       0x20 /usr/lib/gcc-cross/aarch64-linux-gnu/14/../../../../aarch64-linux-gnu/lib/../lib/crti.o
 .note.gnu.property
                0x0000000000000000       0x20 /usr/lib/gcc-cross/aarch64-linux-gnu/14/crtbeginS.o
 .note.gnu.property
                0x0000000000000000       0x20 /usr/lib/gcc-cross/aarch64-linux-gnu/14/crtendS.o
 .note.gnu.property
                0x0000000000000000       0x20 /usr/lib/gcc-cross/aarch64-linux-gnu/14/../../../../aarch64-linux-gnu/lib/../lib/crtn.o

Memory Configuration

Name             Origin             Length             Attributes
*default*        0x0000000000000000 0xffffffffffffffff

Linker script and memory map

LOAD /usr/lib/gcc-cross/aarch64-linux-gnu/14/../../../../aarch64-linux-gnu/lib/../lib/Scrt1.o
LOAD /usr/lib/gcc-cross/aarch64-linux-gnu/14/../../../../aarch64-linux-gnu/lib/../lib/crti.o
LOAD /usr/lib/gcc-cross/aarch64-linux-gnu/14/crtbeginS.o
LOAD /work/fixtures/bin/linux-gcc/aarch64/O0/templates/templates.o
LOAD /usr/lib/gcc-cross/aarch64-linux-gnu/14/libstdc++.so
LOAD /usr/lib/gcc-cross/aarch64-linux-gnu/14/../../../../aarch64-linux-gnu/lib/../lib/libm.so
START GROUP
LOAD /usr/aarch64-linux-gnu/lib/libm.so.6
LOAD /usr/aarch64-linux-gnu/lib/libmvec.so.1
END GROUP
LOAD /usr/lib/gcc-cross/aarch64-linux-gnu/14/libgcc_s.so
START GROUP
LOAD /usr/lib/gcc-cross/aarch64-linux-gnu/14/../../../../aarch64-linux-gnu/lib/../lib/libgcc_s.so.1
LOAD /usr/lib/gcc-cross/aarch64-linux-gnu/14/libgcc.a
END GROUP
LOAD /usr/lib/gcc-cross/aarch64-linux-gnu/14/libgcc.a
LOAD /usr/lib/gcc-cross/aarch64-linux-gnu/14/../../../../aarch64-linux-gnu/lib/../lib/libc.so
START GROUP
LOAD /usr/aarch64-linux-gnu/lib/libc.so.6
LOAD /usr/aarch64-linux-gnu/lib/libc_nonshared.a
LOAD /usr/aarch64-linux-gnu/lib/ld-linux-aarch64.so.1
END GROUP
LOAD /usr/lib/gcc-cross/aarch64-linux-gnu/14/libgcc_s.so
START GROUP
LOAD /usr/lib/gcc-cross/aarch64-linux-gnu/14/../../../../aarch64-linux-gnu/lib/../lib/libgcc_s.so.1
LOAD /usr/lib/gcc-cross/aarch64-linux-gnu/14/libgcc.a
END GROUP
LOAD /usr/lib/gcc-cross/aarch64-linux-gnu/14/libgcc.a
LOAD /usr/lib/gcc-cross/aarch64-linux-gnu/14/crtendS.o
LOAD /usr/lib/gcc-cross/aarch64-linux-gnu/14/../../../../aarch64-linux-gnu/lib/../lib/crtn.o
                [!provide]                        PROVIDE (__executable_start = SEGMENT_START ("text-segment", 0x0))
                0x0000000000000270                . = (SEGMENT_START ("text-segment", 0x0) + SIZEOF_HEADERS)

.note.gnu.build-id
                0x0000000000000270       0x24
 *(.note.gnu.build-id)
 .note.gnu.build-id
                0x0000000000000270       0x24 /usr/lib/gcc-cross/aarch64-linux-gnu/14/../../../../aarch64-linux-gnu/lib/../lib/Scrt1.o

.interp         0x0000000000000294       0x1b
 *(.interp)
 .interp        0x0000000000000294       0x1b /usr/lib/gcc-cross/aarch64-linux-gnu/14/../../../../aarch64-linux-gnu/lib/../lib/Scrt1.o

.hash
 *(.hash)

.gnu.hash       0x00000000000002b0       0x1c
 *(.gnu.hash)
 .gnu.hash      0x00000000000002b0       0x1c /usr/lib/gcc-cross/aarch64-linux-gnu/14/../../../../aarch64-linux-gnu/lib/../lib/Scrt1.o

.dynsym         0x00000000000002d0       0xd8
 *(.dynsym)
 .dynsym        0x00000000000002d0       0xd8 /usr/lib/gcc-cross/aarch64-linux-gnu/14/../../../../aarch64-linux-gnu/lib/../lib/Scrt1.o

.dynstr         0x00000000000003a8       0x8d
 *(.dynstr)
 .dynstr        0x00000000000003a8       0x8d /usr/lib/gcc-cross/aarch64-linux-gnu/14/../../../../aarch64-linux-gnu/lib/../lib/Scrt1.o

.gnu.version    0x0000000000000436       0x12
 *(.gnu.version)
 .gnu.version   0x0000000000000436       0x12 /usr/lib/gcc-cross/aarch64-linux-gnu/14/../../../../aarch64-linux-gnu/lib/../lib/Scrt1.o

.gnu.version_d  0x0000000000000448        0x0
 *(.gnu.version_d)
 .gnu.version_d
                0x0000000000000448        0x0 /usr/lib/gcc-cross/aarch64-linux-gnu/14/../../../../aarch64-linux-gnu/lib/../lib/Scrt1.o

.gnu.version_r  0x0000000000000448       0x30
 *(.gnu.version_r)
 .gnu.version_r
                0x0000000000000448       0x30 /usr/lib/gcc-cross/aarch64-linux-gnu/14/../../../../aarch64-linux-gnu/lib/../lib/Scrt1.o

.rela.dyn       0x0000000000000478       0xc0
 *(.rela.init)
 *(.rela.text .rela.text.* .rela.gnu.linkonce.t.*)
 *(.rela.fini)
 *(.rela.rodata .rela.rodata.* .rela.gnu.linkonce.r.*)
 *(.rela.data .rela.data.* .rela.gnu.linkonce.d.*)
 .rela.data.rel.ro
                0x0000000000000478        0x0 /usr/lib/gcc-cross/aarch64-linux-gnu/14/../../../../aarch64-linux-gnu/lib/../lib/Scrt1.o
 .rela.data.rel.local
                0x0000000000000478       0x18 /usr/lib/gcc-cross/aarch64-linux-gnu/14/../../../../aarch64-linux-gnu/lib/../lib/Scrt1.o
 *(.rela.tdata .rela.tdata.* .rela.gnu.linkonce.td.*)
 *(.rela.tbss .rela.tbss.* .rela.gnu.linkonce.tb.*)
 *(.rela.ctors)
 *(.rela.dtors)
 *(.rela.got)
 .rela.got      0x0000000000000490       0x78 /usr/lib/gcc-cross/aarch64-linux-gnu/14/../../../../aarch64-linux-gnu/lib/../lib/Scrt1.o
 *(.rela.bss .rela.bss.* .rela.gnu.linkonce.b.*)
 .rela.bss      0x0000000000000508        0x0 /usr/lib/gcc-cross/aarch64-linux-gnu/14/../../../../aarch64-linux-gnu/lib/../lib/Scrt1.o
 *(.rela.ifunc)
 .rela.ifunc    0x0000000000000508        0x0 /usr/lib/gcc-cross/aarch64-linux-gnu/14/../../../../aarch64-linux-gnu/lib/../lib/Scrt1.o
 .rela.fini_array
                0x0000000000000508       0x18 /usr/lib/gcc-cross/aarch64-linux-gnu/14/../../../../aarch64-linux-gnu/lib/../lib/Scrt1.o
 .rela.init_array
                0x0000000000000520       0x18 /usr/lib/gcc-cross/aarch64-linux-gnu/14/../../../../aarch64-linux-gnu/lib/../lib/Scrt1.o

.rela.plt       0x0000000000000538       0x60
 *(.rela.plt)
 .rela.plt      0x0000000000000538       0x60 /usr/lib/gcc-cross/aarch64-linux-gnu/14/../../../../aarch64-linux-gnu/lib/../lib/Scrt1.o
 *(.rela.iplt)

.relr.dyn
 *(.relr.dyn)

.init           0x0000000000000598       0x1c
 *(SORT_NONE(.init))
 .init          0x0000000000000598       0x10 /usr/lib/gcc-cross/aarch64-linux-gnu/14/../../../../aarch64-linux-gnu/lib/../lib/crti.o
                0x0000000000000598                _init
 .init          0x00000000000005a8        0xc /usr/lib/gcc-cross/aarch64-linux-gnu/14/../../../../aarch64-linux-gnu/lib/../lib/crtn.o

.plt            0x00000000000005c0       0x60
 *(.plt)
 .plt           0x00000000000005c0       0x60 /usr/lib/gcc-cross/aarch64-linux-gnu/14/../../../../aarch64-linux-gnu/lib/../lib/Scrt1.o
 *(.iplt)

.text           0x0000000000000640      0x15c
 *(.text.unlikely .text.*_unlikely .text.unlikely.*)
 *(.text.exit .text.exit.*)
 *(.text.startup .text.startup.*)
 *(.text.hot .text.hot.*)
 *(SORT_BY_NAME(.text.sorted.*))
 *(.text .stub .text.* .gnu.linkonce.t.*)
 .text          0x0000000000000640       0x34 /usr/lib/gcc-cross/aarch64-linux-gnu/14/../../../../aarch64-linux-gnu/lib/../lib/Scrt1.o
                0x0000000000000640                _start
 .text          0x0000000000000674       0x14 /usr/lib/gcc-cross/aarch64-linux-gnu/14/../../../../aarch64-linux-gnu/lib/../lib/crti.o
 *fill*         0x0000000000000688       0x18 1f2003d5
 .text          0x00000000000006a0       0xc8 /usr/lib/gcc-cross/aarch64-linux-gnu/14/crtbeginS.o
 .text          0x0000000000000768        0x0 /work/fixtures/bin/linux-gcc/aarch64/O0/templates/templates.o
 .text.main     0x0000000000000768       0x34 /work/fixtures/bin/linux-gcc/aarch64/O0/templates/templates.o
                0x0000000000000768                main
 .text          0x000000000000079c        0x0 /usr/lib/gcc-cross/aarch64-linux-gnu/14/crtendS.o
 .text          0x000000000000079c        0x0 /usr/lib/gcc-cross/aarch64-linux-gnu/14/../../../../aarch64-linux-gnu/lib/../lib/crtn.o
 *(.gnu.warning)

.fini           0x000000000000079c       0x18
 *(SORT_NONE(.fini))
 .fini          0x000000000000079c        0xc /usr/lib/gcc-cross/aarch64-linux-gnu/14/../../../../aarch64-linux-gnu/lib/../lib/crti.o
                0x000000000000079c                _fini
 .fini          0x00000000000007a8        0xc /usr/lib/gcc-cross/aarch64-linux-gnu/14/../../../../aarch64-linux-gnu/lib/../lib/crtn.o
                [!provide]                        PROVIDE (__etext = .)
                [!provide]                        PROVIDE (_etext = .)
                [!provide]                        PROVIDE (etext = .)

.rodata         0x00000000000007b4        0x4
 *(.rodata .rodata.* .gnu.linkonce.r.*)
 .rodata.cst4   0x00000000000007b4        0x4 /usr/lib/gcc-cross/aarch64-linux-gnu/14/../../../../aarch64-linux-gnu/lib/../lib/Scrt1.o
                0x00000000000007b4                _IO_stdin_used

.rodata1
 *(.rodata1)

.eh_frame_hdr   0x00000000000007b8       0x3c
 *(.eh_frame_hdr)
 .eh_frame_hdr  0x00000000000007b8       0x3c /usr/lib/gcc-cross/aarch64-linux-gnu/14/../../../../aarch64-linux-gnu/lib/../lib/Scrt1.o
                0x00000000000007b8                __GNU_EH_FRAME_HDR
 *(.eh_frame_entry .eh_frame_entry.*)

.eh_frame       0x00000000000007f8       0xa8
 *(.eh_frame)
 .eh_frame      0x00000000000007f8       0x28 /usr/lib/gcc-cross/aarch64-linux-gnu/14/../../../../aarch64-linux-gnu/lib/../lib/Scrt1.o
 .eh_frame      0x0000000000000820       0x68 /usr/lib/gcc-cross/aarch64-linux-gnu/14/crtbeginS.o
                                         0x78 (size before relaxing)
 .eh_frame      0x0000000000000888       0x14 /work/fixtures/bin/linux-gcc/aarch64/O0/templates/templates.o
                                         0x28 (size before relaxing)
 .eh_frame      0x000000000000089c        0x4 /usr/lib/gcc-cross/aarch64-linux-gnu/14/crtendS.o
 *(.eh_frame.*)

.sframe
 *(.sframe)
 *(.sframe.*)

.gcc_except_table
 *(.gcc_except_table .gcc_except_table.*)

.gnu_extab
 *(.gnu_extab*)

.exception_ranges
 *(.exception_ranges*)

.note.build-id
 *(.note.build-id)

.note.GNU-stack
                0x00000000000008a0        0x0
 *(.note.GNU-stack)
 .note.GNU-stack
                0x00000000000008a0        0x0 /usr/lib/gcc-cross/aarch64-linux-gnu/14/../../../../aarch64-linux-gnu/lib/../lib/Scrt1.o
 .note.GNU-stack
                0x00000000000008a0        0x0 /usr/lib/gcc-cross/aarch64-linux-gnu/14/../../../../aarch64-linux-gnu/lib/../lib/crti.o
 .note.GNU-stack
                0x00000000000008a0        0x0 /usr/lib/gcc-cross/aarch64-linux-gnu/14/crtbeginS.o
 .note.GNU-stack
                0x00000000000008a0        0x0 /work/fixtures/bin/linux-gcc/aarch64/O0/templates/templates.o
 .note.GNU-stack
                0x00000000000008a0        0x0 /usr/lib/gcc-cross/aarch64-linux-gnu/14/crtendS.o
 .note.GNU-stack
                0x00000000000008a0        0x0 /usr/lib/gcc-cross/aarch64-linux-gnu/14/../../../../aarch64-linux-gnu/lib/../lib/crtn.o

.note.gnu-property
 *(.note.gnu-property)

.note.ABI-tag   0x00000000000008a0       0x20
 *(.note.ABI-tag)
 .note.ABI-tag  0x00000000000008a0       0x20 /usr/lib/gcc-cross/aarch64-linux-gnu/14/../../../../aarch64-linux-gnu/lib/../lib/Scrt1.o

.note.package   0x00000000000008c0       0x74
 *(.note.package)
 .note.package  0x00000000000008c0       0x74 /usr/lib/gcc-cross/aarch64-linux-gnu/14/../../../../aarch64-linux-gnu/lib/../lib/Scrt1.o

.note.dlopen
 *(.note.dlopen)

.note.netbsd.ident
 *(.note.netbsd.ident)

.note.openbsd.ident
 *(.note.openbsd.ident)
                0x000000000001fdc8                . = DATA_SEGMENT_ALIGN (CONSTANT (MAXPAGESIZE), CONSTANT (COMMONPAGESIZE))

.eh_frame
 *(.eh_frame)
 *(.eh_frame.*)

.sframe
 *(.sframe)
 *(.sframe.*)

.gnu_extab
 *(.gnu_extab)

.gcc_except_table
 *(.gcc_except_table .gcc_except_table.*)

.exception_ranges
 *(.exception_ranges*)

.tdata          0x000000000001fdc8        0x0
                [!provide]                        PROVIDE (__tdata_start = .)
 *(.tdata .tdata.* .gnu.linkonce.td.*)

.tbss
 *(.tbss .tbss.* .gnu.linkonce.tb.*)
 *(.tcommon)

.preinit_array  0x000000000001fdc8        0x0
                [!provide]                        PROVIDE (__preinit_array_start = .)
 *(.preinit_array)
                [!provide]                        PROVIDE (__preinit_array_end = .)

.init_array     0x000000000001fdc8        0x8
                [!provide]                        PROVIDE (__init_array_start = .)
 *(SORT_BY_INIT_PRIORITY(.init_array.*) SORT_BY_INIT_PRIORITY(.ctors.*))
 *(.init_array EXCLUDE_FILE(*crtend?.o *crtend.o *crtbegin?.o *crtbegin.o) .ctors)
 .init_array    0x000000000001fdc8        0x8 /usr/lib/gcc-cross/aarch64-linux-gnu/14/crtbeginS.o
                [!provide]                        PROVIDE (__init_array_end = .)

.fini_array     0x000000000001fdd0        0x8
                [!provide]                        PROVIDE (__fini_array_start = .)
 *(SORT_BY_INIT_PRIORITY(.fini_array.*) SORT_BY_INIT_PRIORITY(.dtors.*))
 *(.fini_array EXCLUDE_FILE(*crtend?.o *crtend.o *crtbegin?.o *crtbegin.o) .dtors)
 .fini_array    0x000000000001fdd0        0x8 /usr/lib/gcc-cross/aarch64-linux-gnu/14/crtbeginS.o
                [!provide]                        PROVIDE (__fini_array_end = .)

.ctors
 *crtbegin.o(.ctors)
 *crtbegin?.o(.ctors)
 *(EXCLUDE_FILE(*crtend?.o *crtend.o) .ctors)
 *(SORT_BY_NAME(.ctors.*))
 *(.ctors)

.dtors
 *crtbegin.o(.dtors)
 *crtbegin?.o(.dtors)
 *(EXCLUDE_FILE(*crtend?.o *crtend.o) .dtors)
 *(SORT_BY_NAME(.dtors.*))
 *(.dtors)

.jcr
 *(.jcr)

.data.rel.ro    0x000000000001fdd8        0x0
 *(.data.rel.ro.local* .gnu.linkonce.d.rel.ro.local.*)
 *(.data.rel.ro .data.rel.ro.* .gnu.linkonce.d.rel.ro.*)
 .data.rel.ro   0x000000000001fdd8        0x0 /usr/lib/gcc-cross/aarch64-linux-gnu/14/../../../../aarch64-linux-gnu/lib/../lib/Scrt1.o

.dynamic        0x000000000001fdd8      0x1e0
 *(.dynamic)
 .dynamic       0x000000000001fdd8      0x1e0 /usr/lib/gcc-cross/aarch64-linux-gnu/14/../../../../aarch64-linux-gnu/lib/../lib/Scrt1.o
                0x000000000001fdd8                _DYNAMIC

.got            0x000000000001ffb8       0x30
 *(.got)
 .got           0x000000000001ffb8       0x30 /usr/lib/gcc-cross/aarch64-linux-gnu/14/../../../../aarch64-linux-gnu/lib/../lib/Scrt1.o
                0x000000000001ffb8                _GLOBAL_OFFSET_TABLE_
 *(.igot)
                0x000000000001ffe8                . = DATA_SEGMENT_RELRO_END (., 0x18)

.got.plt        0x000000000001ffe8       0x38
 *(.got.plt)
 .got.plt       0x000000000001ffe8       0x38 /usr/lib/gcc-cross/aarch64-linux-gnu/14/../../../../aarch64-linux-gnu/lib/../lib/Scrt1.o
 *(.igot.plt)

.data           0x0000000000020020       0x10
                [!provide]                        PROVIDE (__data_start = .)
 *(.data .data.* .gnu.linkonce.d.*)
 .data          0x0000000000020020        0x4 /usr/lib/gcc-cross/aarch64-linux-gnu/14/../../../../aarch64-linux-gnu/lib/../lib/Scrt1.o
                0x0000000000020020                data_start
                0x0000000000020020                __data_start
 .data          0x0000000000020024        0x0 /usr/lib/gcc-cross/aarch64-linux-gnu/14/../../../../aarch64-linux-gnu/lib/../lib/crti.o
 .data          0x0000000000020024        0x0 /usr/lib/gcc-cross/aarch64-linux-gnu/14/crtbeginS.o
 *fill*         0x0000000000020024        0x4 
 .data.rel.local
                0x0000000000020028        0x8 /usr/lib/gcc-cross/aarch64-linux-gnu/14/crtbeginS.o
                0x0000000000020028                __dso_handle
 .data          0x0000000000020030        0x0 /work/fixtures/bin/linux-gcc/aarch64/O0/templates/templates.o
 .data          0x0000000000020030        0x0 /usr/lib/gcc-cross/aarch64-linux-gnu/14/crtendS.o
 .data          0x0000000000020030        0x0 /usr/lib/gcc-cross/aarch64-linux-gnu/14/../../../../aarch64-linux-gnu/lib/../lib/crtn.o

.tm_clone_table
                0x0000000000020030        0x0
 .tm_clone_table
                0x0000000000020030        0x0 /usr/lib/gcc-cross/aarch64-linux-gnu/14/crtbeginS.o
 .tm_clone_table
                0x0000000000020030        0x0 /usr/lib/gcc-cross/aarch64-linux-gnu/14/crtendS.o

.data1
 *(.data1)
                0x0000000000020030                _edata = .
                [!provide]                        PROVIDE (edata = .)
                0x0000000000020030                . = ALIGN (ALIGNOF (NEXT_SECTION))
                0x0000000000020030                __bss_start = .
                0x0000000000020030                __bss_start__ = .

.bss            0x0000000000020030       0x40
 *(.dynbss)
 .dynbss        0x0000000000020030        0x0 /usr/lib/gcc-cross/aarch64-linux-gnu/14/../../../../aarch64-linux-gnu/lib/../lib/Scrt1.o
 *(.bss .bss.* .gnu.linkonce.b.*)
 .bss           0x0000000000020030        0x0 /usr/lib/gcc-cross/aarch64-linux-gnu/14/../../../../aarch64-linux-gnu/lib/../lib/Scrt1.o
 .bss           0x0000000000020030        0x0 /usr/lib/gcc-cross/aarch64-linux-gnu/14/../../../../aarch64-linux-gnu/lib/../lib/crti.o
 .bss           0x0000000000020030        0x1 /usr/lib/gcc-cross/aarch64-linux-gnu/14/crtbeginS.o
 .bss           0x0000000000020031        0x0 /work/fixtures/bin/linux-gcc/aarch64/O0/templates/templates.o
 *fill*         0x0000000000020031        0x7 
 .bss.g_pair_char_double
                0x0000000000020038       0x10 /work/fixtures/bin/linux-gcc/aarch64/O0/templates/templates.o
                0x0000000000020038                g_pair_char_double
 .bss.g_pair_double_char
                0x0000000000020048       0x10 /work/fixtures/bin/linux-gcc/aarch64/O0/templates/templates.o
                0x0000000000020048                g_pair_double_char
 .bss.g_small_array
                0x0000000000020058        0x8 /work/fixtures/bin/linux-gcc/aarch64/O0/templates/templates.o
                0x0000000000020058                g_small_array
 .bss.g_nested_pair
                0x0000000000020060        0xc /work/fixtures/bin/linux-gcc/aarch64/O0/templates/templates.o
                0x0000000000020060                g_nested_pair
 .bss           0x000000000002006c        0x0 /usr/lib/gcc-cross/aarch64-linux-gnu/14/crtendS.o
 .bss           0x000000000002006c        0x0 /usr/lib/gcc-cross/aarch64-linux-gnu/14/../../../../aarch64-linux-gnu/lib/../lib/crtn.o
 *(COMMON)
                0x0000000000020070                . = ALIGN ((. != 0x0)?0x8:0x1)
 *fill*         0x000000000002006c        0x4 
                0x0000000000020070                _bss_end__ = .
                0x0000000000020070                __bss_end__ = .
                0x0000000000020070                . = ALIGN (0x8)
                0x0000000000020070                . = SEGMENT_START ("ldata-segment", .)
                0x0000000000020070                . = ALIGN (0x8)
                0x0000000000020070                __end__ = .
                0x0000000000020070                _end = .
                [!provide]                        PROVIDE (end = .)
                0x0000000000020070                . = DATA_SEGMENT_END (.)

.stab
 *(.stab)

.stabstr
 *(.stabstr)

.stab.excl
 *(.stab.excl)

.stab.exclstr
 *(.stab.exclstr)

.stab.index
 *(.stab.index)

.stab.indexstr
 *(.stab.indexstr)

.comment        0x0000000000000000       0x1f
 *(.comment)
 .comment       0x0000000000000000       0x1f /usr/lib/gcc-cross/aarch64-linux-gnu/14/crtbeginS.o
                                         0x20 (size before relaxing)
 .comment       0x000000000000001f       0x20 /work/fixtures/bin/linux-gcc/aarch64/O0/templates/templates.o
 .comment       0x000000000000001f       0x20 /usr/lib/gcc-cross/aarch64-linux-gnu/14/crtendS.o

.gnu.build.attributes
 *(.gnu.build.attributes .gnu.build.attributes.*)

.debug
 *(.debug)

.line
 *(.line)

.debug_srcinfo
 *(.debug_srcinfo)

.debug_sfnames
 *(.debug_sfnames)

.debug_aranges  0x0000000000000000       0x30
 *(.debug_aranges)
 .debug_aranges
                0x0000000000000000       0x30 /work/fixtures/bin/linux-gcc/aarch64/O0/templates/templates.o

.debug_pubnames
 *(.debug_pubnames)

.debug_info     0x0000000000000000      0x1d2
 *(.debug_info .gnu.linkonce.wi.*)
 .debug_info    0x0000000000000000      0x1d2 /work/fixtures/bin/linux-gcc/aarch64/O0/templates/templates.o

.debug_abbrev   0x0000000000000000       0xa2
 *(.debug_abbrev)
 .debug_abbrev  0x0000000000000000       0xa2 /work/fixtures/bin/linux-gcc/aarch64/O0/templates/templates.o

.debug_line     0x0000000000000000       0x5e
 *(.debug_line .debug_line.* .debug_line_end)
 .debug_line    0x0000000000000000       0x5e /work/fixtures/bin/linux-gcc/aarch64/O0/templates/templates.o

.debug_frame
 *(.debug_frame)

.debug_str      0x0000000000000000      0x173
 *(.debug_str)
 .debug_str     0x0000000000000000      0x173 /work/fixtures/bin/linux-gcc/aarch64/O0/templates/templates.o
                                        0x17f (size before relaxing)

.debug_loc
 *(.debug_loc)

.debug_macinfo
 *(.debug_macinfo)

.debug_weaknames
 *(.debug_weaknames)

.debug_funcnames
 *(.debug_funcnames)

.debug_typenames
 *(.debug_typenames)

.debug_varnames
 *(.debug_varnames)

.debug_pubtypes
 *(.debug_pubtypes)

.debug_ranges
 *(.debug_ranges)

.debug_addr
 *(.debug_addr)

.debug_line_str
                0x0000000000000000       0x1e
 *(.debug_line_str)
 .debug_line_str
                0x0000000000000000       0x1e /work/fixtures/bin/linux-gcc/aarch64/O0/templates/templates.o
                                         0x3c (size before relaxing)

.debug_loclists
 *(.debug_loclists)

.debug_macro
 *(.debug_macro)

.debug_names
 *(.debug_names)

.debug_rnglists
                0x0000000000000000       0x17
 *(.debug_rnglists)
 .debug_rnglists
                0x0000000000000000       0x17 /work/fixtures/bin/linux-gcc/aarch64/O0/templates/templates.o

.debug_str_offsets
 *(.debug_str_offsets)

.debug_sup
 *(.debug_sup)

.ARM.attributes
 *(.ARM.attributes)
 *(.gnu.attributes)

.note.gnu.arm.ident
 *(.note.gnu.arm.ident)

/DISCARD/
 *(.note.GNU-stack)
 *(.gnu_debuglink)
 *(.gnu.lto_*)
 *(.gnu_object_only)
OUTPUT(/work/fixtures/bin/linux-gcc/aarch64/O0/templates/templates elf64-littleaarch64)
LOAD linker stubs
