     VMA      LMA     Size Align Out     In      Symbol
       0        0        0     1 __stack_top = ORIGIN ( RAM ) + LENGTH ( RAM )
 8000000  8000000        8     4 .isr_vector
 8000000  8000000        8     4         /work/fixtures/bin/arm-llvm/thumbv8m/O2/c_types/vectors.o:(.isr_vector)
 8000000  8000000        8     1                 vector_table
 8000008  8000008       3e     4 .text
 8000008  8000008       34     4         /work/fixtures/bin/arm-llvm/thumbv8m/O2/c_types/c_types.o:(.text.main)
 8000008  8000008        0     1                 $t
 8000009  8000009       34     1                 main
 800003c  800003c        a     4         /work/fixtures/bin/arm-llvm/thumbv8m/O2/c_types/vectors.o:(.text.reset_handler)
 800003c  800003c        0     1                 $t
 800003d  800003d        a     1                 reset_handler
 8000048  8000048       10     4 .ARM.exidx
 8000048  8000048       10     4         <internal>:(.ARM.exidx)
 8000058  8000058       24     4 .note.gnu.build-id
 8000058  8000058       24     4         <internal>:(.note.gnu.build-id)
20000000 20000000       20     8 .bss
20000000 20000000        c     4         /work/fixtures/bin/arm-llvm/thumbv8m/O2/c_types/c_types.o:(.bss.g_point)
20000000 20000000        c     1                 g_point
20000010 20000010        8     8         /work/fixtures/bin/arm-llvm/thumbv8m/O2/c_types/c_types.o:(.bss.g_number)
20000010 20000010        8     1                 g_number
20000018 20000018        4     4         /work/fixtures/bin/arm-llvm/thumbv8m/O2/c_types/c_types.o:(.bss.g_color)
20000018 20000018        4     1                 g_color
2000001c 2000001c        4     4         /work/fixtures/bin/arm-llvm/thumbv8m/O2/c_types/c_types.o:(.bss.g_message)
2000001c 2000001c        4     1                 g_message
       0        0      212     1 .debug_abbrev
       0        0       ae     1         /work/fixtures/bin/arm-llvm/thumbv8m/O2/c_types/c_types.o:(.debug_abbrev)
      ae       ae       f4     1         /work/fixtures/bin/arm-llvm/thumbv8m/O2/c_types/support.o:(.debug_abbrev)
     1a2      1a2       70     1         /work/fixtures/bin/arm-llvm/thumbv8m/O2/c_types/vectors.o:(.debug_abbrev)
       0        0      2c7     1 .debug_info
       0        0       fd     1         /work/fixtures/bin/arm-llvm/thumbv8m/O2/c_types/c_types.o:(.debug_info)
      fd       fd      175     1         /work/fixtures/bin/arm-llvm/thumbv8m/O2/c_types/support.o:(.debug_info)
     272      272       55     1         /work/fixtures/bin/arm-llvm/thumbv8m/O2/c_types/vectors.o:(.debug_info)
       0        0      104     1 .debug_str_offsets
       0        0       80     1         /work/fixtures/bin/arm-llvm/thumbv8m/O2/c_types/c_types.o:(.debug_str_offsets)
      80       80       64     1         /work/fixtures/bin/arm-llvm/thumbv8m/O2/c_types/support.o:(.debug_str_offsets)
      e4       e4       20     1         /work/fixtures/bin/arm-llvm/thumbv8m/O2/c_types/vectors.o:(.debug_str_offsets)
       0        0      1d7     1 .debug_str
       0        0      1d7     1         <internal>:(.debug_str)
       0        0       54     1 .debug_addr
       0        0       1c     1         /work/fixtures/bin/arm-llvm/thumbv8m/O2/c_types/c_types.o:(.debug_addr)
      1c       1c       28     1         /work/fixtures/bin/arm-llvm/thumbv8m/O2/c_types/support.o:(.debug_addr)
      44       44       10     1         /work/fixtures/bin/arm-llvm/thumbv8m/O2/c_types/vectors.o:(.debug_addr)
       0        0       3e     1 .comment
       0        0       3e     1         <internal>:(.comment)
       0        0       44     1 .ARM.attributes
       0        0       44     1         /work/fixtures/bin/arm-llvm/thumbv8m/O2/c_types/c_types.o:(.ARM.attributes)
       0        0       f4     4 .debug_frame
       0        0       24     4         /work/fixtures/bin/arm-llvm/thumbv8m/O2/c_types/c_types.o:(.debug_frame)
      24       24       a0     4         /work/fixtures/bin/arm-llvm/thumbv8m/O2/c_types/support.o:(.debug_frame)
      c4       c4       30     4         /work/fixtures/bin/arm-llvm/thumbv8m/O2/c_types/vectors.o:(.debug_frame)
       0        0      248     1 .debug_line
       0        0       7c     1         /work/fixtures/bin/arm-llvm/thumbv8m/O2/c_types/c_types.o:(.debug_line)
      7c       7c      175     1         /work/fixtures/bin/arm-llvm/thumbv8m/O2/c_types/support.o:(.debug_line)
     1f1      1f1       57     1         /work/fixtures/bin/arm-llvm/thumbv8m/O2/c_types/vectors.o:(.debug_line)
       0        0       4d     1 .debug_line_str
       0        0       4d     1         <internal>:(.debug_line_str)
       0        0      154     1 .debug_loclists
       0        0      154     1         /work/fixtures/bin/arm-llvm/thumbv8m/O2/c_types/support.o:(.debug_loclists)
       0        0       27     1 .debug_rnglists
       0        0       27     1         /work/fixtures/bin/arm-llvm/thumbv8m/O2/c_types/support.o:(.debug_rnglists)
       0        0       e0     4 .symtab
       0        0       e0     4         <internal>:(.symtab)
       0        0       f6     1 .shstrtab
       0        0       f6     1         <internal>:(.shstrtab)
       0        0       76     1 .strtab
       0        0       76     1         <internal>:(.strtab)
