
Discarded input sections

 .text          0x00000000        0x0 /work/fixtures/bin/arm-none-eabi-gcc/thumbv7em/O0/anonymous/anonymous.o
 .data          0x00000000        0x0 /work/fixtures/bin/arm-none-eabi-gcc/thumbv7em/O0/anonymous/anonymous.o
 .bss           0x00000000        0x0 /work/fixtures/bin/arm-none-eabi-gcc/thumbv7em/O0/anonymous/anonymous.o
 .text          0x00000000        0x0 /work/fixtures/bin/arm-none-eabi-gcc/thumbv7em/O0/anonymous/support.o
 .data          0x00000000        0x0 /work/fixtures/bin/arm-none-eabi-gcc/thumbv7em/O0/anonymous/support.o
 .bss           0x00000000        0x0 /work/fixtures/bin/arm-none-eabi-gcc/thumbv7em/O0/anonymous/support.o
 .text.memset   0x00000000       0x42 /work/fixtures/bin/arm-none-eabi-gcc/thumbv7em/O0/anonymous/support.o
 .text.memcpy   0x00000000       0x4a /work/fixtures/bin/arm-none-eabi-gcc/thumbv7em/O0/anonymous/support.o
 .text.__cxa_pure_virtual
                0x00000000        0x6 /work/fixtures/bin/arm-none-eabi-gcc/thumbv7em/O0/anonymous/support.o
 .text.__aeabi_atexit
                0x00000000       0x1a /work/fixtures/bin/arm-none-eabi-gcc/thumbv7em/O0/anonymous/support.o
 .text.__cxa_atexit
                0x00000000       0x1a /work/fixtures/bin/arm-none-eabi-gcc/thumbv7em/O0/anonymous/support.o
 .bss.__dso_handle
                0x00000000        0x4 /work/fixtures/bin/arm-none-eabi-gcc/thumbv7em/O0/anonymous/support.o
 .text._ZdlPv   0x00000000       0x14 /work/fixtures/bin/arm-none-eabi-gcc/thumbv7em/O0/anonymous/support.o
 .text._ZdlPvj  0x00000000       0x16 /work/fixtures/bin/arm-none-eabi-gcc/thumbv7em/O0/anonymous/support.o
 .debug_info    0x00000000      0x1e8 /work/fixtures/bin/arm-none-eabi-gcc/thumbv7em/O0/anonymous/support.o
 .debug_abbrev  0x00000000      0x11f /work/fixtures/bin/arm-none-eabi-gcc/thumbv7em/O0/anonymous/support.o
 .debug_aranges
                0x00000000       0x50 /work/fixtures/bin/arm-none-eabi-gcc/thumbv7em/O0/anonymous/support.o
 .debug_rnglists
                0x00000000       0x37 /work/fixtures/bin/arm-none-eabi-gcc/thumbv7em/O0/anonymous/support.o
 .debug_line    0x00000000      0x122 /work/fixtures/bin/arm-none-eabi-gcc/thumbv7em/O0/anonymous/support.o
 .debug_str     0x00000000      0x193 /work/fixtures/bin/arm-none-eabi-gcc/thumbv7em/O0/anonymous/support.o
 .comment       0x00000000       0x27 /work/fixtures/bin/arm-none-eabi-gcc/thumbv7em/O0/anonymous/support.o
 .debug_frame   0x00000000      0x118 /work/fixtures/bin/arm-none-eabi-gcc/thumbv7em/O0/anonymous/support.o
 .ARM.attributes
                0x00000000       0x34 /work/fixtures/bin/arm-none-eabi-gcc/thumbv7em/O0/anonymous/support.o
 .text          0x00000000        0x0 /work/fixtures/bin/arm-none-eabi-gcc/thumbv7em/O0/anonymous/vectors.o
 .data          0x00000000        0x0 /work/fixtures/bin/arm-none-eabi-gcc/thumbv7em/O0/anonymous/vectors.o
 .bss           0x00000000        0x0 /work/fixtures/bin/arm-none-eabi-gcc/thumbv7em/O0/anonymous/vectors.o

Memory Configuration

Name             Origin             Length             Attributes
FLASH            0x08000000         0x00100000         xr
RAM              0x20000000         0x00030000         xrw
*default*        0x00000000         0xffffffff

Linker script and memory map

LOAD /work/fixtures/bin/arm-none-eabi-gcc/thumbv7em/O0/anonymous/anonymous.o
LOAD /work/fixtures/bin/arm-none-eabi-gcc/thumbv7em/O0/anonymous/support.o
LOAD /work/fixtures/bin/arm-none-eabi-gcc/thumbv7em/O0/anonymous/vectors.o
LOAD /usr/lib/gcc/arm-none-eabi/14.2.1/thumb/v7e-m+fp/hard/libgcc.a
                0x20030000                        __stack_top = (ORIGIN (RAM) + LENGTH (RAM))

.isr_vector     0x08000000        0x8
 *(.isr_vector)
 .isr_vector    0x08000000        0x8 /work/fixtures/bin/arm-none-eabi-gcc/thumbv7em/O0/anonymous/vectors.o
                0x08000000                vector_table

.text           0x08000008       0x4a
 *(.text .text.*)
 .text.main     0x08000008       0x40 /work/fixtures/bin/arm-none-eabi-gcc/thumbv7em/O0/anonymous/anonymous.o
                0x08000008                main
 .text.reset_handler
                0x08000048        0xa /work/fixtures/bin/arm-none-eabi-gcc/thumbv7em/O0/anonymous/vectors.o
                0x08000048                reset_handler

.glue_7         0x08000054        0x0
 .glue_7        0x08000054        0x0 linker stubs

.glue_7t        0x08000054        0x0
 .glue_7t       0x08000054        0x0 linker stubs

.vfp11_veneer   0x08000054        0x0
 .vfp11_veneer  0x08000054        0x0 linker stubs

.v4_bx          0x08000054        0x0
 .v4_bx         0x08000054        0x0 linker stubs

.iplt           0x08000054        0x0
 .iplt          0x08000054        0x0 /work/fixtures/bin/arm-none-eabi-gcc/thumbv7em/O0/anonymous/anonymous.o

.rodata
 *(.rodata .rodata.*)

.note.gnu.build-id
                0x08000054       0x24
 .note.gnu.build-id
                0x08000054       0x24 linker stubs

.rel.dyn        0x08000078        0x0
 .rel.iplt      0x08000078        0x0 /work/fixtures/bin/arm-none-eabi-gcc/thumbv7em/O0/anonymous/anonymous.o

.ARM.exidx
 *(.ARM.exidx*)

.data
 *(.data .data.*)

.igot.plt       0x20000000        0x0 load address 0x08000078
 .igot.plt      0x20000000        0x0 /work/fixtures/bin/arm-none-eabi-gcc/thumbv7em/O0/anonymous/anonymous.o

.bss            0x20000000       0x44 load address 0x08000078
 *(.bss .bss.* COMMON)
 .bss.g_variant
                0x20000000        0x8 /work/fixtures/bin/arm-none-eabi-gcc/thumbv7em/O0/anonymous/anonymous.o
                0x20000000                g_variant
 .bss.g_outer   0x20000008       0x10 /work/fixtures/bin/arm-none-eabi-gcc/thumbv7em/O0/anonymous/anonymous.o
                0x20000008                g_outer
 *fill*         0x20000018        0x8 
 .bss.g_aligned
                0x20000020       0x20 /work/fixtures/bin/arm-none-eabi-gcc/thumbv7em/O0/anonymous/anonymous.o
                0x20000020                g_aligned
 .bss.g_holder  0x20000040        0x4 /work/fixtures/bin/arm-none-eabi-gcc/thumbv7em/O0/anonymous/anonymous.o
                0x20000040                g_holder

.noinit
 *(.noinit .noinit.*)
OUTPUT(/work/fixtures/bin/arm-none-eabi-gcc/thumbv7em/O0/anonymous/anonymous elf32-littlearm)
LOAD linker stubs

.debug_info     0x00000000      0x249
 .debug_info    0x00000000      0x1b2 /work/fixtures/bin/arm-none-eabi-gcc/thumbv7em/O0/anonymous/anonymous.o
 .debug_info    0x000001b2       0x97 /work/fixtures/bin/arm-none-eabi-gcc/thumbv7em/O0/anonymous/vectors.o

.debug_abbrev   0x00000000      0x1db
 .debug_abbrev  0x00000000      0x134 /work/fixtures/bin/arm-none-eabi-gcc/thumbv7em/O0/anonymous/anonymous.o
 .debug_abbrev  0x00000134       0xa7 /work/fixtures/bin/arm-none-eabi-gcc/thumbv7em/O0/anonymous/vectors.o

.debug_aranges  0x00000000       0x40
 .debug_aranges
                0x00000000       0x20 /work/fixtures/bin/arm-none-eabi-gcc/thumbv7em/O0/anonymous/anonymous.o
 .debug_aranges
                0x00000020       0x20 /work/fixtures/bin/arm-none-eabi-gcc/thumbv7em/O0/anonymous/vectors.o

.debug_rnglists
                0x00000000       0x26
 .debug_rnglists
                0x00000000       0x13 /work/fixtures/bin/arm-none-eabi-gcc/thumbv7em/O0/anonymous/anonymous.o
 .debug_rnglists
                0x00000013       0x13 /work/fixtures/bin/arm-none-eabi-gcc/thumbv7em/O0/anonymous/vectors.o

.debug_line     0x00000000       0xc0
 .debug_line    0x00000000       0x71 /work/fixtures/bin/arm-none-eabi-gcc/thumbv7em/O0/anonymous/anonymous.o
 .debug_line    0x00000071       0x4f /work/fixtures/bin/arm-none-eabi-gcc/thumbv7em/O0/anonymous/vectors.o

.debug_str      0x00000000      0x2a8
 .debug_str     0x00000000      0x2a8 /work/fixtures/bin/arm-none-eabi-gcc/thumbv7em/O0/anonymous/anonymous.o
                                0x1a4 (size before relaxing)
 .debug_str     0x000002a8      0x113 /work/fixtures/bin/arm-none-eabi-gcc/thumbv7em/O0/anonymous/vectors.o

.comment        0x00000000       0x26
 .comment       0x00000000       0x26 /work/fixtures/bin/arm-none-eabi-gcc/thumbv7em/O0/anonymous/anonymous.o
                                 0x27 (size before relaxing)
 .comment       0x00000026       0x27 /work/fixtures/bin/arm-none-eabi-gcc/thumbv7em/O0/anonymous/vectors.o

.ARM.attributes
                0x00000000       0x34
 .ARM.attributes
                0x00000000       0x34 /work/fixtures/bin/arm-none-eabi-gcc/thumbv7em/O0/anonymous/anonymous.o
 .ARM.attributes
                0x00000034       0x34 /work/fixtures/bin/arm-none-eabi-gcc/thumbv7em/O0/anonymous/vectors.o

.debug_frame    0x00000000       0x5c
 .debug_frame   0x00000000       0x30 /work/fixtures/bin/arm-none-eabi-gcc/thumbv7em/O0/anonymous/anonymous.o
 .debug_frame   0x00000030       0x2c /work/fixtures/bin/arm-none-eabi-gcc/thumbv7em/O0/anonymous/vectors.o
