
Discarded input sections

 .text          0x00000000        0x0 /work/fixtures/bin/arm-none-eabi-gcc/thumbv8m/O2/c_types/c_types.o
 .data          0x00000000        0x0 /work/fixtures/bin/arm-none-eabi-gcc/thumbv8m/O2/c_types/c_types.o
 .bss           0x00000000        0x0 /work/fixtures/bin/arm-none-eabi-gcc/thumbv8m/O2/c_types/c_types.o
 .text          0x00000000        0x0 /work/fixtures/bin/arm-none-eabi-gcc/thumbv8m/O2/c_types/support.o
 .data          0x00000000        0x0 /work/fixtures/bin/arm-none-eabi-gcc/thumbv8m/O2/c_types/support.o
 .bss           0x00000000        0x0 /work/fixtures/bin/arm-none-eabi-gcc/thumbv8m/O2/c_types/support.o
 .text.memset   0x00000000       0x14 /work/fixtures/bin/arm-none-eabi-gcc/thumbv8m/O2/c_types/support.o
 .text.memcpy   0x00000000       0x14 /work/fixtures/bin/arm-none-eabi-gcc/thumbv8m/O2/c_types/support.o
 .text.__cxa_pure_virtual
                0x00000000        0x4 /work/fixtures/bin/arm-none-eabi-gcc/thumbv8m/O2/c_types/support.o
 .text.__aeabi_atexit
                0x00000000        0x4 /work/fixtures/bin/arm-none-eabi-gcc/thumbv8m/O2/c_types/support.o
 .text.__cxa_atexit
                0x00000000        0x4 /work/fixtures/bin/arm-none-eabi-gcc/thumbv8m/O2/c_types/support.o
 .text._ZdlPv   0x00000000        0x4 /work/fixtures/bin/arm-none-eabi-gcc/thumbv8m/O2/c_types/support.o
 .text._ZdlPvj  0x00000000        0x4 /work/fixtures/bin/arm-none-eabi-gcc/thumbv8m/O2/c_types/support.o
 .bss.__dso_handle
                0x00000000        0x4 /work/fixtures/bin/arm-none-eabi-gcc/thumbv8m/O2/c_types/support.o
 .debug_info    0x00000000      0x206 /work/fixtures/bin/arm-none-eabi-gcc/thumbv8m/O2/c_types/support.o
 .debug_abbrev  0x00000000      0x13a /work/fixtures/bin/arm-none-eabi-gcc/thumbv8m/O2/c_types/support.o
 .debug_loclists
                0x00000000       0xe9 /work/fixtures/bin/arm-none-eabi-gcc/thumbv8m/O2/c_types/support.o
 .debug_aranges
                0x00000000       0x50 /work/fixtures/bin/arm-none-eabi-gcc/thumbv8m/O2/c_types/support.o
 .debug_rnglists
                0x00000000       0x37 /work/fixtures/bin/arm-none-eabi-gcc/thumbv8m/O2/c_types/support.o
 .debug_line    0x00000000      0x14e /work/fixtures/bin/arm-none-eabi-gcc/thumbv8m/O2/c_types/support.o
 .debug_str     0x00000000      0x19e /work/fixtures/bin/arm-none-eabi-gcc/thumbv8m/O2/c_types/support.o
 .comment       0x00000000       0x27 /work/fixtures/bin/arm-none-eabi-gcc/thumbv8m/O2/c_types/support.o
 .debug_frame   0x00000000       0x80 /work/fixtures/bin/arm-none-eabi-gcc/thumbv8m/O2/c_types/support.o
 .ARM.attributes
                0x00000000       0x34 /work/fixtures/bin/arm-none-eabi-gcc/thumbv8m/O2/c_types/support.o
 .text          0x00000000        0x0 /work/fixtures/bin/arm-none-eabi-gcc/thumbv8m/O2/c_types/vectors.o
 .data          0x00000000        0x0 /work/fixtures/bin/arm-none-eabi-gcc/thumbv8m/O2/c_types/vectors.o
 .bss           0x00000000        0x0 /work/fixtures/bin/arm-none-eabi-gcc/thumbv8m/O2/c_types/vectors.o

Memory Configuration

Name             Origin             Length             Attributes
FLASH            0x08000000         0x00100000         xr
RAM              0x20000000         0x00030000         xrw
*default*        0x00000000         0xffffffff

Linker script and memory map

LOAD /work/fixtures/bin/arm-none-eabi-gcc/thumbv8m/O2/c_types/c_types.o
LOAD /work/fixtures/bin/arm-none-eabi-gcc/thumbv8m/O2/c_types/support.o
LOAD /work/fixtures/bin/arm-none-eabi-gcc/thumbv8m/O2/c_types/vectors.o
LOAD /usr/lib/gcc/arm-none-eabi/14.2.1/thumb/v8-m.main/nofp/libgcc.a
                0x20030000                        __stack_top = (ORIGIN (RAM) + LENGTH (RAM))

.isr_vector     0x08000000        0x8
 *(.isr_vector)
 .isr_vector    0x08000000        0x8 /work/fixtures/bin/arm-none-eabi-gcc/thumbv8m/O2/c_types/vectors.o
                0x08000000                vector_table

.text           0x08000008       0x34
 *(.text .text.*)
 .text.startup.main
                0x08000008       0x2c /work/fixtures/bin/arm-none-eabi-gcc/thumbv8m/O2/c_types/c_types.o
                0x08000008                main
 .text.reset_handler
                0x08000034        0x8 /work/fixtures/bin/arm-none-eabi-gcc/thumbv8m/O2/c_types/vectors.o
                0x08000034                reset_handler

.glue_7         0x0800003c        0x0
 .glue_7        0x0800003c        0x0 linker stubs

.glue_7t        0x0800003c        0x0
 .glue_7t       0x0800003c        0x0 linker stubs

.vfp11_veneer   0x0800003c        0x0
 .vfp11_veneer  0x0800003c        0x0 linker stubs

.v4_bx          0x0800003c        0x0
 .v4_bx         0x0800003c        0x0 linker stubs

.iplt           0x0800003c        0x0
 .iplt          0x0800003c        0x0 /work/fixtures/bin/arm-none-eabi-gcc/thumbv8m/O2/c_types/c_types.o

.rodata
 *(.rodata .rodata.*)

.note.gnu.build-id
                0x0800003c       0x24
 .note.gnu.build-id
                0x0800003c       0x24 linker stubs

.rel.dyn        0x08000060        0x0
 .rel.iplt      0x08000060        0x0 /work/fixtures/bin/arm-none-eabi-gcc/thumbv8m/O2/c_types/c_types.o

.ARM.exidx
 *(.ARM.exidx*)

.data
 *(.data .data.*)

.igot.plt       0x20000000        0x0 load address 0x08000060
 .igot.plt      0x20000000        0x0 /work/fixtures/bin/arm-none-eabi-gcc/thumbv8m/O2/c_types/c_types.o

.bss            0x20000000       0x1c load address 0x08000060
 *(.bss .bss.* COMMON)
 .bss.g_message
                0x20000000        0x4 /work/fixtures/bin/arm-none-eabi-gcc/thumbv8m/O2/c_types/c_types.o
                0x20000000                g_message
 .bss.g_color   0x20000004        0x1 /work/fixtures/bin/arm-none-eabi-gcc/thumbv8m/O2/c_types/c_types.o
                0x20000004                g_color
 *fill*         0x20000005        0x3 
 .bss.g_number  0x20000008        0x8 /work/fixtures/bin/arm-none-eabi-gcc/thumbv8m/O2/c_types/c_types.o
                0x20000008                g_number
 .bss.g_point   0x20000010        0xc /work/fixtures/bin/arm-none-eabi-gcc/thumbv8m/O2/c_types/c_types.o
                0x20000010                g_point

.noinit
 *(.noinit .noinit.*)
OUTPUT(/work/fixtures/bin/arm-none-eabi-gcc/thumbv8m/O2/c_types/c_types elf32-littlearm)
LOAD linker stubs

.debug_info     0x00000000      0x207
 .debug_info    0x00000000      0x166 /work/fixtures/bin/arm-none-eabi-gcc/thumbv8m/O2/c_types/c_types.o
 .debug_info    0x00000166       0xa1 /work/fixtures/bin/arm-none-eabi-gcc/thumbv8m/O2/c_types/vectors.o

.debug_abbrev   0x00000000      0x1a2
 .debug_abbrev  0x00000000       0xf2 /work/fixtures/bin/arm-none-eabi-gcc/thumbv8m/O2/c_types/c_types.o
 .debug_abbrev  0x000000f2       0xb0 /work/fixtures/bin/arm-none-eabi-gcc/thumbv8m/O2/c_types/vectors.o

.debug_aranges  0x00000000       0x40
 .debug_aranges
                0x00000000       0x20 /work/fixtures/bin/arm-none-eabi-gcc/thumbv8m/O2/c_types/c_types.o
 .debug_aranges
                0x00000020       0x20 /work/fixtures/bin/arm-none-eabi-gcc/thumbv8m/O2/c_types/vectors.o

.debug_rnglists
                0x00000000       0x26
 .debug_rnglists
                0x00000000       0x13 /work/fixtures/bin/arm-none-eabi-gcc/thumbv8m/O2/c_types/c_types.o
 .debug_rnglists
                0x00000013       0x13 /work/fixtures/bin/arm-none-eabi-gcc/thumbv8m/O2/c_types/vectors.o

.debug_line     0x00000000       0xc0
 .debug_line    0x00000000       0x64 /work/fixtures/bin/arm-none-eabi-gcc/thumbv8m/O2/c_types/c_types.o
 .debug_line    0x00000064       0x5c /work/fixtures/bin/arm-none-eabi-gcc/thumbv8m/O2/c_types/vectors.o

.debug_str      0x00000000      0x18c
 .debug_str     0x00000000      0x18c /work/fixtures/bin/arm-none-eabi-gcc/thumbv8m/O2/c_types/c_types.o
                                0x161 (size before relaxing)
 .debug_str     0x0000018c      0x107 /work/fixtures/bin/arm-none-eabi-gcc/thumbv8m/O2/c_types/vectors.o

.comment        0x00000000       0x26
 .comment       0x00000000       0x26 /work/fixtures/bin/arm-none-eabi-gcc/thumbv8m/O2/c_types/c_types.o
                                 0x27 (size before relaxing)
 .comment       0x00000026       0x27 /work/fixtures/bin/arm-none-eabi-gcc/thumbv8m/O2/c_types/vectors.o

.ARM.attributes
                0x00000000       0x34
 .ARM.attributes
                0x00000000       0x34 /work/fixtures/bin/arm-none-eabi-gcc/thumbv8m/O2/c_types/c_types.o
 .ARM.attributes
                0x00000034       0x34 /work/fixtures/bin/arm-none-eabi-gcc/thumbv8m/O2/c_types/vectors.o

.debug_frame    0x00000000       0x48
 .debug_frame   0x00000000       0x20 /work/fixtures/bin/arm-none-eabi-gcc/thumbv8m/O2/c_types/c_types.o
 .debug_frame   0x00000020       0x28 /work/fixtures/bin/arm-none-eabi-gcc/thumbv8m/O2/c_types/vectors.o
