     VMA      LMA     Size Align Out     In      Symbol
       0        0        0     1 __stack_top = ORIGIN ( RAM ) + LENGTH ( RAM )
 8000000  8000000        8     4 .isr_vector
 8000000  8000000        8     4         /work/fixtures/bin/arm-llvm/thumbv8m/O2/anonymous/vectors.o:(.isr_vector)
 8000000  8000000        8     1                 vector_table
 8000008  8000008       3e     4 .text
 8000008  8000008       34     4         /work/fixtures/bin/arm-llvm/thumbv8m/O2/anonymous/anonymous.o:(.text.main)
 8000008  8000008        0     1                 $t
 8000009  8000009       34     1                 main
 800003c  800003c        a     4         /work/fixtures/bin/arm-llvm/thumbv8m/O2/anonymous/vectors.o:(.text.reset_handler)
 800003c  800003c        0     1                 $t
 800003d  800003d        a     1                 reset_handler
 8000048  8000048       10     4 .ARM.exidx
 8000048  8000048       10     4         <internal>:(.ARM.exidx)
 8000058  8000058       24     4 .note.gnu.build-id
 8000058  8000058       24     4         <internal>:(.note.gnu.build-id)
20000000 20000000       44    16 .bss
20000000 20000000        8     4         /work/fixtures/bin/arm-llvm/thumbv8m/O2/anonymous/anonymous.o:(.bss.g_variant)
20000000 20000000        8     1                 g_variant
20000008 20000008       10     4         /work/fixtures/bin/arm-llvm/thumbv8m/O2/anonymous/anonymous.o:(.bss.g_outer)
20000008 20000008       10     1                 g_outer
20000020 20000020       20    16         /work/fixtures/bin/arm-llvm/thumbv8m/O2/anonymous/anonymous.o:(.bss.g_aligned)
20000020 20000020       20     1                 g_aligned
20000040 20000040        4     4         /work/fixtures/bin/arm-llvm/thumbv8m/O2/anonymous/anonymous.o:(.bss.g_holder)
20000040 20000040        4     1                 g_holder
       0        0      226     1 .debug_abbrev
       0        0       c2     1         /work/fixtures/bin/arm-llvm/thumbv8m/O2/anonymous/anonymous.o:(.debug_abbrev)
      c2       c2       f4     1         /work/fixtures/bin/arm-llvm/thumbv8m/O2/anonymous/support.o:(.debug_abbrev)
     1b6      1b6       70     1         /work/fixtures/bin/arm-llvm/thumbv8m/O2/anonymous/vectors.o:(.debug_abbrev)
       0        0      301     1 .debug_info
       0        0      137     1         /work/fixtures/bin/arm-llvm/thumbv8m/O2/anonymous/anonymous.o:(.debug_info)
     137      137      175     1         /work/fixtures/bin/arm-llvm/thumbv8m/O2/anonymous/support.o:(.debug_info)
     2ac      2ac       55     1         /work/fixtures/bin/arm-llvm/thumbv8m/O2/anonymous/vectors.o:(.debug_info)
       0        0      110     1 .debug_str_offsets
       0        0       8c     1         /work/fixtures/bin/arm-llvm/thumbv8m/O2/anonymous/anonymous.o:(.debug_str_offsets)
      8c       8c       64     1         /work/fixtures/bin/arm-llvm/thumbv8m/O2/anonymous/support.o:(.debug_str_offsets)
      f0       f0       20     1         /work/fixtures/bin/arm-llvm/thumbv8m/O2/anonymous/vectors.o:(.debug_str_offsets)
       0        0      1f5     1 .debug_str
       0        0      1f5     1         <internal>:(.debug_str)
       0        0       54     1 .debug_addr
       0        0       1c     1         /work/fixtures/bin/arm-llvm/thumbv8m/O2/anonymous/anonymous.o:(.debug_addr)
      1c       1c       28     1         /work/fixtures/bin/arm-llvm/thumbv8m/O2/anonymous/support.o:(.debug_addr)
      44       44       10     1         /work/fixtures/bin/arm-llvm/thumbv8m/O2/anonymous/vectors.o:(.debug_addr)
       0        0       3e     1 .comment
       0        0       3e     1         <internal>:(.comment)
       0        0       44     1 .ARM.attributes
       0        0       44     1         /work/fixtures/bin/arm-llvm/thumbv8m/O2/anonymous/anonymous.o:(.ARM.attributes)
       0        0       f4     4 .debug_frame
       0        0       24     4         /work/fixtures/bin/arm-llvm/thumbv8m/O2/anonymous/anonymous.o:(.debug_frame)
      24       24       a0     4         /work/fixtures/bin/arm-llvm/thumbv8m/O2/anonymous/support.o:(.debug_frame)
      c4       c4       30     4         /work/fixtures/bin/arm-llvm/thumbv8m/O2/anonymous/vectors.o:(.debug_frame)
       0        0      248     1 .debug_line
       0        0       7c     1         /work/fixtures/bin/arm-llvm/thumbv8m/O2/anonymous/anonymous.o:(.debug_line)
      7c       7c      175     1         /work/fixtures/bin/arm-llvm/thumbv8m/O2/anonymous/support.o:(.debug_line)
     1f1      1f1       57     1         /work/fixtures/bin/arm-llvm/thumbv8m/O2/anonymous/vectors.o:(.debug_line)
       0        0       51     1 .debug_line_str
       0        0       51     1         <internal>:(.debug_line_str)
       0        0      154     1 .debug_loclists
       0        0      154     1         /work/fixtures/bin/arm-llvm/thumbv8m/O2/anonymous/support.o:(.debug_loclists)
       0        0       27     1 .debug_rnglists
       0        0       27     1         /work/fixtures/bin/arm-llvm/thumbv8m/O2/anonymous/support.o:(.debug_rnglists)
       0        0       e0     4 .symtab
       0        0       e0     4         <internal>:(.symtab)
       0        0       f6     1 .shstrtab
       0        0       f6     1         <internal>:(.shstrtab)
       0        0       7c     1 .strtab
       0        0       7c     1         <internal>:(.strtab)
