             VMA              LMA     Size Align Out     In      Symbol
             2a8              2a8       1b     1 .interp
             2a8              2a8       1b     1         <internal>:(.interp)
             2c4              2c4       20     4 .note.ABI-tag
             2c4              2c4       20     4         /usr/lib/gcc-cross/aarch64-linux-gnu/14/../../../../aarch64-linux-gnu/lib/Scrt1.o:(.note.ABI-tag)
             2c4              2c4        0     1                 $d
             2c4              2c4       20     1                 __abi_tag
             2e4              2e4       74     4 .note.package
             2e4              2e4       74     4         /usr/lib/gcc-cross/aarch64-linux-gnu/14/../../../../aarch64-linux-gnu/lib/Scrt1.o:(.note.package)
             358              358       24     4 .note.gnu.build-id
             358              358       24     4         <internal>:(.note.gnu.build-id)
             380              380       a8     8 .dynsym
             380              380       a8     8         <internal>:(.dynsym)
             428              428        e     2 .gnu.version
             428              428        e     2         <internal>:(.gnu.version)
             438              438       30     4 .gnu.version_r
             438              438       30     4         <internal>:(.gnu.version_r)
             468              468       1c     8 .gnu.hash
             468              468       1c     8         <internal>:(.gnu.hash)
             484              484       b4     1 .dynstr
             484              484       b4     1         <internal>:(.dynstr)
             538              538       c0     8 .rela.dyn
             538              538       c0     8         <internal>:(.rela.dyn)
             5f8              5f8       60     8 .rela.plt
             5f8              5f8       60     8         <internal>:(.rela.plt)
             658              658        4     4 .rodata
             658              658        4     4         <internal>:(.rodata.cst4)
             65c              65c       3c     4 .eh_frame_hdr
             65c              65c       3c     4         <internal>:(.eh_frame_hdr)
             698              698       c0     8 .eh_frame
             698              698       28     1         /usr/lib/gcc-cross/aarch64-linux-gnu/14/../../../../aarch64-linux-gnu/lib/Scrt1.o:(.eh_frame+0x0)
             6c0              6c0       64     1         /usr/lib/gcc-cross/aarch64-linux-gnu/14/crtbeginS.o:(.eh_frame+0x14)
             724              724       30     1         /work/fixtures/bin/linux-clang/aarch64/O0/anonymous/anonymous.o:(.eh_frame+0x0)
           10780            10780      17c    64 .text
           10780            10780       34    64         /usr/lib/gcc-cross/aarch64-linux-gnu/14/../../../../aarch64-linux-gnu/lib/Scrt1.o:(.text)
           10780            10780        0     1                 $x
           10780            10780       34     1                 _start
           107b4            107b4       14     4         /usr/lib/gcc-cross/aarch64-linux-gnu/14/../../../../aarch64-linux-gnu/lib/crti.o:(.text)
           107b4            107b4        0     1                 $x
           107b4            107b4       14     1                 call_weak_fn
           107e0            107e0       c8    32         /usr/lib/gcc-cross/aarch64-linux-gnu/14/crtbeginS.o:(.text)
           107e0            107e0        0     1                 $x
           107e0            107e0        0     1                 deregister_tm_clones
           10810            10810        0     1                 register_tm_clones
           1084c            1084c        0     1                 __do_global_dtors_aux
           108a0            108a0        0     1                 frame_dummy
           108a8            108a8        0     4         /work/fixtures/bin/linux-clang/aarch64/O0/anonymous/anonymous.o:(.text)
           108a8            108a8       54     4         /work/fixtures/bin/linux-clang/aarch64/O0/anonymous/anonymous.o:(.text.main)
           108a8            108a8        0     1                 $x
           108a8            108a8       54     1                 main
           108fc            108fc        0     1         /usr/lib/gcc-cross/aarch64-linux-gnu/14/crtendS.o:(.text)
           108fc            108fc        0     1         /usr/lib/gcc-cross/aarch64-linux-gnu/14/../../../../aarch64-linux-gnu/lib/crtn.o:(.text)
           108fc            108fc       1c     4 .init
           108fc            108fc       10     4         /usr/lib/gcc-cross/aarch64-linux-gnu/14/../../../../aarch64-linux-gnu/lib/crti.o:(.init)
           108fc            108fc        0     1                 $x
           108fc            108fc        0     1                 _init
           1090c            1090c        c     4         /usr/lib/gcc-cross/aarch64-linux-gnu/14/../../../../aarch64-linux-gnu/lib/crtn.o:(.init)
           1090c            1090c        0     1                 $x
           10918            10918       18     4 .fini
           10918            10918        c     4         /usr/lib/gcc-cross/aarch64-linux-gnu/14/../../../../aarch64-linux-gnu/lib/crti.o:(.fini)
           10918            10918        0     1                 $x
           10918            10918        0     1                 _fini
           10924            10924        c     4         /usr/lib/gcc-cross/aarch64-linux-gnu/14/../../../../aarch64-linux-gnu/lib/crtn.o:(.fini)
           10924            10924        0     1                 $x
           10930            10930       60    16 .plt
           10930            10930       60    16         <internal>:(.plt)
           20990            20990        8     8 .fini_array
           20990            20990        8     8         /usr/lib/gcc-cross/aarch64-linux-gnu/14/crtbeginS.o:(.fini_array)
           20990            20990        0     1                 $d
           20990            20990        0     1                 __do_global_dtors_aux_fini_array_entry
           20998            20998        8     8 .init_array
           20998            20998        8     8         /usr/lib/gcc-cross/aarch64-linux-gnu/14/crtbeginS.o:(.init_array)
           20998            20998        0     1                 $d
           20998            20998        0     1                 __frame_dummy_init_array_entry
           209a0            209a0      1d0     8 .dynamic
           209a0            209a0      1d0     8         <internal>:(.dynamic)
           20b70            20b70       28     8 .got
           20b70            20b70       28     8         <internal>:(.got)
           20b98            20b98      468     1 .relro_padding
           20b98            20b98        0     1         <internal>:(.relro_padding)
           30b98            30b98       10     8 .data
           30b98            30b98        4     1         /usr/lib/gcc-cross/aarch64-linux-gnu/14/../../../../aarch64-linux-gnu/lib/Scrt1.o:(.data)
           30b98            30b98        0     1                 data_start
           30b98            30b98        0     1                 __data_start
           30b9c            30b9c        0     1         /usr/lib/gcc-cross/aarch64-linux-gnu/14/../../../../aarch64-linux-gnu/lib/crti.o:(.data)
           30b9c            30b9c        0     1         /usr/lib/gcc-cross/aarch64-linux-gnu/14/crtbeginS.o:(.data)
           30ba0            30ba0        8     8         /usr/lib/gcc-cross/aarch64-linux-gnu/14/crtbeginS.o:(.data.rel.local)
           30ba0            30ba0        0     1                 $d
           30ba0            30ba0        0     1                 __dso_handle
           30ba8            30ba8        0     1         /usr/lib/gcc-cross/aarch64-linux-gnu/14/crtendS.o:(.data)
           30ba8            30ba8        0     1         /usr/lib/gcc-cross/aarch64-linux-gnu/14/../../../../aarch64-linux-gnu/lib/crtn.o:(.data)
           30ba8            30ba8        0     8 .tm_clone_table
           30ba8            30ba8        0     8         /usr/lib/gcc-cross/aarch64-linux-gnu/14/crtbeginS.o:(.tm_clone_table)
           30ba8            30ba8        0     1                 __TMC_LIST__
           30ba8            30ba8        0     8         /usr/lib/gcc-cross/aarch64-linux-gnu/14/crtendS.o:(.tm_clone_table)
           30ba8            30ba8        0     1                 __TMC_END__
           30ba8            30ba8       38     8 .got.plt
           30ba8            30ba8       38     8         <internal>:(.got.plt)
           30be0            30be0       48    16 .bss
           30be0            30be0        0     1         /usr/lib/gcc-cross/aarch64-linux-gnu/14/../../../../aarch64-linux-gnu/lib/Scrt1.o:(.bss)
           30be0            30be0        0     1         /usr/lib/gcc-cross/aarch64-linux-gnu/14/../../../../aarch64-linux-gnu/lib/crti.o:(.bss)
           30be0            30be0        1     1         /usr/lib/gcc-cross/aarch64-linux-gnu/14/crtbeginS.o:(.bss)
           30be0            30be0        1     1                 completed.0
           30be0            30be0        0     1                 $d
           30be4            30be4        8     4         /work/fixtures/bin/linux-clang/aarch64/O0/anonymous/anonymous.o:(.bss.g_variant)
           30be4            30be4        0     1                 $d
           30be4            30be4        8     1                 g_variant
           30bec            30bec       10     4         /work/fixtures/bin/linux-clang/aarch64/O0/anonymous/anonymous.o:(.bss.g_outer)
           30bec            30bec        0     1                 $d
           30bec            30bec       10     1                 g_outer
           30c00            30c00       20    16         /work/fixtures/bin/linux-clang/aarch64/O0/anonymous/anonymous.o:(.bss.g_aligned)
           30c00            30c00        0     1                 $d
           30c00            30c00       20     1                 g_aligned
           30c20            30c20        8     8         /work/fixtures/bin/linux-clang/aarch64/O0/anonymous/anonymous.o:(.bss.g_holder)
           30c20            30c20        0     1                 $d
           30c20            30c20        8     1                 g_holder
           30c28            30c28        0     1         /usr/lib/gcc-cross/aarch64-linux-gnu/14/crtendS.o:(.bss)
           30c28            30c28        0     1         /usr/lib/gcc-cross/aarch64-linux-gnu/14/../../../../aarch64-linux-gnu/lib/crtn.o:(.bss)
               0                0       5d     1 .comment
               0                0       5d     1         <internal>:(.comment)
               0                0       c0     1 .debug_abbrev
               0                0       c0     1         /work/fixtures/bin/linux-clang/aarch64/O0/anonymous/anonymous.o:(.debug_abbrev)
               0                0        0     1                 $d
               0                0      137     1 .debug_info
               0                0      137     1         /work/fixtures/bin/linux-clang/aarch64/O0/anonymous/anonymous.o:(.debug_info)
               0                0        0     1                 $d
               0                0       8c     1 .debug_str_offsets
               0                0       8c     1         /work/fixtures/bin/linux-clang/aarch64/O0/anonymous/anonymous.o:(.debug_str_offsets)
               0                0        0     1                 $d
               0                0       f6     1 .debug_str
               0                0       f6     1         <internal>:(.debug_str)
               0                0       30     1 .debug_addr
               0                0       30     1         /work/fixtures/bin/linux-clang/aarch64/O0/anonymous/anonymous.o:(.debug_addr)
               0                0        0     1                 $d
               0                0       77     1 .debug_line
               0                0       77     1         /work/fixtures/bin/linux-clang/aarch64/O0/anonymous/anonymous.o:(.debug_line)
               0                0        0     1                 $d
               0                0       17     1 .debug_line_str
               0                0       17     1         <internal>:(.debug_line_str)
               0                0      618     8 .symtab
               0                0      618     8         <internal>:(.symtab)
               0                0      195     1 .shstrtab
               0                0      195     1         <internal>:(.shstrtab)
               0                0      23f     1 .strtab
               0                0      23f     1         <internal>:(.strtab)
