Archive member included to satisfy reference by file (symbol)

/usr/lib/gcc/riscv64-unknown-elf/14.2.0/rv32imac/ilp32/libgcc.a(fixdfsi.o)
                              /work/fixtures/bin/riscv-gcc/rv32imac/O0/odr_conflict/a.o (__fixdfsi)

Discarded input sections

 .text          0x00000000        0x0 /work/fixtures/bin/riscv-gcc/rv32imac/O0/odr_conflict/a.o
 .data          0x00000000        0x0 /work/fixtures/bin/riscv-gcc/rv32imac/O0/odr_conflict/a.o
 .bss           0x00000000        0x0 /work/fixtures/bin/riscv-gcc/rv32imac/O0/odr_conflict/a.o
 .text          0x00000000        0x0 /work/fixtures/bin/riscv-gcc/rv32imac/O0/odr_conflict/b.o
 .data          0x00000000        0x0 /work/fixtures/bin/riscv-gcc/rv32imac/O0/odr_conflict/b.o
 .bss           0x00000000        0x0 /work/fixtures/bin/riscv-gcc/rv32imac/O0/odr_conflict/b.o
 .text          0x00000000        0x0 /work/fixtures/bin/riscv-gcc/rv32imac/O0/odr_conflict/support.o
 .data          0x00000000        0x0 /work/fixtures/bin/riscv-gcc/rv32imac/O0/odr_conflict/support.o
 .bss           0x00000000        0x0 /work/fixtures/bin/riscv-gcc/rv32imac/O0/odr_conflict/support.o
 .text.memset   0x00000000       0x5a /work/fixtures/bin/riscv-gcc/rv32imac/O0/odr_conflict/support.o
 .text.memcpy   0x00000000       0x6a /work/fixtures/bin/riscv-gcc/rv32imac/O0/odr_conflict/support.o
 .text.__cxa_pure_virtual
                0x00000000        0xa /work/fixtures/bin/riscv-gcc/rv32imac/O0/odr_conflict/support.o
 .text.__aeabi_atexit
                0x00000000       0x20 /work/fixtures/bin/riscv-gcc/rv32imac/O0/odr_conflict/support.o
 .text.__cxa_atexit
                0x00000000       0x20 /work/fixtures/bin/riscv-gcc/rv32imac/O0/odr_conflict/support.o
 .sbss.__dso_handle
                0x00000000        0x4 /work/fixtures/bin/riscv-gcc/rv32imac/O0/odr_conflict/support.o
 .text._ZdlPv   0x00000000       0x16 /work/fixtures/bin/riscv-gcc/rv32imac/O0/odr_conflict/support.o
 .text._ZdlPvj  0x00000000       0x1a /work/fixtures/bin/riscv-gcc/rv32imac/O0/odr_conflict/support.o
 .debug_info    0x00000000      0x1ea /work/fixtures/bin/riscv-gcc/rv32imac/O0/odr_conflict/support.o
 .debug_abbrev  0x00000000      0x11f /work/fixtures/bin/riscv-gcc/rv32imac/O0/odr_conflict/support.o
 .debug_aranges
                0x00000000       0x50 /work/fixtures/bin/riscv-gcc/rv32imac/O0/odr_conflict/support.o
 .debug_rnglists
                0x00000000       0x37 /work/fixtures/bin/riscv-gcc/rv32imac/O0/odr_conflict/support.o
 .debug_line    0x00000000      0x1a2 /work/fixtures/bin/riscv-gcc/rv32imac/O0/odr_conflict/support.o
 .debug_str     0x00000000      0x14e /work/fixtures/bin/riscv-gcc/rv32imac/O0/odr_conflict/support.o
 .debug_line_str
                0x00000000       0x4c /work/fixtures/bin/riscv-gcc/rv32imac/O0/odr_conflict/support.o
 .comment       0x00000000       0x19 /work/fixtures/bin/riscv-gcc/rv32imac/O0/odr_conflict/support.o
 .note.GNU-stack
                0x00000000        0x0 /work/fixtures/bin/riscv-gcc/rv32imac/O0/odr_conflict/support.o
 .debug_frame   0x00000000      0x11c /work/fixtures/bin/riscv-gcc/rv32imac/O0/odr_conflict/support.o
 .riscv.attributes
                0x00000000       0x47 /work/fixtures/bin/riscv-gcc/rv32imac/O0/odr_conflict/support.o
 .text          0x00000000        0x0 /work/fixtures/bin/riscv-gcc/rv32imac/O0/odr_conflict/vectors.o
 .data          0x00000000        0x0 /work/fixtures/bin/riscv-gcc/rv32imac/O0/odr_conflict/vectors.o
 .bss           0x00000000        0x0 /work/fixtures/bin/riscv-gcc/rv32imac/O0/odr_conflict/vectors.o
 .data          0x00000000        0x0 /usr/lib/gcc/riscv64-unknown-elf/14.2.0/rv32imac/ilp32/libgcc.a(fixdfsi.o)
 .bss           0x00000000        0x0 /usr/lib/gcc/riscv64-unknown-elf/14.2.0/rv32imac/ilp32/libgcc.a(fixdfsi.o)

Memory Configuration

Name             Origin             Length             Attributes
FLASH            0x20000000         0x00080000         xr
RAM              0x80000000         0x00010000         xrw
*default*        0x00000000         0xffffffff

Linker script and memory map

LOAD /work/fixtures/bin/riscv-gcc/rv32imac/O0/odr_conflict/a.o
LOAD /work/fixtures/bin/riscv-gcc/rv32imac/O0/odr_conflict/b.o
LOAD /work/fixtures/bin/riscv-gcc/rv32imac/O0/odr_conflict/support.o
LOAD /work/fixtures/bin/riscv-gcc/rv32imac/O0/odr_conflict/vectors.o
LOAD /usr/lib/gcc/riscv64-unknown-elf/14.2.0/rv32imac/ilp32/libgcc.a
                0x80010000                        __stack_top = (ORIGIN (RAM) + LENGTH (RAM))

.isr_vector     0x20000000        0x8
 *(.isr_vector)
 .isr_vector    0x20000000        0x8 /work/fixtures/bin/riscv-gcc/rv32imac/O0/odr_conflict/vectors.o
                0x20000000                vector_table

.text           0x20000008       0xf6
 *(.text .text.*)
 .text._Z14config_scale_av
                0x20000008       0x34 /work/fixtures/bin/riscv-gcc/rv32imac/O0/odr_conflict/a.o
                0x20000008                config_scale_a()
 .text.main     0x2000003c       0x20 /work/fixtures/bin/riscv-gcc/rv32imac/O0/odr_conflict/a.o
                0x2000003c                main
 .text._Z14config_scale_bv
                0x2000005c       0x32 /work/fixtures/bin/riscv-gcc/rv32imac/O0/odr_conflict/b.o
                0x2000005c                config_scale_b()
 .text.reset_handler
                0x2000008e        0xc /work/fixtures/bin/riscv-gcc/rv32imac/O0/odr_conflict/vectors.o
                0x2000008e                reset_handler
 .text          0x2000009a       0x64 /usr/lib/gcc/riscv64-unknown-elf/14.2.0/rv32imac/ilp32/libgcc.a(fixdfsi.o)
                0x2000009a                __fixdfsi

.rodata
 *(.rodata .rodata.* .srodata .srodata.*)

.note.gnu.build-id
                0x20000100       0x24
 .note.gnu.build-id
                0x20000100       0x24 /work/fixtures/bin/riscv-gcc/rv32imac/O0/odr_conflict/a.o

.rela.dyn       0x20000124        0x0
 .rela.isr_vector
                0x20000124        0x0 /work/fixtures/bin/riscv-gcc/rv32imac/O0/odr_conflict/a.o

.data
 *(.data .data.* .sdata .sdata.*)

.bss            0x80000000       0x30 load address 0x20000124
 *(.bss .bss.* .sbss .sbss.* COMMON)
 .bss.g_config_a
                0x80000000       0x20 /work/fixtures/bin/riscv-gcc/rv32imac/O0/odr_conflict/a.o
                0x80000000                g_config_a
 .bss.g_config_b
                0x80000020       0x10 /work/fixtures/bin/riscv-gcc/rv32imac/O0/odr_conflict/b.o
                0x80000020                g_config_b
OUTPUT(/work/fixtures/bin/riscv-gcc/rv32imac/O0/odr_conflict/odr_conflict elf32-littleriscv)

.debug_info     0x00000000      0x3ba
 .debug_info    0x00000000       0xd7 /work/fixtures/bin/riscv-gcc/rv32imac/O0/odr_conflict/a.o
 .debug_info    0x000000d7       0x88 /work/fixtures/bin/riscv-gcc/rv32imac/O0/odr_conflict/b.o
 .debug_info    0x0000015f       0x99 /work/fixtures/bin/riscv-gcc/rv32imac/O0/odr_conflict/vectors.o
 .debug_info    0x000001f8      0x1c2 /usr/lib/gcc/riscv64-unknown-elf/14.2.0/rv32imac/ilp32/libgcc.a(fixdfsi.o)

.debug_abbrev   0x00000000      0x35d
 .debug_abbrev  0x00000000       0xcc /work/fixtures/bin/riscv-gcc/rv32imac/O0/odr_conflict/a.o
 .debug_abbrev  0x000000cc       0x8b /work/fixtures/bin/riscv-gcc/rv32imac/O0/odr_conflict/b.o
 .debug_abbrev  0x00000157       0xa7 /work/fixtures/bin/riscv-gcc/rv32imac/O0/odr_conflict/vectors.o
 .debug_abbrev  0x000001fe      0x15f /usr/lib/gcc/riscv64-unknown-elf/14.2.0/rv32imac/ilp32/libgcc.a(fixdfsi.o)

.debug_aranges  0x00000000       0x88
 .debug_aranges
                0x00000000       0x28 /work/fixtures/bin/riscv-gcc/rv32imac/O0/odr_conflict/a.o
 .debug_aranges
                0x00000028       0x20 /work/fixtures/bin/riscv-gcc/rv32imac/O0/odr_conflict/b.o
 .debug_aranges
                0x00000048       0x20 /work/fixtures/bin/riscv-gcc/rv32imac/O0/odr_conflict/vectors.o
 .debug_aranges
                0x00000068       0x20 /usr/lib/gcc/riscv64-unknown-elf/14.2.0/rv32imac/ilp32/libgcc.a(fixdfsi.o)

.debug_rnglists
                0x00000000       0x52
 .debug_rnglists
                0x00000000       0x19 /work/fixtures/bin/riscv-gcc/rv32imac/O0/odr_conflict/a.o
 .debug_rnglists
                0x00000019       0x13 /work/fixtures/bin/riscv-gcc/rv32imac/O0/odr_conflict/b.o
 .debug_rnglists
                0x0000002c       0x13 /work/fixtures/bin/riscv-gcc/rv32imac/O0/odr_conflict/vectors.o
 .debug_rnglists
                0x0000003f       0x13 /usr/lib/gcc/riscv64-unknown-elf/14.2.0/rv32imac/ilp32/libgcc.a(fixdfsi.o)

.debug_line     0x00000000      0x34f
 .debug_line    0x00000000       0xa9 /work/fixtures/bin/riscv-gcc/rv32imac/O0/odr_conflict/a.o
 .debug_line    0x000000a9       0x6f /work/fixtures/bin/riscv-gcc/rv32imac/O0/odr_conflict/b.o
 .debug_line    0x00000118       0x58 /work/fixtures/bin/riscv-gcc/rv32imac/O0/odr_conflict/vectors.o
 .debug_line    0x00000170      0x1df /usr/lib/gcc/riscv64-unknown-elf/14.2.0/rv32imac/ilp32/libgcc.a(fixdfsi.o)

.debug_str      0x00000000      0x351
 .debug_str     0x00000000      0x351 /work/fixtures/bin/riscv-gcc/rv32imac/O0/odr_conflict/a.o
                                0x139 (size before relaxing)
 .debug_str     0x00000351       0xfa /work/fixtures/bin/riscv-gcc/rv32imac/O0/odr_conflict/b.o
 .debug_str     0x00000351       0xd0 /work/fixtures/bin/riscv-gcc/rv32imac/O0/odr_conflict/vectors.o
 .debug_str     0x00000351      0x1a8 /usr/lib/gcc/riscv64-unknown-elf/14.2.0/rv32imac/ilp32/libgcc.a(fixdfsi.o)

.debug_line_str
                0x00000000      0x154
 .debug_line_str
                0x00000000      0x154 /work/fixtures/bin/riscv-gcc/rv32imac/O0/odr_conflict/a.o
                                 0x47 (size before relaxing)
 .debug_line_str
                0x00000154       0x47 /work/fixtures/bin/riscv-gcc/rv32imac/O0/odr_conflict/b.o
 .debug_line_str
                0x00000154       0x46 /work/fixtures/bin/riscv-gcc/rv32imac/O0/odr_conflict/vectors.o
 .debug_line_str
                0x00000154      0x14b /usr/lib/gcc/riscv64-unknown-elf/14.2.0/rv32imac/ilp32/libgcc.a(fixdfsi.o)

.comment        0x00000000       0x18
 .comment       0x00000000       0x18 /work/fixtures/bin/riscv-gcc/rv32imac/O0/odr_conflict/a.o
                                 0x19 (size before relaxing)
 .comment       0x00000018       0x19 /work/fixtures/bin/riscv-gcc/rv32imac/O0/odr_conflict/b.o
 .comment       0x00000018       0x19 /work/fixtures/bin/riscv-gcc/rv32imac/O0/odr_conflict/vectors.o
 .comment       0x00000018       0x19 /usr/lib/gcc/riscv64-unknown-elf/14.2.0/rv32imac/ilp32/libgcc.a(fixdfsi.o)

.note.GNU-stack
                0x00000000        0x0
 .note.GNU-stack
                0x00000000        0x0 /work/fixtures/bin/riscv-gcc/rv32imac/O0/odr_conflict/a.o
 .note.GNU-stack
                0x00000000        0x0 /work/fixtures/bin/riscv-gcc/rv32imac/O0/odr_conflict/b.o
 .note.GNU-stack
                0x00000000        0x0 /work/fixtures/bin/riscv-gcc/rv32imac/O0/odr_conflict/vectors.o
 .note.GNU-stack
                0x00000000        0x0 /usr/lib/gcc/riscv64-unknown-elf/14.2.0/rv32imac/ilp32/libgcc.a(fixdfsi.o)

.riscv.attributes
                0x00000000       0x47
 .riscv.attributes
                0x00000000       0x47 /work/fixtures/bin/riscv-gcc/rv32imac/O0/odr_conflict/a.o
 .riscv.attributes
                0x00000047       0x47 /work/fixtures/bin/riscv-gcc/rv32imac/O0/odr_conflict/b.o
 .riscv.attributes
                0x0000008e       0x47 /work/fixtures/bin/riscv-gcc/rv32imac/O0/odr_conflict/vectors.o
 .riscv.attributes
                0x000000d5       0x47 /usr/lib/gcc/riscv64-unknown-elf/14.2.0/rv32imac/ilp32/libgcc.a(fixdfsi.o)

.debug_frame    0x00000000       0xe8
 .debug_frame   0x00000000       0x64 /work/fixtures/bin/riscv-gcc/rv32imac/O0/odr_conflict/a.o
 .debug_frame   0x00000064       0x38 /work/fixtures/bin/riscv-gcc/rv32imac/O0/odr_conflict/b.o
 .debug_frame   0x0000009c       0x2c /work/fixtures/bin/riscv-gcc/rv32imac/O0/odr_conflict/vectors.o
 .debug_frame   0x000000c8       0x20 /usr/lib/gcc/riscv64-unknown-elf/14.2.0/rv32imac/ilp32/libgcc.a(fixdfsi.o)

.debug_loclists
                0x00000000       0xaa
 .debug_loclists
                0x00000000       0xaa /usr/lib/gcc/riscv64-unknown-elf/14.2.0/rv32imac/ilp32/libgcc.a(fixdfsi.o)
