             VMA              LMA     Size Align Out     In      Symbol
             2a8              2a8       1c     1 .interp
             2a8              2a8       1c     1         <internal>:(.interp)
             2c4              2c4       20     4 .note.ABI-tag
             2c4              2c4       20     4         /lib/x86_64-linux-gnu/Scrt1.o:(.note.ABI-tag)
             2c4              2c4       20     1                 __abi_tag
             2e4              2e4       24     4 .note.gnu.build-id
             2e4              2e4       24     4         <internal>:(.note.gnu.build-id)
             308              308       90     8 .dynsym
             308              308       90     8         <internal>:(.dynsym)
             398              398        c     2 .gnu.version
             398              398        c     2         <internal>:(.gnu.version)
             3a4              3a4       30     4 .gnu.version_r
             3a4              3a4       30     4         <internal>:(.gnu.version_r)
             3d8              3d8       1c     8 .gnu.hash
             3d8              3d8       1c     8         <internal>:(.gnu.hash)
             3f4              3f4       af     1 .dynstr
             3f4              3f4       af     1         <internal>:(.dynstr)
             4a8              4a8       c0     8 .rela.dyn
             4a8              4a8       c0     8         <internal>:(.rela.dyn)
             568              568       18     8 .rela.plt
             568              568       18     8         <internal>:(.rela.plt)
             580              580        4     4 .rodata
             580              580        4     4         <internal>:(.rodata.cst4)
             584              584       1c     4 .eh_frame_hdr
             584              584       1c     4         <internal>:(.eh_frame_hdr)
             5a0              5a0       60     8 .eh_frame
             5a0              5a0       2c     1         /lib/x86_64-linux-gnu/Scrt1.o:(.eh_frame+0x0)
             5cc              5cc       30     1         /work/fixtures/bin/linux-clang-types4/x86_64/O2/overlap/overlap.o:(.eh_frame+0x0)
            1600             1600      10a    16 .text
            1600             1600       22    16         /lib/x86_64-linux-gnu/Scrt1.o:(.text)
            1600             1600       22     1                 _start
            1622             1622        0     1         /lib/x86_64-linux-gnu/crti.o:(.text)
            1630             1630       b9    16         /usr/lib/gcc/x86_64-linux-gnu/14/crtbeginS.o:(.text)
            1630             1630        0     1                 deregister_tm_clones
            1660             1660        0     1                 register_tm_clones
            16a0             16a0        0     1                 __do_global_dtors_aux
            16e0             16e0        0     1                 frame_dummy
            16ec             16ec        0     4         /work/fixtures/bin/linux-clang-types4/x86_64/O2/overlap/overlap.o:(.text)
            16f0             16f0       1a    16         /work/fixtures/bin/linux-clang-types4/x86_64/O2/overlap/overlap.o:(.text.main)
            16f0             16f0       1a     1                 main
            170a             170a        0     1         /usr/lib/gcc/x86_64-linux-gnu/14/crtendS.o:(.text)
            170a             170a        0     1         /lib/x86_64-linux-gnu/crtn.o:(.text)
            170c             170c       17     4 .init
            170c             170c       12     4         /lib/x86_64-linux-gnu/crti.o:(.init)
            170c             170c        0     1                 _init
            171e             171e        5     1         /lib/x86_64-linux-gnu/crtn.o:(.init)
            1724             1724        9     4 .fini
            1724             1724        4     4         /lib/x86_64-linux-gnu/crti.o:(.fini)
            1724             1724        0     1                 _fini
            1728             1728        5     1         /lib/x86_64-linux-gnu/crtn.o:(.fini)
            1730             1730       20    16 .plt
            1730             1730       20    16         <internal>:(.plt)
            2750             2750        8     8 .fini_array
            2750             2750        8     8         /usr/lib/gcc/x86_64-linux-gnu/14/crtbeginS.o:(.fini_array)
            2750             2750        0     1                 __do_global_dtors_aux_fini_array_entry
            2758             2758        8     8 .init_array
            2758             2758        8     8         /usr/lib/gcc/x86_64-linux-gnu/14/crtbeginS.o:(.init_array)
            2758             2758        0     1                 __frame_dummy_init_array_entry
            2760             2760      1d0     8 .dynamic
            2760             2760      1d0     8         <internal>:(.dynamic)
            2930             2930       28     8 .got
            2930             2930       28     8         <internal>:(.got)
            2958             2958      6a8     1 .relro_padding
            2958             2958        0     1         <internal>:(.relro_padding)
            3958             3958       10     8 .data
            3958             3958        4     1         /lib/x86_64-linux-gnu/Scrt1.o:(.data)
            3958             3958        0     1                 data_start
            3958             3958        0     1                 __data_start
            395c             395c        0     1         /lib/x86_64-linux-gnu/crti.o:(.data)
            395c             395c        0     1         /usr/lib/gcc/x86_64-linux-gnu/14/crtbeginS.o:(.data)
            3960             3960        8     8         /usr/lib/gcc/x86_64-linux-gnu/14/crtbeginS.o:(.data.rel.local)
            3960             3960        0     1                 __dso_handle
            3968             3968        0     1         /usr/lib/gcc/x86_64-linux-gnu/14/crtendS.o:(.data)
            3968             3968        0     1         /lib/x86_64-linux-gnu/crtn.o:(.data)
            3968             3968        0     8 .tm_clone_table
            3968             3968        0     8         /usr/lib/gcc/x86_64-linux-gnu/14/crtbeginS.o:(.tm_clone_table)
            3968             3968        0     1                 __TMC_LIST__
            3968             3968        0     8         /usr/lib/gcc/x86_64-linux-gnu/14/crtendS.o:(.tm_clone_table)
            3968             3968        0     1                 __TMC_END__
            3968             3968       20     8 .got.plt
            3968             3968       20     8         <internal>:(.got.plt)
            3988             3988        6     1 .bss
            3988             3988        0     1         /lib/x86_64-linux-gnu/Scrt1.o:(.bss)
            3988             3988        0     1         /lib/x86_64-linux-gnu/crti.o:(.bss)
            3988             3988        1     1         /usr/lib/gcc/x86_64-linux-gnu/14/crtbeginS.o:(.bss)
            3988             3988        1     1                 completed.0
            3989             3989        2     1         /work/fixtures/bin/linux-clang-types4/x86_64/O2/overlap/overlap.o:(.bss.g_tiny)
            3989             3989        2     1                 g_tiny
            398b             398b        2     1         /work/fixtures/bin/linux-clang-types4/x86_64/O2/overlap/overlap.o:(.bss.g_char_and_bits)
            398b             398b        2     1                 g_char_and_bits
            398d             398d        1     1         /work/fixtures/bin/linux-clang-types4/x86_64/O2/overlap/overlap.o:(.bss.g_empty_and_char)
            398d             398d        1     1                 g_empty_and_char
            398e             398e        0     1         /usr/lib/gcc/x86_64-linux-gnu/14/crtendS.o:(.bss)
            398e             398e        0     1         /lib/x86_64-linux-gnu/crtn.o:(.bss)
               0                0       5d     1 .comment
               0                0       5d     1         <internal>:(.comment)
               0                0      1b7     1 .debug_types
               0                0       4d     1         /work/fixtures/bin/linux-clang-types4/x86_64/O2/overlap/overlap.o:(.debug_types)
              4d               4d       4e     1         /work/fixtures/bin/linux-clang-types4/x86_64/O2/overlap/overlap.o:(.debug_types)
              9b               9b       4d     1         /work/fixtures/bin/linux-clang-types4/x86_64/O2/overlap/overlap.o:(.debug_types)
              e8               e8       56     1         /work/fixtures/bin/linux-clang-types4/x86_64/O2/overlap/overlap.o:(.debug_types)
             13e              13e       51     1         /work/fixtures/bin/linux-clang-types4/x86_64/O2/overlap/overlap.o:(.debug_types)
             18f              18f       28     1         /work/fixtures/bin/linux-clang-types4/x86_64/O2/overlap/overlap.o:(.debug_types)
               0                0       c7     1 .debug_abbrev
               0                0       c7     1         /work/fixtures/bin/linux-clang-types4/x86_64/O2/overlap/overlap.o:(.debug_abbrev)
               0                0       a5     1 .debug_info
               0                0       a5     1         /work/fixtures/bin/linux-clang-types4/x86_64/O2/overlap/overlap.o:(.debug_info)
               0                0       bd     1 .debug_str
               0                0       bd     1         <internal>:(.debug_str)
               0                0       5a     1 .debug_line
               0                0       5a     1         /work/fixtures/bin/linux-clang-types4/x86_64/O2/overlap/overlap.o:(.debug_line)
               0                0      318     8 .symtab
               0                0      318     8         <internal>:(.symtab)
               0                0      165     1 .shstrtab
               0                0      165     1         <internal>:(.shstrtab)
               0                0      1e9     1 .strtab
               0                0      1e9     1         <internal>:(.strtab)
