 odr_conflict

 Timestamp is 6aa9b3ea (Tue Sep 15 21:08:58 2026)

 Preferred load address is 0000000140000000

 Start         Length     Name                   Class
 0001:00000000 0000003fH .text                   CODE
 0001:00000040 00000ae0H .text$mn                CODE
 0001:00000b20 00000036H .text$mn$00             CODE
 0001:00000b60 00000038H .text$x                 CODE
 0002:00000000 00000150H .rdata                  DATA
 0002:000001e0 00000038H .00cfg                  DATA
 0002:00000218 00000008H .CRT$XCA                DATA
 0002:00000220 00000008H .CRT$XCAA               DATA
 0002:00000228 00000008H .CRT$XCZ                DATA
 0002:00000230 00000008H .CRT$XIA                DATA
 0002:00000238 00000008H .CRT$XIAA               DATA
 0002:00000240 00000008H .CRT$XIAC               DATA
 0002:00000248 00000008H .CRT$XIZ                DATA
 0002:00000250 00000008H .CRT$XPA                DATA
 0002:00000258 00000008H .CRT$XPZ                DATA
 0002:00000260 00000008H .CRT$XTA                DATA
 0002:00000268 00000008H .CRT$XTZ                DATA
 0002:00000910 00000008H .rtc$IAA                DATA
 0002:00000918 00000008H .rtc$IZZ                DATA
 0002:00000920 00000008H .rtc$TAA                DATA
 0002:00000928 00000008H .rtc$TZZ                DATA
 0002:00000930 000000dcH .xdata                  DATA
 0003:00000000 000000b4H .data                   DATA
 0003:000000b8 000000bcH .bss                    DATA
 0004:00000000 00000138H .pdata                  DATA

  Address         Publics by Value              Rva+Base               Lib:Object

 0000:00000000       __AbsoluteZero             0000000000000000     <absolute>
 0000:00000000       __guard_fids_table         0000000000000000     <absolute>
 0000:00000000       __guard_fids_count         0000000000000000     <absolute>
 0000:00000000       __guard_iat_table          0000000000000000     <absolute>
 0000:00000000       __guard_iat_count          0000000000000000     <absolute>
 0000:00000000       __guard_longjmp_table      0000000000000000     <absolute>
 0000:00000000       __guard_longjmp_count      0000000000000000     <absolute>
 0000:00000000       __enclave_config           0000000000000000     <absolute>
 0000:00000000       __guard_eh_cont_table      0000000000000000     <absolute>
 0000:00000000       __guard_eh_cont_count      0000000000000000     <absolute>
 0000:00000000       __volatile_metadata        0000000000000000     <absolute>
 0000:00000003       @vol.md                    0000000000000003     <absolute>
 0000:00000003       @vol.md                    0000000000000003     <absolute>
 0000:00000003       @vol.md                    0000000000000003     <absolute>
 0000:00000003       @vol.md                    0000000000000003     <absolute>
 0000:00000003       @vol.md                    0000000000000003     <absolute>
 0000:00000003       @vol.md                    0000000000000003     <absolute>
 0000:00000003       @vol.md                    0000000000000003     <absolute>
 0000:00000003       @vol.md                    0000000000000003     <absolute>
 0000:00000003       @vol.md                    0000000000000003     <absolute>
 0000:00000003       @vol.md                    0000000000000003     <absolute>
 0000:00000003       @vol.md                    0000000000000003     <absolute>
 0000:00000003       @vol.md                    0000000000000003     <absolute>
 0000:00000003       @vol.md                    0000000000000003     <absolute>
 0000:00000003       @vol.md                    0000000000000003     <absolute>
 0000:00000003       @vol.md                    0000000000000003     <absolute>
 0000:00000003       @vol.md                    0000000000000003     <absolute>
 0000:00000003       @vol.md                    0000000000000003     <absolute>
 0000:00000003       @vol.md                    0000000000000003     <absolute>
 0000:00000003       @vol.md                    0000000000000003     <absolute>
 0000:00000003       @vol.md                    0000000000000003     <absolute>
 0000:00000003       @vol.md                    0000000000000003     <absolute>
 0000:00000003       @vol.md                    0000000000000003     <absolute>
 0000:00000003       @vol.md                    0000000000000003     <absolute>
 0000:00000003       @vol.md                    0000000000000003     <absolute>
 0000:00000003       @vol.md                    0000000000000003     <absolute>
 0000:00000003       @vol.md                    0000000000000003     <absolute>
 0000:00000003       @vol.md                    0000000000000003     <absolute>
 0000:00000003       @vol.md                    0000000000000003     <absolute>
 0000:00000100       __guard_flags              0000000000000100     <absolute>
 0000:00000000       __ImageBase                0000000140000000     <linker-defined>
 0001:00000000       main                       0000000140001000     a.obj
 0001:00000030       ?config_scale_b@@YAHXZ     0000000140001030     b.obj
 0001:000002b0       mainCRTStartup             00000001400012b0     msvcrt:exe_main.obj
 0001:000002d0       atexit                     00000001400012d0     msvcrt:utility.obj
 0001:00000310       __scrt_is_nonwritable_in_current_image 0000000140001310     msvcrt:utility.obj
 0001:000003b0       __scrt_acquire_startup_lock 00000001400013b0     msvcrt:utility.obj
 0001:00000400       __scrt_release_startup_lock 0000000140001400     msvcrt:utility.obj
 0001:00000430       __scrt_initialize_crt      0000000140001430     msvcrt:utility.obj
 0001:00000470       __scrt_uninitialize_crt    0000000140001470     msvcrt:utility.obj
 0001:000004a0       __scrt_initialize_onexit_tables 00000001400014a0     msvcrt:utility.obj
 0001:00000540       __security_init_cookie     0000000140001540     msvcrt:gs_support.obj
 0001:00000600       _matherr                   0000000140001600     msvcrt:matherr.obj
 0001:00000600       _get_startup_commit_mode   0000000140001600     msvcrt:commit_mode.obj
 0001:00000600       _get_startup_new_mode      0000000140001600     msvcrt:new_mode.obj
 0001:00000600       _get_startup_thread_locale_mode 0000000140001600     msvcrt:thread_locale.obj
 0001:00000600       __scrt_initialize_winrt    0000000140001600     msvcrt:utility_desktop.obj
 0001:00000600       __scrt_exe_initialize_mta  0000000140001600     msvcrt:utility_desktop.obj
 0001:00000600       __scrt_stub_for_initialize_mta 0000000140001600     msvcrt:utility_desktop.obj
 0001:00000610       _get_startup_argv_mode     0000000140001610     msvcrt:argv_mode.obj
 0001:00000620       _get_startup_file_mode     0000000140001620     msvcrt:file_mode.obj
 0001:00000630       ?__scrt_initialize_type_info@@YAXXZ 0000000140001630     msvcrt:tncleanup.obj
 0001:00000640       _should_initialize_environment 0000000140001640     msvcrt:env_mode.obj
 0001:00000640       __vcrt_initialize          0000000140001640     msvcrt:ucrt_stubs.obj
 0001:00000640       __vcrt_uninitialize        0000000140001640     msvcrt:ucrt_stubs.obj
 0001:00000640       __acrt_initialize          0000000140001640     msvcrt:ucrt_stubs.obj
 0001:00000640       __acrt_uninitialize        0000000140001640     msvcrt:ucrt_stubs.obj
 0001:00000640       __scrt_stub_for_acrt_initialize 0000000140001640     msvcrt:ucrt_stubs.obj
 0001:00000640       __scrt_stub_for_acrt_uninitialize 0000000140001640     msvcrt:ucrt_stubs.obj
 0001:00000650       _initialize_invalid_parameter_handler 0000000140001650     msvcrt:invalid_parameter_handler.obj
 0001:00000650       _initialize_denormal_control 0000000140001650     msvcrt:denormal_control.obj
 0001:00000650       _guard_check_icall_nop     0000000140001650     msvcrt:guard_support.obj
 0001:00000660       __scrt_initialize_default_local_stdio_options 0000000140001660     msvcrt:default_local_stdio_options.obj
 0001:00000680       __local_stdio_printf_options 0000000140001680     msvcrt:default_local_stdio_options.obj
 0001:00000690       __local_stdio_scanf_options 0000000140001690     msvcrt:default_local_stdio_options.obj
 0001:000006a0       __scrt_is_user_matherr_present 00000001400016a0     msvcrt:matherr_detection.obj
 0001:000006b0       __scrt_get_dyn_tls_init_callback 00000001400016b0     msvcrt:dyn_tls_init.obj
 0001:000006c0       __scrt_get_dyn_tls_dtor_callback 00000001400016c0     msvcrt:dyn_tls_dtor.obj
 0001:000006d0       __scrt_is_managed_app      00000001400016d0     msvcrt:utility_desktop.obj
 0001:00000730       __scrt_initialize_mta      0000000140001730     msvcrt:utility_desktop.obj
 0001:00000740       __scrt_set_unhandled_exception_filter 0000000140001740     msvcrt:utility_desktop.obj
 0001:00000750       __scrt_fastfail            0000000140001750     msvcrt:utility_desktop.obj
 0001:00000760       __scrt_unhandled_exception_filter 0000000140001760     msvcrt:utility_desktop.obj
 0001:000007c0       _RTC_Initialize            00000001400017c0     msvcrt:initsect.obj
 0001:00000810       _RTC_Terminate             0000000140001810     msvcrt:initsect.obj
 0001:00000860       __isa_available_init       0000000140001860     msvcrt:cpu_disp.obj
 0001:00000b10       __scrt_is_ucrt_dll_in_use  0000000140001b10     msvcrt:ucrt_detection.obj
 0001:00000b30       _guard_dispatch_icall_nop  0000000140001b30     msvcrt:guard_dispatch.obj
 0001:00000b50       _guard_xfg_dispatch_icall_nop 0000000140001b50     msvcrt:guard_xfg_dispatch.obj
 0001:00000ba0       __C_specific_handler       0000000140001ba0     vcruntime:VCRUNTIME140.dll
 0001:00000bb0       __current_exception        0000000140001bb0     vcruntime:VCRUNTIME140.dll
 0001:00000bc0       __current_exception_context 0000000140001bc0     vcruntime:VCRUNTIME140.dll
 0001:00000bd0       __p___argc                 0000000140001bd0     ucrt:api-ms-win-crt-runtime-l1-1-0.dll
 0001:00000be0       __p___argv                 0000000140001be0     ucrt:api-ms-win-crt-runtime-l1-1-0.dll
 0001:00000bf0       __p__commode               0000000140001bf0     ucrt:api-ms-win-crt-stdio-l1-1-0.dll
 0001:00000c00       __setusermatherr           0000000140001c00     ucrt:api-ms-win-crt-math-l1-1-0.dll
 0001:00000c10       _c_exit                    0000000140001c10     ucrt:api-ms-win-crt-runtime-l1-1-0.dll
 0001:00000c20       _cexit                     0000000140001c20     ucrt:api-ms-win-crt-runtime-l1-1-0.dll
 0001:00000c30       _configthreadlocale        0000000140001c30     ucrt:api-ms-win-crt-locale-l1-1-0.dll
 0001:00000c40       _configure_narrow_argv     0000000140001c40     ucrt:api-ms-win-crt-runtime-l1-1-0.dll
 0001:00000c50       _crt_atexit                0000000140001c50     ucrt:api-ms-win-crt-runtime-l1-1-0.dll
 0001:00000c60       _exit                      0000000140001c60     ucrt:api-ms-win-crt-runtime-l1-1-0.dll
 0001:00000c70       _get_initial_narrow_environment 0000000140001c70     ucrt:api-ms-win-crt-runtime-l1-1-0.dll
 0001:00000c80       _initialize_narrow_environment 0000000140001c80     ucrt:api-ms-win-crt-runtime-l1-1-0.dll
 0001:00000c90       _initialize_onexit_table   0000000140001c90     ucrt:api-ms-win-crt-runtime-l1-1-0.dll
 0001:00000ca0       _initterm                  0000000140001ca0     ucrt:api-ms-win-crt-runtime-l1-1-0.dll
 0001:00000cb0       _initterm_e                0000000140001cb0     ucrt:api-ms-win-crt-runtime-l1-1-0.dll
 0001:00000cc0       _register_onexit_function  0000000140001cc0     ucrt:api-ms-win-crt-runtime-l1-1-0.dll
 0001:00000cd0       _register_thread_local_exe_atexit_callback 0000000140001cd0     ucrt:api-ms-win-crt-runtime-l1-1-0.dll
 0001:00000ce0       _seh_filter_exe            0000000140001ce0     ucrt:api-ms-win-crt-runtime-l1-1-0.dll
 0001:00000cf0       _set_app_type              0000000140001cf0     ucrt:api-ms-win-crt-runtime-l1-1-0.dll
 0001:00000d00       _set_fmode                 0000000140001d00     ucrt:api-ms-win-crt-stdio-l1-1-0.dll
 0001:00000d10       _set_new_mode              0000000140001d10     ucrt:api-ms-win-crt-heap-l1-1-0.dll
 0001:00000d20       exit                       0000000140001d20     ucrt:api-ms-win-crt-runtime-l1-1-0.dll
 0001:00000d30       terminate                  0000000140001d30     ucrt:api-ms-win-crt-runtime-l1-1-0.dll
 0001:00000d40       memcpy                     0000000140001d40     vcruntime:VCRUNTIME140.dll
 0002:00000000       _load_config_used          0000000140002000     msvcrt:loadcfg.obj
 0002:00000140       __xmm@ffffffffffffffffffffffffffffffff 0000000140002140     msvcrt:utility.obj
 0002:000001e0       __guard_check_icall_fptr   00000001400021e0     msvcrt:guard_support.obj
 0002:000001e8       __guard_xfg_check_icall_fptr 00000001400021e8     msvcrt:guard_support.obj
 0002:000001f0       __guard_dispatch_icall_fptr 00000001400021f0     msvcrt:guard_support.obj
 0002:000001f8       __guard_xfg_dispatch_icall_fptr 00000001400021f8     msvcrt:guard_support.obj
 0002:00000200       __guard_xfg_table_dispatch_icall_fptr 0000000140002200     msvcrt:guard_support.obj
 0002:00000208       __castguard_check_failure_os_handled_fptr 0000000140002208     msvcrt:guard_support.obj
 0002:00000210       __guard_memcpy_fptr        0000000140002210     vcruntime:softmemtag.obj
 0002:00000218       __xc_a                     0000000140002218     msvcrt:initializers.obj
 0002:00000228       __xc_z                     0000000140002228     msvcrt:initializers.obj
 0002:00000230       __xi_a                     0000000140002230     msvcrt:initializers.obj
 0002:00000248       __xi_z                     0000000140002248     msvcrt:initializers.obj
 0002:00000250       __xp_a                     0000000140002250     msvcrt:initializers.obj
 0002:00000258       __xp_z                     0000000140002258     msvcrt:initializers.obj
 0002:00000260       __xt_a                     0000000140002260     msvcrt:initializers.obj
 0002:00000268       __xt_z                     0000000140002268     msvcrt:initializers.obj
 0002:00000458       __imp_GetCurrentProcessId  0000000140002458     kernel32:KERNEL32.dll
 0002:00000460       __imp_GetCurrentThreadId   0000000140002460     kernel32:KERNEL32.dll
 0002:00000468       __imp_GetModuleHandleW     0000000140002468     kernel32:KERNEL32.dll
 0002:00000470       __imp_GetSystemTimeAsFileTime 0000000140002470     kernel32:KERNEL32.dll
 0002:00000478       __imp_InitializeSListHead  0000000140002478     kernel32:KERNEL32.dll
 0002:00000480       __imp_QueryPerformanceCounter 0000000140002480     kernel32:KERNEL32.dll
 0002:00000488       __imp_SetUnhandledExceptionFilter 0000000140002488     kernel32:KERNEL32.dll
 0002:00000498       __imp___C_specific_handler 0000000140002498     vcruntime:VCRUNTIME140.dll
 0002:000004a0       __imp___current_exception  00000001400024a0     vcruntime:VCRUNTIME140.dll
 0002:000004a8       __imp___current_exception_context 00000001400024a8     vcruntime:VCRUNTIME140.dll
 0002:000004b0       __imp_memcpy               00000001400024b0     vcruntime:VCRUNTIME140.dll
 0002:000004c0       __imp___p___argc           00000001400024c0     ucrt:api-ms-win-crt-runtime-l1-1-0.dll
 0002:000004c8       __imp___p___argv           00000001400024c8     ucrt:api-ms-win-crt-runtime-l1-1-0.dll
 0002:000004d0       __imp__c_exit              00000001400024d0     ucrt:api-ms-win-crt-runtime-l1-1-0.dll
 0002:000004d8       __imp__cexit               00000001400024d8     ucrt:api-ms-win-crt-runtime-l1-1-0.dll
 0002:000004e0       __imp__configure_narrow_argv 00000001400024e0     ucrt:api-ms-win-crt-runtime-l1-1-0.dll
 0002:000004e8       __imp__crt_atexit          00000001400024e8     ucrt:api-ms-win-crt-runtime-l1-1-0.dll
 0002:000004f0       __imp__exit                00000001400024f0     ucrt:api-ms-win-crt-runtime-l1-1-0.dll
 0002:000004f8       __imp__get_initial_narrow_environment 00000001400024f8     ucrt:api-ms-win-crt-runtime-l1-1-0.dll
 0002:00000500       __imp__initialize_narrow_environment 0000000140002500     ucrt:api-ms-win-crt-runtime-l1-1-0.dll
 0002:00000508       __imp__initialize_onexit_table 0000000140002508     ucrt:api-ms-win-crt-runtime-l1-1-0.dll
 0002:00000510       __imp__initterm            0000000140002510     ucrt:api-ms-win-crt-runtime-l1-1-0.dll
 0002:00000518       __imp__initterm_e          0000000140002518     ucrt:api-ms-win-crt-runtime-l1-1-0.dll
 0002:00000520       __imp__register_onexit_function 0000000140002520     ucrt:api-ms-win-crt-runtime-l1-1-0.dll
 0002:00000528       __imp__register_thread_local_exe_atexit_callback 0000000140002528     ucrt:api-ms-win-crt-runtime-l1-1-0.dll
 0002:00000530       __imp__seh_filter_exe      0000000140002530     ucrt:api-ms-win-crt-runtime-l1-1-0.dll
 0002:00000538       __imp__set_app_type        0000000140002538     ucrt:api-ms-win-crt-runtime-l1-1-0.dll
 0002:00000540       __imp_exit                 0000000140002540     ucrt:api-ms-win-crt-runtime-l1-1-0.dll
 0002:00000548       __imp_terminate            0000000140002548     ucrt:api-ms-win-crt-runtime-l1-1-0.dll
 0002:00000558       __imp___p__commode         0000000140002558     ucrt:api-ms-win-crt-stdio-l1-1-0.dll
 0002:00000560       __imp__set_fmode           0000000140002560     ucrt:api-ms-win-crt-stdio-l1-1-0.dll
 0002:00000570       __imp___setusermatherr     0000000140002570     ucrt:api-ms-win-crt-math-l1-1-0.dll
 0002:00000580       __imp__configthreadlocale  0000000140002580     ucrt:api-ms-win-crt-locale-l1-1-0.dll
 0002:00000590       __imp__set_new_mode        0000000140002590     ucrt:api-ms-win-crt-heap-l1-1-0.dll
 0002:00000910       __rtc_iaa                  0000000140002910     msvcrt:initsect.obj
 0002:00000918       __rtc_izz                  0000000140002918     msvcrt:initsect.obj
 0002:00000920       __rtc_taa                  0000000140002920     msvcrt:initsect.obj
 0002:00000928       __rtc_tzz                  0000000140002928     msvcrt:initsect.obj
 0003:00000000       _fltused                   0000000140003000     msvcrt:fltused.obj
 0003:00000004       __scrt_native_dllmain_reason 0000000140003004     msvcrt:utility.obj
 0003:00000008       __scrt_default_matherr     0000000140003008     msvcrt:matherr.obj
 0003:00000040       __security_cookie          0000000140003040     msvcrt:gs_cookie.obj
 0003:00000080       __security_cookie_complement 0000000140003080     msvcrt:gs_cookie.obj
 0003:00000088       __isa_available            0000000140003088     msvcrt:cpu_disp.obj
 0003:0000008c       __isa_enabled              000000014000308c     msvcrt:cpu_disp.obj
 0003:00000090       __memset_fast_string_threshold 0000000140003090     msvcrt:cpu_disp.obj
 0003:00000098       __memset_nt_threshold      0000000140003098     msvcrt:cpu_disp.obj
 0003:000000a0       __isa_inverted             00000001400030a0     msvcrt:cpu_disp.obj
 0003:000000b0       __scrt_ucrt_dll_is_in_use  00000001400030b0     msvcrt:ucrt_stubs.obj
 0003:000000b8       ?g_config_a@@3UConfig@@A   00000001400030b8     a.obj
 0003:000000d8       ?g_config_b@@3UConfig@@A   00000001400030d8     b.obj
 0003:000000e8       __scrt_current_native_startup_state 00000001400030e8     msvcrt:utility.obj
 0003:000000f0       __scrt_native_startup_lock 00000001400030f0     msvcrt:utility.obj
 0003:00000130       ?__type_info_root_node@@3U__type_info_node@@A 0000000140003130     msvcrt:tncleanup.obj
 0003:00000140       ?_OptionsStorage@?1??__local_stdio_printf_options@@9@4_KA 0000000140003140     msvcrt:default_local_stdio_options.obj
 0003:00000148       ?_OptionsStorage@?1??__local_stdio_scanf_options@@9@4_KA 0000000140003148     msvcrt:default_local_stdio_options.obj
 0000:00000000       __dyn_tls_init_callback    0000000140003158     <common>
 0000:00000000       __dyn_tls_dtor_callback    0000000140003160     <common>
 0003:00000168       __scrt_debugger_hook_flag  0000000140003168     msvcrt:utility_desktop.obj
 0003:0000016c       __favor                    000000014000316c     msvcrt:cpu_disp.obj
 0003:00000170       __avx10_version            0000000140003170     msvcrt:cpu_disp.obj

 entry point at         0001:000002b0

 Static symbols

 0000:00000000       __guard_fids__             0000000140000000     msvcrt:exe_main.obj
 0000:00000000       __guard_fids_?pre_c_initialization@@YAHXZ 0000000140000000     msvcrt:exe_main.obj
 0000:00000000       __guard_ehcont_?__scrt_common_main_seh@@YAHXZ 0000000140000000     msvcrt:exe_main.obj
 0000:00000000       __guard_ehcont___scrt_is_nonwritable_in_current_image 0000000140000000     msvcrt:utility.obj
 0000:00000000       __guard_fids___scrt_set_unhandled_exception_filter 0000000140000000     msvcrt:utility_desktop.obj
 0000:00000000       __guard_fids__             0000000140000000     msvcrt:guard_support.obj
 0000:00000000       __guard_fids__             0000000140000000     msvcrt:guard_support.obj
 0000:00000000       __guard_fids__             0000000140000000     vcruntime:softmemtag.obj
 0000:00000004       __guard_fids__             0000000140000004     msvcrt:exe_main.obj
 0000:00000008       __guard_fids__             0000000140000008     msvcrt:exe_main.obj
 0001:00000040       ?pre_c_initialization@@YAHXZ 0000000140001040     msvcrt:exe_main.obj
 0001:00000100       ?post_pgo_initialization@@YAHXZ 0000000140001100     msvcrt:exe_main.obj
 0001:00000110       ?pre_cpp_initialization@@YAXXZ 0000000140001110     msvcrt:exe_main.obj
 0001:00000130       ?__scrt_common_main_seh@@YAHXZ 0000000140001130     msvcrt:exe_main.obj
 0001:00000b20       $$000000                   0000000140001b20     msvcrt:guard_dispatch.obj
 0001:00000b40       $$000000                   0000000140001b40     msvcrt:guard_xfg_dispatch.obj
 0001:00000b60       ?filt$0@?0??__scrt_common_main_seh@@YAHXZ@4HA 0000000140001b60     msvcrt:exe_main.obj
 0001:00000b80       __scrt_is_nonwritable_in_current_image$filt$0 0000000140001b80     msvcrt:utility.obj
 0002:00000220       ?pre_cpp_initializer@@3P6AXXZEA 0000000140002220     msvcrt:exe_main.obj
 0002:00000238       ?pre_c_initializer@@3P6AHXZEA 0000000140002238     msvcrt:exe_main.obj
 0002:00000240       ?post_pgo_initializer@@3P6AHXZEA 0000000140002240     msvcrt:exe_main.obj
 0002:0000093c       $unwind$?pre_c_initialization@@YAHXZ 000000014000293c     msvcrt:exe_main.obj
 0002:0000093c       $unwind$atexit             000000014000293c     msvcrt:utility.obj
 0002:0000093c       $unwind$__scrt_release_startup_lock 000000014000293c     msvcrt:utility.obj
 0002:0000093c       $unwind$__scrt_uninitialize_crt 000000014000293c     msvcrt:utility.obj
 0002:0000093c       $unwind$__scrt_initialize_onexit_tables 000000014000293c     msvcrt:utility.obj
 0002:00000944       $unwind$?post_pgo_initialization@@YAHXZ 0000000140002944     msvcrt:exe_main.obj
 0002:00000944       $unwind$?pre_cpp_initialization@@YAXXZ 0000000140002944     msvcrt:exe_main.obj
 0002:00000944       $unwind$mainCRTStartup     0000000140002944     msvcrt:exe_main.obj
 0002:00000944       $unwind$__scrt_acquire_startup_lock 0000000140002944     msvcrt:utility.obj
 0002:00000944       $unwind$__scrt_initialize_crt 0000000140002944     msvcrt:utility.obj
 0002:00000944       $unwind$__scrt_initialize_default_local_stdio_options 0000000140002944     msvcrt:default_local_stdio_options.obj
 0002:00000944       $unwind$__scrt_is_managed_app 0000000140002944     msvcrt:utility_desktop.obj
 0002:0000094c       $unwind$?__scrt_common_main_seh@@YAHXZ 000000014000294c     msvcrt:exe_main.obj
 0002:00000984       $unwind$?filt$0@?0??__scrt_common_main_seh@@YAHXZ@4HA 0000000140002984     msvcrt:exe_main.obj
 0002:0000098c       $unwind$__scrt_is_nonwritable_in_current_image 000000014000298c     msvcrt:utility.obj
 0002:000009ac       $unwind$__scrt_is_nonwritable_in_current_image$filt$0 00000001400029ac     msvcrt:utility.obj
 0002:000009b4       $unwind$__security_init_cookie 00000001400029b4     msvcrt:gs_support.obj
 0002:000009bc       $unwind$__scrt_unhandled_exception_filter 00000001400029bc     msvcrt:utility_desktop.obj
 0002:000009bc       $unwind$_RTC_Initialize    00000001400029bc     msvcrt:initsect.obj
 0002:000009bc       $unwind$_RTC_Terminate     00000001400029bc     msvcrt:initsect.obj
 0002:000009c8       $unwind$__isa_available_init 00000001400029c8     msvcrt:cpu_disp.obj
 0002:000009d4       $chain$1$__isa_available_init 00000001400029d4     msvcrt:cpu_disp.obj
 0002:000009ec       $chain$2$__isa_available_init 00000001400029ec     msvcrt:cpu_disp.obj
 0002:00000a00       $xdatasym                  0000000140002a00     msvcrt:guard_dispatch.obj
 0002:00000a08       $xdatasym                  0000000140002a08     msvcrt:guard_xfg_dispatch.obj
 0003:000000f8       ?is_initialized_as_dll@@3_NA 00000001400030f8     msvcrt:utility.obj
 0003:000000f9       ?module_local_atexit_table_initialized@@3_NA 00000001400030f9     msvcrt:utility.obj
 0003:00000100       ?module_local_atexit_table@@3U_onexit_table_t@@A 0000000140003100     msvcrt:utility.obj
 0003:00000118       ?module_local_at_quick_exit_table@@3U_onexit_table_t@@A 0000000140003118     msvcrt:utility.obj
 0004:0000000c       $pdata$?pre_c_initialization@@YAHXZ 000000014000400c     msvcrt:exe_main.obj
 0004:00000018       $pdata$?post_pgo_initialization@@YAHXZ 0000000140004018     msvcrt:exe_main.obj
 0004:00000024       $pdata$?pre_cpp_initialization@@YAXXZ 0000000140004024     msvcrt:exe_main.obj
 0004:00000030       $pdata$?__scrt_common_main_seh@@YAHXZ 0000000140004030     msvcrt:exe_main.obj
 0004:0000003c       $pdata$?filt$0@?0??__scrt_common_main_seh@@YAHXZ@4HA 000000014000403c     msvcrt:exe_main.obj
 0004:00000048       $pdata$mainCRTStartup      0000000140004048     msvcrt:exe_main.obj
 0004:00000054       $pdata$atexit              0000000140004054     msvcrt:utility.obj
 0004:00000060       $pdata$__scrt_is_nonwritable_in_current_image 0000000140004060     msvcrt:utility.obj
 0004:0000006c       $pdata$__scrt_is_nonwritable_in_current_image$filt$0 000000014000406c     msvcrt:utility.obj
 0004:00000078       $pdata$__scrt_acquire_startup_lock 0000000140004078     msvcrt:utility.obj
 0004:00000084       $pdata$__scrt_release_startup_lock 0000000140004084     msvcrt:utility.obj
 0004:00000090       $pdata$__scrt_initialize_crt 0000000140004090     msvcrt:utility.obj
 0004:0000009c       $pdata$__scrt_uninitialize_crt 000000014000409c     msvcrt:utility.obj
 0004:000000a8       $pdata$__scrt_initialize_onexit_tables 00000001400040a8     msvcrt:utility.obj
 0004:000000b4       $pdata$__security_init_cookie 00000001400040b4     msvcrt:gs_support.obj
 0004:000000c0       $pdata$__scrt_initialize_default_local_stdio_options 00000001400040c0     msvcrt:default_local_stdio_options.obj
 0004:000000cc       $pdata$__scrt_is_managed_app 00000001400040cc     msvcrt:utility_desktop.obj
 0004:000000d8       $pdata$__scrt_unhandled_exception_filter 00000001400040d8     msvcrt:utility_desktop.obj
 0004:000000e4       $pdata$_RTC_Initialize     00000001400040e4     msvcrt:initsect.obj
 0004:000000f0       $pdata$_RTC_Terminate      00000001400040f0     msvcrt:initsect.obj
 0004:000000fc       $pdata$__isa_available_init 00000001400040fc     msvcrt:cpu_disp.obj
 0004:00000108       $pdata$1$__isa_available_init 0000000140004108     msvcrt:cpu_disp.obj
 0004:00000114       $pdata$2$__isa_available_init 0000000140004114     msvcrt:cpu_disp.obj
