     VMA      LMA     Size Align Out     In      Symbol
       0        0        0     1 __stack_top = ORIGIN ( RAM ) + LENGTH ( RAM )
 8000000  8000000        8     4 .isr_vector
 8000000  8000000        8     4         /work/fixtures/bin/arm-llvm/thumbv6m/O2/odr_conflict/vectors.o:(.isr_vector)
 8000000  8000000        8     1                 vector_table
 8000008  8000008       bc     4 .text
 8000008  8000008       20     4         /work/fixtures/bin/arm-llvm/thumbv6m/O2/odr_conflict/a.o:(.text.main)
 8000008  8000008        0     1                 $t
 8000009  8000009       20     1                 main
 8000024  8000024        0     1                 $d
 8000028  8000028       18     4         /work/fixtures/bin/arm-llvm/thumbv6m/O2/odr_conflict/b.o:(.text._Z14config_scale_bv)
 8000028  8000028        0     1                 $t
 8000029  8000029       18     1                 config_scale_b()
 800003c  800003c        0     1                 $d
 8000040  8000040        a     2         /work/fixtures/bin/arm-llvm/thumbv6m/O2/odr_conflict/vectors.o:(.text.reset_handler)
 8000040  8000040        0     1                 $t
 8000041  8000041        a     1                 reset_handler
 800004c  800004c       78     4         /usr/lib/gcc/arm-none-eabi/14.2.1/thumb/v6-m/nofp/libgcc.a(fixdfsi.o):(.text)
 800004c  800004c        0     1                 $t
 800004d  800004d       78     1                 __aeabi_d2iz
 80000ac  80000ac        0     1                 $d
 80000c4  80000c4       10     4 .ARM.exidx
 80000c4  80000c4       10     4         <internal>:(.ARM.exidx)
 80000d4  80000d4       24     4 .note.gnu.build-id
 80000d4  80000d4       24     4         <internal>:(.note.gnu.build-id)
20000000 20000000       30     8 .bss
20000000 20000000       20     8         /work/fixtures/bin/arm-llvm/thumbv6m/O2/odr_conflict/a.o:(.bss.g_config_a)
20000000 20000000       20     1                 g_config_a
20000020 20000020       10     8         /work/fixtures/bin/arm-llvm/thumbv6m/O2/odr_conflict/b.o:(.bss.g_config_b)
20000020 20000020       10     1                 g_config_b
       0        0      3dc     1 .debug_abbrev
       0        0       ba     1         /work/fixtures/bin/arm-llvm/thumbv6m/O2/odr_conflict/a.o:(.debug_abbrev)
      ba       ba       6b     1         /work/fixtures/bin/arm-llvm/thumbv6m/O2/odr_conflict/b.o:(.debug_abbrev)
     125      125       f4     1         /work/fixtures/bin/arm-llvm/thumbv6m/O2/odr_conflict/support.o:(.debug_abbrev)
     219      219       70     1         /work/fixtures/bin/arm-llvm/thumbv6m/O2/odr_conflict/vectors.o:(.debug_abbrev)
     289      289      153     1         /usr/lib/gcc/arm-none-eabi/14.2.1/thumb/v6-m/nofp/libgcc.a(fixdfsi.o):(.debug_abbrev)
       0        0      49d     1 .debug_info
       0        0       a3     1         /work/fixtures/bin/arm-llvm/thumbv6m/O2/odr_conflict/a.o:(.debug_info)
      a3       a3       60     1         /work/fixtures/bin/arm-llvm/thumbv6m/O2/odr_conflict/b.o:(.debug_info)
     103      103      175     1         /work/fixtures/bin/arm-llvm/thumbv6m/O2/odr_conflict/support.o:(.debug_info)
     278      278       55     1         /work/fixtures/bin/arm-llvm/thumbv6m/O2/odr_conflict/vectors.o:(.debug_info)
     2cd      2cd      1d0     1         /usr/lib/gcc/arm-none-eabi/14.2.1/thumb/v6-m/nofp/libgcc.a(fixdfsi.o):(.debug_info)
       0        0       5d     1 .debug_rnglists
       0        0       17     1         /work/fixtures/bin/arm-llvm/thumbv6m/O2/odr_conflict/a.o:(.debug_rnglists)
      17       17       26     1         /work/fixtures/bin/arm-llvm/thumbv6m/O2/odr_conflict/support.o:(.debug_rnglists)
      3d       3d       20     1         /usr/lib/gcc/arm-none-eabi/14.2.1/thumb/v6-m/nofp/libgcc.a(fixdfsi.o):(.debug_rnglists)
       0        0       fc     1 .debug_str_offsets
       0        0       44     1         /work/fixtures/bin/arm-llvm/thumbv6m/O2/odr_conflict/a.o:(.debug_str_offsets)
      44       44       34     1         /work/fixtures/bin/arm-llvm/thumbv6m/O2/odr_conflict/b.o:(.debug_str_offsets)
      78       78       64     1         /work/fixtures/bin/arm-llvm/thumbv6m/O2/odr_conflict/support.o:(.debug_str_offsets)
      dc       dc       20     1         /work/fixtures/bin/arm-llvm/thumbv6m/O2/odr_conflict/vectors.o:(.debug_str_offsets)
       0        0      3ce     1 .debug_str
       0        0      3ce     1         <internal>:(.debug_str)
       0        0       60     1 .debug_addr
       0        0       18     1         /work/fixtures/bin/arm-llvm/thumbv6m/O2/odr_conflict/a.o:(.debug_addr)
      18       18       10     1         /work/fixtures/bin/arm-llvm/thumbv6m/O2/odr_conflict/b.o:(.debug_addr)
      28       28       28     1         /work/fixtures/bin/arm-llvm/thumbv6m/O2/odr_conflict/support.o:(.debug_addr)
      50       50       10     1         /work/fixtures/bin/arm-llvm/thumbv6m/O2/odr_conflict/vectors.o:(.debug_addr)
       0        0       64     1 .comment
       0        0       64     1         <internal>:(.comment)
       0        0       45     1 .ARM.attributes
       0        0       45     1         /work/fixtures/bin/arm-llvm/thumbv6m/O2/odr_conflict/a.o:(.ARM.attributes)
       0        0      18c     4 .debug_frame
       0        0       54     4         /work/fixtures/bin/arm-llvm/thumbv6m/O2/odr_conflict/a.o:(.debug_frame)
      54       54       34     4         /work/fixtures/bin/arm-llvm/thumbv6m/O2/odr_conflict/b.o:(.debug_frame)
      88       88       a4     4         /work/fixtures/bin/arm-llvm/thumbv6m/O2/odr_conflict/support.o:(.debug_frame)
     12c      12c       30     4         /work/fixtures/bin/arm-llvm/thumbv6m/O2/odr_conflict/vectors.o:(.debug_frame)
     15c      15c       30     4         /usr/lib/gcc/arm-none-eabi/14.2.1/thumb/v6-m/nofp/libgcc.a(fixdfsi.o):(.debug_frame)
       0        0      438     1 .debug_line
       0        0       ae     1         /work/fixtures/bin/arm-llvm/thumbv6m/O2/odr_conflict/a.o:(.debug_line)
      ae       ae       80     1         /work/fixtures/bin/arm-llvm/thumbv6m/O2/odr_conflict/b.o:(.debug_line)
     12e      12e      170     1         /work/fixtures/bin/arm-llvm/thumbv6m/O2/odr_conflict/support.o:(.debug_line)
     29e      29e       57     1         /work/fixtures/bin/arm-llvm/thumbv6m/O2/odr_conflict/vectors.o:(.debug_line)
     2f5      2f5      143     1         /usr/lib/gcc/arm-none-eabi/14.2.1/thumb/v6-m/nofp/libgcc.a(fixdfsi.o):(.debug_line)
       0        0       8d     1 .debug_line_str
       0        0       8d     1         <internal>:(.debug_line_str)
       0        0      284     1 .debug_loclists
       0        0      178     1         /work/fixtures/bin/arm-llvm/thumbv6m/O2/odr_conflict/support.o:(.debug_loclists)
     178      178      10c     1         /usr/lib/gcc/arm-none-eabi/14.2.1/thumb/v6-m/nofp/libgcc.a(fixdfsi.o):(.debug_loclists)
       0        0       20     1 .debug_aranges
       0        0       20     1         /usr/lib/gcc/arm-none-eabi/14.2.1/thumb/v6-m/nofp/libgcc.a(fixdfsi.o):(.debug_aranges)
       0        0      150     4 .symtab
       0        0      150     4         <internal>:(.symtab)
       0        0      105     1 .shstrtab
       0        0      105     1         <internal>:(.shstrtab)
       0        0       a5     1 .strtab
       0        0       a5     1         <internal>:(.strtab)
