             VMA              LMA     Size Align Out     In      Symbol
             2a8              2a8       1c     1 .interp
             2a8              2a8       1c     1         <internal>:(.interp)
             2c4              2c4       20     4 .note.ABI-tag
             2c4              2c4       20     4         /lib/x86_64-linux-gnu/Scrt1.o:(.note.ABI-tag)
             2c4              2c4       20     1                 __abi_tag
             2e4              2e4       24     4 .note.gnu.build-id
             2e4              2e4       24     4         <internal>:(.note.gnu.build-id)
             308              308       90     8 .dynsym
             308              308       90     8         <internal>:(.dynsym)
             398              398        c     2 .gnu.version
             398              398        c     2         <internal>:(.gnu.version)
             3a4              3a4       30     4 .gnu.version_r
             3a4              3a4       30     4         <internal>:(.gnu.version_r)
             3d8              3d8       1c     8 .gnu.hash
             3d8              3d8       1c     8         <internal>:(.gnu.hash)
             3f4              3f4       af     1 .dynstr
             3f4              3f4       af     1         <internal>:(.dynstr)
             4a8              4a8       c0     8 .rela.dyn
             4a8              4a8       c0     8         <internal>:(.rela.dyn)
             568              568       18     8 .rela.plt
             568              568       18     8         <internal>:(.rela.plt)
             580              580        4     4 .rodata
             580              580        4     4         <internal>:(.rodata.cst4)
             584              584       1c     4 .eh_frame_hdr
             584              584       1c     4         <internal>:(.eh_frame_hdr)
             5a0              5a0       68     8 .eh_frame
             5a0              5a0       2c     1         /lib/x86_64-linux-gnu/Scrt1.o:(.eh_frame+0x0)
             5cc              5cc       38     1         /work/fixtures/bin/linux-clang-types4/x86_64/O0/anonymous/anonymous.o:(.eh_frame+0x0)
            1610             1610      126    16 .text
            1610             1610       22    16         /lib/x86_64-linux-gnu/Scrt1.o:(.text)
            1610             1610       22     1                 _start
            1632             1632        0     1         /lib/x86_64-linux-gnu/crti.o:(.text)
            1640             1640       b9    16         /usr/lib/gcc/x86_64-linux-gnu/14/crtbeginS.o:(.text)
            1640             1640        0     1                 deregister_tm_clones
            1670             1670        0     1                 register_tm_clones
            16b0             16b0        0     1                 __do_global_dtors_aux
            16f0             16f0        0     1                 frame_dummy
            16fc             16fc        0     4         /work/fixtures/bin/linux-clang-types4/x86_64/O0/anonymous/anonymous.o:(.text)
            1700             1700       36    16         /work/fixtures/bin/linux-clang-types4/x86_64/O0/anonymous/anonymous.o:(.text.main)
            1700             1700       36     1                 main
            1736             1736        0     1         /usr/lib/gcc/x86_64-linux-gnu/14/crtendS.o:(.text)
            1736             1736        0     1         /lib/x86_64-linux-gnu/crtn.o:(.text)
            1738             1738       17     4 .init
            1738             1738       12     4         /lib/x86_64-linux-gnu/crti.o:(.init)
            1738             1738        0     1                 _init
            174a             174a        5     1         /lib/x86_64-linux-gnu/crtn.o:(.init)
            1750             1750        9     4 .fini
            1750             1750        4     4         /lib/x86_64-linux-gnu/crti.o:(.fini)
            1750             1750        0     1                 _fini
            1754             1754        5     1         /lib/x86_64-linux-gnu/crtn.o:(.fini)
            1760             1760       20    16 .plt
            1760             1760       20    16         <internal>:(.plt)
            2780             2780        8     8 .fini_array
            2780             2780        8     8         /usr/lib/gcc/x86_64-linux-gnu/14/crtbeginS.o:(.fini_array)
            2780             2780        0     1                 __do_global_dtors_aux_fini_array_entry
            2788             2788        8     8 .init_array
            2788             2788        8     8         /usr/lib/gcc/x86_64-linux-gnu/14/crtbeginS.o:(.init_array)
            2788             2788        0     1                 __frame_dummy_init_array_entry
            2790             2790      1d0     8 .dynamic
            2790             2790      1d0     8         <internal>:(.dynamic)
            2960             2960       28     8 .got
            2960             2960       28     8         <internal>:(.got)
            2988             2988      678     1 .relro_padding
            2988             2988        0     1         <internal>:(.relro_padding)
            3988             3988       10     8 .data
            3988             3988        4     1         /lib/x86_64-linux-gnu/Scrt1.o:(.data)
            3988             3988        0     1                 data_start
            3988             3988        0     1                 __data_start
            398c             398c        0     1         /lib/x86_64-linux-gnu/crti.o:(.data)
            398c             398c        0     1         /usr/lib/gcc/x86_64-linux-gnu/14/crtbeginS.o:(.data)
            3990             3990        8     8         /usr/lib/gcc/x86_64-linux-gnu/14/crtbeginS.o:(.data.rel.local)
            3990             3990        0     1                 __dso_handle
            3998             3998        0     1         /usr/lib/gcc/x86_64-linux-gnu/14/crtendS.o:(.data)
            3998             3998        0     1         /lib/x86_64-linux-gnu/crtn.o:(.data)
            3998             3998        0     8 .tm_clone_table
            3998             3998        0     8         /usr/lib/gcc/x86_64-linux-gnu/14/crtbeginS.o:(.tm_clone_table)
            3998             3998        0     1                 __TMC_LIST__
            3998             3998        0     8         /usr/lib/gcc/x86_64-linux-gnu/14/crtendS.o:(.tm_clone_table)
            3998             3998        0     1                 __TMC_END__
            3998             3998       20     8 .got.plt
            3998             3998       20     8         <internal>:(.got.plt)
            39c0             39c0       48    16 .bss
            39c0             39c0        0     1         /lib/x86_64-linux-gnu/Scrt1.o:(.bss)
            39c0             39c0        0     1         /lib/x86_64-linux-gnu/crti.o:(.bss)
            39c0             39c0        1     1         /usr/lib/gcc/x86_64-linux-gnu/14/crtbeginS.o:(.bss)
            39c0             39c0        1     1                 completed.0
            39c4             39c4        8     4         /work/fixtures/bin/linux-clang-types4/x86_64/O0/anonymous/anonymous.o:(.bss.g_variant)
            39c4             39c4        8     1                 g_variant
            39cc             39cc       10     4         /work/fixtures/bin/linux-clang-types4/x86_64/O0/anonymous/anonymous.o:(.bss.g_outer)
            39cc             39cc       10     1                 g_outer
            39e0             39e0       20    16         /work/fixtures/bin/linux-clang-types4/x86_64/O0/anonymous/anonymous.o:(.bss.g_aligned)
            39e0             39e0       20     1                 g_aligned
            3a00             3a00        8     8         /work/fixtures/bin/linux-clang-types4/x86_64/O0/anonymous/anonymous.o:(.bss.g_holder)
            3a00             3a00        8     1                 g_holder
            3a08             3a08        0     1         /usr/lib/gcc/x86_64-linux-gnu/14/crtendS.o:(.bss)
            3a08             3a08        0     1         /lib/x86_64-linux-gnu/crtn.o:(.bss)
               0                0       5d     1 .comment
               0                0       5d     1         <internal>:(.comment)
               0                0      28c     1 .debug_types
               0                0       4d     1         /work/fixtures/bin/linux-clang-types4/x86_64/O0/anonymous/anonymous.o:(.debug_types)
              4d               4d       6a     1         /work/fixtures/bin/linux-clang-types4/x86_64/O0/anonymous/anonymous.o:(.debug_types)
              b7               b7       58     1         /work/fixtures/bin/linux-clang-types4/x86_64/O0/anonymous/anonymous.o:(.debug_types)
             10f              10f       50     1         /work/fixtures/bin/linux-clang-types4/x86_64/O0/anonymous/anonymous.o:(.debug_types)
             15f              15f       5f     1         /work/fixtures/bin/linux-clang-types4/x86_64/O0/anonymous/anonymous.o:(.debug_types)
             1be              1be       50     1         /work/fixtures/bin/linux-clang-types4/x86_64/O0/anonymous/anonymous.o:(.debug_types)
             20e              20e       56     1         /work/fixtures/bin/linux-clang-types4/x86_64/O0/anonymous/anonymous.o:(.debug_types)
             264              264       28     1         /work/fixtures/bin/linux-clang-types4/x86_64/O0/anonymous/anonymous.o:(.debug_types)
               0                0       e9     1 .debug_abbrev
               0                0       e9     1         /work/fixtures/bin/linux-clang-types4/x86_64/O0/anonymous/anonymous.o:(.debug_abbrev)
               0                0       c9     1 .debug_info
               0                0       c9     1         /work/fixtures/bin/linux-clang-types4/x86_64/O0/anonymous/anonymous.o:(.debug_info)
               0                0       f6     1 .debug_str
               0                0       f6     1         <internal>:(.debug_str)
               0                0       61     1 .debug_line
               0                0       61     1         /work/fixtures/bin/linux-clang-types4/x86_64/O0/anonymous/anonymous.o:(.debug_line)
               0                0      330     8 .symtab
               0                0      330     8         <internal>:(.symtab)
               0                0      165     1 .shstrtab
               0                0      165     1         <internal>:(.shstrtab)
               0                0      1e8     1 .strtab
               0                0      1e8     1         <internal>:(.strtab)
