             VMA              LMA     Size Align Out     In      Symbol
             2a8              2a8       1b     1 .interp
             2a8              2a8       1b     1         <internal>:(.interp)
             2c4              2c4       20     4 .note.ABI-tag
             2c4              2c4       20     4         /usr/lib/gcc-cross/aarch64-linux-gnu/14/../../../../aarch64-linux-gnu/lib/Scrt1.o:(.note.ABI-tag)
             2c4              2c4        0     1                 $d
             2c4              2c4       20     1                 __abi_tag
             2e4              2e4       74     4 .note.package
             2e4              2e4       74     4         /usr/lib/gcc-cross/aarch64-linux-gnu/14/../../../../aarch64-linux-gnu/lib/Scrt1.o:(.note.package)
             358              358       24     4 .note.gnu.build-id
             358              358       24     4         <internal>:(.note.gnu.build-id)
             380              380       a8     8 .dynsym
             380              380       a8     8         <internal>:(.dynsym)
             428              428        e     2 .gnu.version
             428              428        e     2         <internal>:(.gnu.version)
             438              438       30     4 .gnu.version_r
             438              438       30     4         <internal>:(.gnu.version_r)
             468              468       1c     8 .gnu.hash
             468              468       1c     8         <internal>:(.gnu.hash)
             484              484       8d     1 .dynstr
             484              484       8d     1         <internal>:(.dynstr)
             518              518       c0     8 .rela.dyn
             518              518       c0     8         <internal>:(.rela.dyn)
             5d8              5d8       60     8 .rela.plt
             5d8              5d8       60     8         <internal>:(.rela.plt)
             638              638        4     4 .rodata
             638              638        4     4         <internal>:(.rodata.cst4)
             63c              63c       3c     4 .eh_frame_hdr
             63c              63c       3c     4         <internal>:(.eh_frame_hdr)
             678              678       b8     8 .eh_frame
             678              678       28     1         /usr/lib/gcc-cross/aarch64-linux-gnu/14/../../../../aarch64-linux-gnu/lib/Scrt1.o:(.eh_frame+0x0)
             6a0              6a0       64     1         /usr/lib/gcc-cross/aarch64-linux-gnu/14/crtbeginS.o:(.eh_frame+0x14)
             704              704       28     1         /work/fixtures/bin/linux-clang/aarch64/O2/opaque/opaque.o:(.eh_frame+0x0)
           10740            10740      144    64 .text
           10740            10740       34    64         /usr/lib/gcc-cross/aarch64-linux-gnu/14/../../../../aarch64-linux-gnu/lib/Scrt1.o:(.text)
           10740            10740        0     1                 $x
           10740            10740       34     1                 _start
           10774            10774       14     4         /usr/lib/gcc-cross/aarch64-linux-gnu/14/../../../../aarch64-linux-gnu/lib/crti.o:(.text)
           10774            10774        0     1                 $x
           10774            10774       14     1                 call_weak_fn
           107a0            107a0       c8    32         /usr/lib/gcc-cross/aarch64-linux-gnu/14/crtbeginS.o:(.text)
           107a0            107a0        0     1                 $x
           107a0            107a0        0     1                 deregister_tm_clones
           107d0            107d0        0     1                 register_tm_clones
           1080c            1080c        0     1                 __do_global_dtors_aux
           10860            10860        0     1                 frame_dummy
           10868            10868        0     4         /work/fixtures/bin/linux-clang/aarch64/O2/opaque/opaque.o:(.text)
           10868            10868       1c     4         /work/fixtures/bin/linux-clang/aarch64/O2/opaque/opaque.o:(.text.main)
           10868            10868        0     1                 $x
           10868            10868       1c     1                 main
           10884            10884        0     1         /usr/lib/gcc-cross/aarch64-linux-gnu/14/crtendS.o:(.text)
           10884            10884        0     1         /usr/lib/gcc-cross/aarch64-linux-gnu/14/../../../../aarch64-linux-gnu/lib/crtn.o:(.text)
           10884            10884       1c     4 .init
           10884            10884       10     4         /usr/lib/gcc-cross/aarch64-linux-gnu/14/../../../../aarch64-linux-gnu/lib/crti.o:(.init)
           10884            10884        0     1                 $x
           10884            10884        0     1                 _init
           10894            10894        c     4         /usr/lib/gcc-cross/aarch64-linux-gnu/14/../../../../aarch64-linux-gnu/lib/crtn.o:(.init)
           10894            10894        0     1                 $x
           108a0            108a0       18     4 .fini
           108a0            108a0        c     4         /usr/lib/gcc-cross/aarch64-linux-gnu/14/../../../../aarch64-linux-gnu/lib/crti.o:(.fini)
           108a0            108a0        0     1                 $x
           108a0            108a0        0     1                 _fini
           108ac            108ac        c     4         /usr/lib/gcc-cross/aarch64-linux-gnu/14/../../../../aarch64-linux-gnu/lib/crtn.o:(.fini)
           108ac            108ac        0     1                 $x
           108c0            108c0       60    16 .plt
           108c0            108c0       60    16         <internal>:(.plt)
           20920            20920        8     8 .fini_array
           20920            20920        8     8         /usr/lib/gcc-cross/aarch64-linux-gnu/14/crtbeginS.o:(.fini_array)
           20920            20920        0     1                 $d
           20920            20920        0     1                 __do_global_dtors_aux_fini_array_entry
           20928            20928        8     8 .init_array
           20928            20928        8     8         /usr/lib/gcc-cross/aarch64-linux-gnu/14/crtbeginS.o:(.init_array)
           20928            20928        0     1                 $d
           20928            20928        0     1                 __frame_dummy_init_array_entry
           20930            20930      1a0     8 .dynamic
           20930            20930      1a0     8         <internal>:(.dynamic)
           20ad0            20ad0       28     8 .got
           20ad0            20ad0       28     8         <internal>:(.got)
           20af8            20af8      508     1 .relro_padding
           20af8            20af8        0     1         <internal>:(.relro_padding)
           30af8            30af8       10     8 .data
           30af8            30af8        4     1         /usr/lib/gcc-cross/aarch64-linux-gnu/14/../../../../aarch64-linux-gnu/lib/Scrt1.o:(.data)
           30af8            30af8        0     1                 data_start
           30af8            30af8        0     1                 __data_start
           30afc            30afc        0     1         /usr/lib/gcc-cross/aarch64-linux-gnu/14/../../../../aarch64-linux-gnu/lib/crti.o:(.data)
           30afc            30afc        0     1         /usr/lib/gcc-cross/aarch64-linux-gnu/14/crtbeginS.o:(.data)
           30b00            30b00        8     8         /usr/lib/gcc-cross/aarch64-linux-gnu/14/crtbeginS.o:(.data.rel.local)
           30b00            30b00        0     1                 $d
           30b00            30b00        0     1                 __dso_handle
           30b08            30b08        0     1         /usr/lib/gcc-cross/aarch64-linux-gnu/14/crtendS.o:(.data)
           30b08            30b08        0     1         /usr/lib/gcc-cross/aarch64-linux-gnu/14/../../../../aarch64-linux-gnu/lib/crtn.o:(.data)
           30b08            30b08        0     8 .tm_clone_table
           30b08            30b08        0     8         /usr/lib/gcc-cross/aarch64-linux-gnu/14/crtbeginS.o:(.tm_clone_table)
           30b08            30b08        0     1                 __TMC_LIST__
           30b08            30b08        0     8         /usr/lib/gcc-cross/aarch64-linux-gnu/14/crtendS.o:(.tm_clone_table)
           30b08            30b08        0     1                 __TMC_END__
           30b08            30b08       38     8 .got.plt
           30b08            30b08       38     8         <internal>:(.got.plt)
           30b40            30b40       14     8 .bss
           30b40            30b40        0     1         /usr/lib/gcc-cross/aarch64-linux-gnu/14/../../../../aarch64-linux-gnu/lib/Scrt1.o:(.bss)
           30b40            30b40        0     1         /usr/lib/gcc-cross/aarch64-linux-gnu/14/../../../../aarch64-linux-gnu/lib/crti.o:(.bss)
           30b40            30b40        1     1         /usr/lib/gcc-cross/aarch64-linux-gnu/14/crtbeginS.o:(.bss)
           30b40            30b40        1     1                 completed.0
           30b40            30b40        0     1                 $d
           30b48            30b48        8     8         /work/fixtures/bin/linux-clang/aarch64/O2/opaque/opaque.o:(.bss.g_opaque)
           30b48            30b48        0     1                 $d
           30b48            30b48        8     1                 g_opaque
           30b50            30b50        4     4         /work/fixtures/bin/linux-clang/aarch64/O2/opaque/opaque.o:(.bss.g_defined)
           30b50            30b50        0     1                 $d
           30b50            30b50        4     1                 g_defined
           30b54            30b54        0     1         /usr/lib/gcc-cross/aarch64-linux-gnu/14/crtendS.o:(.bss)
           30b54            30b54        0     1         /usr/lib/gcc-cross/aarch64-linux-gnu/14/../../../../aarch64-linux-gnu/lib/crtn.o:(.bss)
               0                0       5d     1 .comment
               0                0       5d     1         <internal>:(.comment)
               0                0       79     1 .debug_abbrev
               0                0       79     1         /work/fixtures/bin/linux-clang/aarch64/O2/opaque/opaque.o:(.debug_abbrev)
               0                0        0     1                 $d
               0                0       63     1 .debug_info
               0                0       63     1         /work/fixtures/bin/linux-clang/aarch64/O2/opaque/opaque.o:(.debug_info)
               0                0        0     1                 $d
               0                0       30     1 .debug_str_offsets
               0                0       30     1         /work/fixtures/bin/linux-clang/aarch64/O2/opaque/opaque.o:(.debug_str_offsets)
               0                0        0     1                 $d
               0                0       62     1 .debug_str
               0                0       62     1         <internal>:(.debug_str)
               0                0       20     1 .debug_addr
               0                0       20     1         /work/fixtures/bin/linux-clang/aarch64/O2/opaque/opaque.o:(.debug_addr)
               0                0        0     1                 $d
               0                0       60     1 .debug_line
               0                0       60     1         /work/fixtures/bin/linux-clang/aarch64/O2/opaque/opaque.o:(.debug_line)
               0                0        0     1                 $d
               0                0       12     1 .debug_line_str
               0                0       12     1         <internal>:(.debug_line_str)
               0                0      5b8     8 .symtab
               0                0      5b8     8         <internal>:(.symtab)
               0                0      195     1 .shstrtab
               0                0      195     1         <internal>:(.shstrtab)
               0                0      222     1 .strtab
               0                0      222     1         <internal>:(.strtab)
