 bitfields

 Timestamp is 6aa9b3e8 (Tue Sep 15 21:08:56 2026)

 Preferred load address is 0000000140000000

 Start         Length     Name                   Class
 0001:00000000 00000025H .text                   CODE
 0001:00000030 00001303H .text$mn                CODE
 0001:00001340 00000036H .text$mn$00             CODE
 0001:00001380 00000038H .text$x                 CODE
 0002:00000000 00000150H .rdata                  DATA
 0002:00000180 00000080H .rdata$CastGuardVftablesA DATA
 0002:00000200 00000080H .rdata$CastGuardVftablesC DATA
 0002:00000308 00000038H .00cfg                  DATA
 0002:00000340 00000008H .CRT$XCA                DATA
 0002:00000348 00000008H .CRT$XCAA               DATA
 0002:00000350 00000008H .CRT$XCZ                DATA
 0002:00000358 00000008H .CRT$XIA                DATA
 0002:00000360 00000008H .CRT$XIAA               DATA
 0002:00000368 00000008H .CRT$XIAC               DATA
 0002:00000370 00000008H .CRT$XIZ                DATA
 0002:00000378 00000008H .CRT$XPA                DATA
 0002:00000380 00000008H .CRT$XPZ                DATA
 0002:00000388 00000008H .CRT$XTA                DATA
 0002:00000390 00000008H .CRT$XTZ                DATA
 0002:00000b00 00000008H .rtc$IAA                DATA
 0002:00000b08 00000008H .rtc$IZZ                DATA
 0002:00000b10 00000008H .rtc$TAA                DATA
 0002:00000b18 00000008H .rtc$TZZ                DATA
 0002:00000b20 000001c4H .xdata                  DATA
 0003:00000000 000000b4H .data                   DATA
 0003:000000b8 000000c8H .bss                    DATA
 0004:00000000 000001ecH .pdata                  DATA

  Address         Publics by Value              Rva+Base               Lib:Object

 0000:00000000       __AbsoluteZero             0000000000000000     <absolute>
 0000:00000000       __guard_fids_table         0000000000000000     <absolute>
 0000:00000000       __guard_fids_count         0000000000000000     <absolute>
 0000:00000000       __guard_iat_table          0000000000000000     <absolute>
 0000:00000000       __guard_iat_count          0000000000000000     <absolute>
 0000:00000000       __guard_longjmp_table      0000000000000000     <absolute>
 0000:00000000       __guard_longjmp_count      0000000000000000     <absolute>
 0000:00000000       __enclave_config           0000000000000000     <absolute>
 0000:00000000       __guard_eh_cont_table      0000000000000000     <absolute>
 0000:00000000       __guard_eh_cont_count      0000000000000000     <absolute>
 0000:00000000       __volatile_metadata        0000000000000000     <absolute>
 0000:00000003       @vol.md                    0000000000000003     <absolute>
 0000:00000003       @vol.md                    0000000000000003     <absolute>
 0000:00000003       @vol.md                    0000000000000003     <absolute>
 0000:00000003       @vol.md                    0000000000000003     <absolute>
 0000:00000003       @vol.md                    0000000000000003     <absolute>
 0000:00000003       @vol.md                    0000000000000003     <absolute>
 0000:00000003       @vol.md                    0000000000000003     <absolute>
 0000:00000003       @vol.md                    0000000000000003     <absolute>
 0000:00000003       @vol.md                    0000000000000003     <absolute>
 0000:00000003       @vol.md                    0000000000000003     <absolute>
 0000:00000003       @vol.md                    0000000000000003     <absolute>
 0000:00000003       @vol.md                    0000000000000003     <absolute>
 0000:00000003       @vol.md                    0000000000000003     <absolute>
 0000:00000003       @vol.md                    0000000000000003     <absolute>
 0000:00000003       @vol.md                    0000000000000003     <absolute>
 0000:00000003       @vol.md                    0000000000000003     <absolute>
 0000:00000003       @vol.md                    0000000000000003     <absolute>
 0000:00000003       @vol.md                    0000000000000003     <absolute>
 0000:00000003       @vol.md                    0000000000000003     <absolute>
 0000:00000003       @vol.md                    0000000000000003     <absolute>
 0000:00000003       @vol.md                    0000000000000003     <absolute>
 0000:00000003       @vol.md                    0000000000000003     <absolute>
 0000:00000003       @vol.md                    0000000000000003     <absolute>
 0000:00000003       @vol.md                    0000000000000003     <absolute>
 0000:00000003       @vol.md                    0000000000000003     <absolute>
 0000:00000003       @vol.md                    0000000000000003     <absolute>
 0000:00000003       @vol.md                    0000000000000003     <absolute>
 0000:00000100       __guard_flags              0000000000000100     <absolute>
 0000:00000000       __ImageBase                0000000140000000     <linker-defined>
 0001:00000000       main                       0000000140001000     bitfields.obj
 0001:00000120       ?configure_argv@__scrt_narrow_argv_policy@@SAHXZ 0000000140001120     msvcrt:exe_main.obj
 0001:00000140       ?initialize_environment@__scrt_narrow_environment_policy@@SAHXZ 0000000140001140     msvcrt:exe_main.obj
 0001:00000150       ?set_app_type@__scrt_main_policy@@SAXXZ 0000000140001150     msvcrt:exe_main.obj
 0001:00000160       ?set_fmode@__scrt_file_policy@@SAXXZ 0000000140001160     msvcrt:exe_main.obj
 0001:00000180       ?set_commode@__scrt_file_policy@@SAXXZ 0000000140001180     msvcrt:exe_main.obj
 0001:00000380       mainCRTStartup             0000000140001380     msvcrt:exe_main.obj
 0001:000003a0       atexit                     00000001400013a0     msvcrt:utility.obj
 0001:000003e0       _onexit                    00000001400013e0     msvcrt:utility.obj
 0001:00000430       at_quick_exit              0000000140001430     msvcrt:utility.obj
 0001:00000450       NtCurrentTeb               0000000140001450     msvcrt:utility.obj
 0001:00000460       __scrt_is_nonwritable_in_current_image 0000000140001460     msvcrt:utility.obj
 0001:00000500       __scrt_acquire_startup_lock 0000000140001500     msvcrt:utility.obj
 0001:00000550       __scrt_release_startup_lock 0000000140001550     msvcrt:utility.obj
 0001:00000580       __scrt_initialize_crt      0000000140001580     msvcrt:utility.obj
 0001:000005c0       __scrt_uninitialize_crt    00000001400015c0     msvcrt:utility.obj
 0001:000005f0       __scrt_initialize_onexit_tables 00000001400015f0     msvcrt:utility.obj
 0001:00000690       __scrt_dllmain_exception_filter 0000000140001690     msvcrt:utility.obj
 0001:000006e0       __scrt_dllmain_before_initialize_c 00000001400016e0     msvcrt:utility.obj
 0001:00000760       __scrt_dllmain_after_initialize_c 0000000140001760     msvcrt:utility.obj
 0001:000007a0       __scrt_dllmain_uninitialize_c 00000001400017a0     msvcrt:utility.obj
 0001:000007e0       __scrt_dllmain_uninitialize_critical 00000001400017e0     msvcrt:utility.obj
 0001:00000800       __scrt_dllmain_crt_thread_attach 0000000140001800     msvcrt:utility.obj
 0001:00000830       __scrt_dllmain_crt_thread_detach 0000000140001830     msvcrt:utility.obj
 0001:000008d0       __security_init_cookie     00000001400018d0     msvcrt:gs_support.obj
 0001:00000a10       _matherr                   0000000140001a10     msvcrt:matherr.obj
 0001:00000a20       _get_startup_argv_mode     0000000140001a20     msvcrt:argv_mode.obj
 0001:00000a30       _get_startup_commit_mode   0000000140001a30     msvcrt:commit_mode.obj
 0001:00000a40       _get_startup_file_mode     0000000140001a40     msvcrt:file_mode.obj
 0001:00000a50       _get_startup_new_mode      0000000140001a50     msvcrt:new_mode.obj
 0001:00000a60       _get_startup_thread_locale_mode 0000000140001a60     msvcrt:thread_locale.obj
 0001:00000a70       ?__scrt_initialize_type_info@@YAXXZ 0000000140001a70     msvcrt:tncleanup.obj
 0001:00000a80       ?__scrt_uninitialize_type_info@@YAXXZ 0000000140001a80     msvcrt:tncleanup.obj
 0001:00000a90       _should_initialize_environment 0000000140001a90     msvcrt:env_mode.obj
 0001:00000aa0       _initialize_invalid_parameter_handler 0000000140001aa0     msvcrt:invalid_parameter_handler.obj
 0001:00000ab0       _initialize_denormal_control 0000000140001ab0     msvcrt:denormal_control.obj
 0001:00000ac0       __scrt_initialize_default_local_stdio_options 0000000140001ac0     msvcrt:default_local_stdio_options.obj
 0001:00000ae0       __local_stdio_printf_options 0000000140001ae0     msvcrt:default_local_stdio_options.obj
 0001:00000af0       __local_stdio_scanf_options 0000000140001af0     msvcrt:default_local_stdio_options.obj
 0001:00000b00       __scrt_is_user_matherr_present 0000000140001b00     msvcrt:matherr_detection.obj
 0001:00000b10       __scrt_get_dyn_tls_init_callback 0000000140001b10     msvcrt:dyn_tls_init.obj
 0001:00000b20       __scrt_get_dyn_tls_dtor_callback 0000000140001b20     msvcrt:dyn_tls_dtor.obj
 0001:00000b30       __crt_debugger_hook        0000000140001b30     msvcrt:utility_desktop.obj
 0001:00000b40       __scrt_get_show_window_mode 0000000140001b40     msvcrt:utility_desktop.obj
 0001:00000ba0       __scrt_is_managed_app      0000000140001ba0     msvcrt:utility_desktop.obj
 0001:00000c00       __scrt_initialize_winrt    0000000140001c00     msvcrt:utility_desktop.obj
 0001:00000c10       __scrt_initialize_mta      0000000140001c10     msvcrt:utility_desktop.obj
 0001:00000c20       __scrt_set_unhandled_exception_filter 0000000140001c20     msvcrt:utility_desktop.obj
 0001:00000c30       __scrt_fastfail            0000000140001c30     msvcrt:utility_desktop.obj
 0001:00000c40       __scrt_exe_initialize_mta  0000000140001c40     msvcrt:utility_desktop.obj
 0001:00000c40       __scrt_stub_for_initialize_mta 0000000140001c40     msvcrt:utility_desktop.obj
 0001:00000c50       __scrt_unhandled_exception_filter 0000000140001c50     msvcrt:utility_desktop.obj
 0001:00000cb0       _RTC_Initialize            0000000140001cb0     msvcrt:initsect.obj
 0001:00000d00       _RTC_Terminate             0000000140001d00     msvcrt:initsect.obj
 0001:00000d50       _guard_check_icall_nop     0000000140001d50     msvcrt:guard_support.obj
 0001:00000d60       ReadNoFence64              0000000140001d60     msvcrt:guard_support.obj
 0001:00000d70       ReadPointerNoFence         0000000140001d70     msvcrt:guard_support.obj
 0001:00000d80       __castguard_set_user_handler 0000000140001d80     msvcrt:guard_support.obj
 0001:00000d90       _guard_icall_checks_enforced 0000000140001d90     msvcrt:guard_support.obj
 0001:00000db0       _guard_rf_checks_enforced  0000000140001db0     msvcrt:guard_support.obj
 0001:00000e10       __castguard_check_failure_nop 0000000140001e10     msvcrt:guard_support.obj
 0001:00000e20       __castguard_check_failure_debugbreak 0000000140001e20     msvcrt:guard_support.obj
 0001:00000e40       __castguard_check_failure_fastfail 0000000140001e40     msvcrt:guard_support.obj
 0001:00000e70       __castguard_check_failure_os_handled 0000000140001e70     msvcrt:guard_support.obj
 0001:00000ea0       __castguard_check_failure_user_handled 0000000140001ea0     msvcrt:guard_support.obj
 0001:00000ef0       __castguard_slow_path_check_debugbreak 0000000140001ef0     msvcrt:guard_support.obj
 0001:00000f30       __castguard_slow_path_check_fastfail 0000000140001f30     msvcrt:guard_support.obj
 0001:00000f70       __castguard_slow_path_check_nop 0000000140001f70     msvcrt:guard_support.obj
 0001:00000f80       __castguard_slow_path_check_os_handled 0000000140001f80     msvcrt:guard_support.obj
 0001:00000fd0       __castguard_slow_path_check_user_handled 0000000140001fd0     msvcrt:guard_support.obj
 0001:00001020       __isa_available_init       0000000140002020     msvcrt:cpu_disp.obj
 0001:000012d0       __scrt_is_ucrt_dll_in_use  00000001400022d0     msvcrt:ucrt_detection.obj
 0001:000012e0       __vcrt_initialize          00000001400022e0     msvcrt:ucrt_stubs.obj
 0001:000012e0       __acrt_initialize          00000001400022e0     msvcrt:ucrt_stubs.obj
 0001:000012e0       __scrt_stub_for_acrt_initialize 00000001400022e0     msvcrt:ucrt_stubs.obj
 0001:000012f0       __vcrt_uninitialize        00000001400022f0     msvcrt:ucrt_stubs.obj
 0001:000012f0       __acrt_uninitialize        00000001400022f0     msvcrt:ucrt_stubs.obj
 0001:000012f0       __scrt_stub_for_acrt_uninitialize 00000001400022f0     msvcrt:ucrt_stubs.obj
 0001:00001300       __vcrt_uninitialize_critical 0000000140002300     msvcrt:ucrt_stubs.obj
 0001:00001300       __acrt_uninitialize_critical 0000000140002300     msvcrt:ucrt_stubs.obj
 0001:00001300       __scrt_stub_for_acrt_uninitialize_critical 0000000140002300     msvcrt:ucrt_stubs.obj
 0001:00001310       __vcrt_thread_attach       0000000140002310     msvcrt:ucrt_stubs.obj
 0001:00001310       __acrt_thread_attach       0000000140002310     msvcrt:ucrt_stubs.obj
 0001:00001310       __scrt_stub_for_acrt_thread_attach 0000000140002310     msvcrt:ucrt_stubs.obj
 0001:00001320       __vcrt_thread_detach       0000000140002320     msvcrt:ucrt_stubs.obj
 0001:00001320       __acrt_thread_detach       0000000140002320     msvcrt:ucrt_stubs.obj
 0001:00001320       __scrt_stub_for_acrt_thread_detach 0000000140002320     msvcrt:ucrt_stubs.obj
 0001:00001330       _is_c_termination_complete 0000000140002330     msvcrt:ucrt_stubs.obj
 0001:00001330       __scrt_stub_for_is_c_termination_complete 0000000140002330     msvcrt:ucrt_stubs.obj
 0001:00001350       _guard_dispatch_icall_nop  0000000140002350     msvcrt:guard_dispatch.obj
 0001:00001370       _guard_xfg_dispatch_icall_nop 0000000140002370     msvcrt:guard_xfg_dispatch.obj
 0001:000013c0       GetCurrentProcessId        00000001400023c0     kernel32:KERNEL32.dll
 0001:000013d0       GetCurrentThreadId         00000001400023d0     kernel32:KERNEL32.dll
 0001:000013e0       GetModuleHandleW           00000001400023e0     kernel32:KERNEL32.dll
 0001:000013f0       GetStartupInfoW            00000001400023f0     kernel32:KERNEL32.dll
 0001:00001400       GetSystemTimeAsFileTime    0000000140002400     kernel32:KERNEL32.dll
 0001:00001410       InitializeSListHead        0000000140002410     kernel32:KERNEL32.dll
 0001:00001420       QueryPerformanceCounter    0000000140002420     kernel32:KERNEL32.dll
 0001:00001430       SetUnhandledExceptionFilter 0000000140002430     kernel32:KERNEL32.dll
 0001:00001440       __C_specific_handler       0000000140002440     vcruntime:VCRUNTIME140.dll
 0001:00001450       __current_exception        0000000140002450     vcruntime:VCRUNTIME140.dll
 0001:00001460       __current_exception_context 0000000140002460     vcruntime:VCRUNTIME140.dll
 0001:00001470       __std_type_info_destroy_list 0000000140002470     vcruntime:VCRUNTIME140.dll
 0001:00001480       __p___argc                 0000000140002480     ucrt:api-ms-win-crt-runtime-l1-1-0.dll
 0001:00001490       __p___argv                 0000000140002490     ucrt:api-ms-win-crt-runtime-l1-1-0.dll
 0001:000014a0       __p__commode               00000001400024a0     ucrt:api-ms-win-crt-stdio-l1-1-0.dll
 0001:000014b0       __setusermatherr           00000001400024b0     ucrt:api-ms-win-crt-math-l1-1-0.dll
 0001:000014c0       _c_exit                    00000001400024c0     ucrt:api-ms-win-crt-runtime-l1-1-0.dll
 0001:000014d0       _cexit                     00000001400024d0     ucrt:api-ms-win-crt-runtime-l1-1-0.dll
 0001:000014e0       _configthreadlocale        00000001400024e0     ucrt:api-ms-win-crt-locale-l1-1-0.dll
 0001:000014f0       _configure_narrow_argv     00000001400024f0     ucrt:api-ms-win-crt-runtime-l1-1-0.dll
 0001:00001500       _crt_at_quick_exit         0000000140002500     ucrt:api-ms-win-crt-runtime-l1-1-0.dll
 0001:00001510       _crt_atexit                0000000140002510     ucrt:api-ms-win-crt-runtime-l1-1-0.dll
 0001:00001520       _execute_onexit_table      0000000140002520     ucrt:api-ms-win-crt-runtime-l1-1-0.dll
 0001:00001530       _exit                      0000000140002530     ucrt:api-ms-win-crt-runtime-l1-1-0.dll
 0001:00001540       _get_initial_narrow_environment 0000000140002540     ucrt:api-ms-win-crt-runtime-l1-1-0.dll
 0001:00001550       _initialize_narrow_environment 0000000140002550     ucrt:api-ms-win-crt-runtime-l1-1-0.dll
 0001:00001560       _initialize_onexit_table   0000000140002560     ucrt:api-ms-win-crt-runtime-l1-1-0.dll
 0001:00001570       _initterm                  0000000140002570     ucrt:api-ms-win-crt-runtime-l1-1-0.dll
 0001:00001580       _initterm_e                0000000140002580     ucrt:api-ms-win-crt-runtime-l1-1-0.dll
 0001:00001590       _register_onexit_function  0000000140002590     ucrt:api-ms-win-crt-runtime-l1-1-0.dll
 0001:000015a0       _register_thread_local_exe_atexit_callback 00000001400025a0     ucrt:api-ms-win-crt-runtime-l1-1-0.dll
 0001:000015b0       _seh_filter_dll            00000001400025b0     ucrt:api-ms-win-crt-runtime-l1-1-0.dll
 0001:000015c0       _seh_filter_exe            00000001400025c0     ucrt:api-ms-win-crt-runtime-l1-1-0.dll
 0001:000015d0       _set_app_type              00000001400025d0     ucrt:api-ms-win-crt-runtime-l1-1-0.dll
 0001:000015e0       _set_fmode                 00000001400025e0     ucrt:api-ms-win-crt-stdio-l1-1-0.dll
 0001:000015f0       _set_new_mode              00000001400025f0     ucrt:api-ms-win-crt-heap-l1-1-0.dll
 0001:00001600       exit                       0000000140002600     ucrt:api-ms-win-crt-runtime-l1-1-0.dll
 0001:00001610       terminate                  0000000140002610     ucrt:api-ms-win-crt-runtime-l1-1-0.dll
 0001:00001620       memcpy                     0000000140002620     vcruntime:VCRUNTIME140.dll
 0002:00000000       _load_config_used          0000000140003000     msvcrt:loadcfg.obj
 0002:00000140       __xmm@ffffffffffffffffffffffffffffffff 0000000140003140     msvcrt:utility.obj
 0002:00000180       __CastGuardVftablesStart   0000000140003180     msvcrt:guard_support.obj
 0002:00000200       __CastGuardVftablesEnd     0000000140003200     msvcrt:guard_support.obj
 0002:00000308       __guard_check_icall_fptr   0000000140003308     msvcrt:guard_support.obj
 0002:00000310       __guard_xfg_check_icall_fptr 0000000140003310     msvcrt:guard_support.obj
 0002:00000318       __guard_dispatch_icall_fptr 0000000140003318     msvcrt:guard_support.obj
 0002:00000320       __guard_xfg_dispatch_icall_fptr 0000000140003320     msvcrt:guard_support.obj
 0002:00000328       __guard_xfg_table_dispatch_icall_fptr 0000000140003328     msvcrt:guard_support.obj
 0002:00000330       __castguard_check_failure_os_handled_fptr 0000000140003330     msvcrt:guard_support.obj
 0002:00000338       __guard_memcpy_fptr        0000000140003338     vcruntime:softmemtag.obj
 0002:00000340       __xc_a                     0000000140003340     msvcrt:initializers.obj
 0002:00000350       __xc_z                     0000000140003350     msvcrt:initializers.obj
 0002:00000358       __xi_a                     0000000140003358     msvcrt:initializers.obj
 0002:00000370       __xi_z                     0000000140003370     msvcrt:initializers.obj
 0002:00000378       __xp_a                     0000000140003378     msvcrt:initializers.obj
 0002:00000380       __xp_z                     0000000140003380     msvcrt:initializers.obj
 0002:00000388       __xt_a                     0000000140003388     msvcrt:initializers.obj
 0002:00000390       __xt_z                     0000000140003390     msvcrt:initializers.obj
 0002:000005a8       __imp_GetCurrentProcessId  00000001400035a8     kernel32:KERNEL32.dll
 0002:000005b0       __imp_GetCurrentThreadId   00000001400035b0     kernel32:KERNEL32.dll
 0002:000005b8       __imp_GetModuleHandleW     00000001400035b8     kernel32:KERNEL32.dll
 0002:000005c0       __imp_GetStartupInfoW      00000001400035c0     kernel32:KERNEL32.dll
 0002:000005c8       __imp_GetSystemTimeAsFileTime 00000001400035c8     kernel32:KERNEL32.dll
 0002:000005d0       __imp_InitializeSListHead  00000001400035d0     kernel32:KERNEL32.dll
 0002:000005d8       __imp_QueryPerformanceCounter 00000001400035d8     kernel32:KERNEL32.dll
 0002:000005e0       __imp_SetUnhandledExceptionFilter 00000001400035e0     kernel32:KERNEL32.dll
 0002:000005f0       __imp___C_specific_handler 00000001400035f0     vcruntime:VCRUNTIME140.dll
 0002:000005f8       __imp___current_exception  00000001400035f8     vcruntime:VCRUNTIME140.dll
 0002:00000600       __imp___current_exception_context 0000000140003600     vcruntime:VCRUNTIME140.dll
 0002:00000608       __imp___std_type_info_destroy_list 0000000140003608     vcruntime:VCRUNTIME140.dll
 0002:00000610       __imp_memcpy               0000000140003610     vcruntime:VCRUNTIME140.dll
 0002:00000620       __imp___p___argc           0000000140003620     ucrt:api-ms-win-crt-runtime-l1-1-0.dll
 0002:00000628       __imp___p___argv           0000000140003628     ucrt:api-ms-win-crt-runtime-l1-1-0.dll
 0002:00000630       __imp__c_exit              0000000140003630     ucrt:api-ms-win-crt-runtime-l1-1-0.dll
 0002:00000638       __imp__cexit               0000000140003638     ucrt:api-ms-win-crt-runtime-l1-1-0.dll
 0002:00000640       __imp__configure_narrow_argv 0000000140003640     ucrt:api-ms-win-crt-runtime-l1-1-0.dll
 0002:00000648       __imp__crt_at_quick_exit   0000000140003648     ucrt:api-ms-win-crt-runtime-l1-1-0.dll
 0002:00000650       __imp__crt_atexit          0000000140003650     ucrt:api-ms-win-crt-runtime-l1-1-0.dll
 0002:00000658       __imp__execute_onexit_table 0000000140003658     ucrt:api-ms-win-crt-runtime-l1-1-0.dll
 0002:00000660       __imp__exit                0000000140003660     ucrt:api-ms-win-crt-runtime-l1-1-0.dll
 0002:00000668       __imp__get_initial_narrow_environment 0000000140003668     ucrt:api-ms-win-crt-runtime-l1-1-0.dll
 0002:00000670       __imp__initialize_narrow_environment 0000000140003670     ucrt:api-ms-win-crt-runtime-l1-1-0.dll
 0002:00000678       __imp__initialize_onexit_table 0000000140003678     ucrt:api-ms-win-crt-runtime-l1-1-0.dll
 0002:00000680       __imp__initterm            0000000140003680     ucrt:api-ms-win-crt-runtime-l1-1-0.dll
 0002:00000688       __imp__initterm_e          0000000140003688     ucrt:api-ms-win-crt-runtime-l1-1-0.dll
 0002:00000690       __imp__register_onexit_function 0000000140003690     ucrt:api-ms-win-crt-runtime-l1-1-0.dll
 0002:00000698       __imp__register_thread_local_exe_atexit_callback 0000000140003698     ucrt:api-ms-win-crt-runtime-l1-1-0.dll
 0002:000006a0       __imp__seh_filter_dll      00000001400036a0     ucrt:api-ms-win-crt-runtime-l1-1-0.dll
 0002:000006a8       __imp__seh_filter_exe      00000001400036a8     ucrt:api-ms-win-crt-runtime-l1-1-0.dll
 0002:000006b0       __imp__set_app_type        00000001400036b0     ucrt:api-ms-win-crt-runtime-l1-1-0.dll
 0002:000006b8       __imp_exit                 00000001400036b8     ucrt:api-ms-win-crt-runtime-l1-1-0.dll
 0002:000006c0       __imp_terminate            00000001400036c0     ucrt:api-ms-win-crt-runtime-l1-1-0.dll
 0002:000006d0       __imp___p__commode         00000001400036d0     ucrt:api-ms-win-crt-stdio-l1-1-0.dll
 0002:000006d8       __imp__set_fmode           00000001400036d8     ucrt:api-ms-win-crt-stdio-l1-1-0.dll
 0002:000006e8       __imp___setusermatherr     00000001400036e8     ucrt:api-ms-win-crt-math-l1-1-0.dll
 0002:000006f8       __imp__configthreadlocale  00000001400036f8     ucrt:api-ms-win-crt-locale-l1-1-0.dll
 0002:00000708       __imp__set_new_mode        0000000140003708     ucrt:api-ms-win-crt-heap-l1-1-0.dll
 0002:00000b00       __rtc_iaa                  0000000140003b00     msvcrt:initsect.obj
 0002:00000b08       __rtc_izz                  0000000140003b08     msvcrt:initsect.obj
 0002:00000b10       __rtc_taa                  0000000140003b10     msvcrt:initsect.obj
 0002:00000b18       __rtc_tzz                  0000000140003b18     msvcrt:initsect.obj
 0003:00000000       __scrt_native_dllmain_reason 0000000140004000     msvcrt:utility.obj
 0003:00000004       __scrt_default_matherr     0000000140004004     msvcrt:matherr.obj
 0003:00000040       __security_cookie          0000000140004040     msvcrt:gs_cookie.obj
 0003:00000080       __security_cookie_complement 0000000140004080     msvcrt:gs_cookie.obj
 0003:00000088       __isa_available            0000000140004088     msvcrt:cpu_disp.obj
 0003:0000008c       __isa_enabled              000000014000408c     msvcrt:cpu_disp.obj
 0003:00000090       __memset_fast_string_threshold 0000000140004090     msvcrt:cpu_disp.obj
 0003:00000098       __memset_nt_threshold      0000000140004098     msvcrt:cpu_disp.obj
 0003:000000a0       __isa_inverted             00000001400040a0     msvcrt:cpu_disp.obj
 0003:000000b0       __scrt_ucrt_dll_is_in_use  00000001400040b0     msvcrt:ucrt_stubs.obj
 0003:000000b8       ?g_flags@@3UFlags@@A       00000001400040b8     bitfields.obj
 0003:000000d8       ?g_register_bits@@3URegisterBits@@A 00000001400040d8     bitfields.obj
 0003:000000e0       __scrt_current_native_startup_state 00000001400040e0     msvcrt:utility.obj
 0003:000000e8       __scrt_native_startup_lock 00000001400040e8     msvcrt:utility.obj
 0003:00000130       ?__type_info_root_node@@3U__type_info_node@@A 0000000140004130     msvcrt:tncleanup.obj
 0003:00000140       ?_OptionsStorage@?1??__local_stdio_printf_options@@9@4_KA 0000000140004140     msvcrt:default_local_stdio_options.obj
 0003:00000148       ?_OptionsStorage@?1??__local_stdio_scanf_options@@9@4_KA 0000000140004148     msvcrt:default_local_stdio_options.obj
 0000:00000000       __dyn_tls_init_callback    0000000140004158     <common>
 0000:00000000       __dyn_tls_dtor_callback    0000000140004160     <common>
 0003:00000168       __scrt_debugger_hook_flag  0000000140004168     msvcrt:utility_desktop.obj
 0003:00000170       __castguard_check_failure_user_handled_fptr 0000000140004170     msvcrt:guard_support.obj
 0003:00000178       __favor                    0000000140004178     msvcrt:cpu_disp.obj
 0003:0000017c       __avx10_version            000000014000417c     msvcrt:cpu_disp.obj

 entry point at         0001:00000380

 Static symbols

 0000:00000000       __guard_fids__             0000000140000000     msvcrt:exe_main.obj
 0000:00000000       __guard_fids_?pre_c_initialization@@YAHXZ 0000000140000000     msvcrt:exe_main.obj
 0000:00000000       __guard_ehcont_?__scrt_common_main_seh@@YAHXZ 0000000140000000     msvcrt:exe_main.obj
 0000:00000000       __guard_ehcont___scrt_is_nonwritable_in_current_image 0000000140000000     msvcrt:utility.obj
 0000:00000000       __guard_fids___scrt_set_unhandled_exception_filter 0000000140000000     msvcrt:utility_desktop.obj
 0000:00000000       __guard_fids__             0000000140000000     msvcrt:guard_support.obj
 0000:00000000       __guard_fids__             0000000140000000     msvcrt:guard_support.obj
 0000:00000000       __guard_fids__guard_icall_checks_enforced 0000000140000000     msvcrt:guard_support.obj
 0000:00000000       __guard_fids__             0000000140000000     vcruntime:softmemtag.obj
 0000:00000004       __guard_fids__             0000000140000004     msvcrt:exe_main.obj
 0000:00000008       __guard_fids__             0000000140000008     msvcrt:exe_main.obj
 0001:00000030       ?pre_c_initialization@@YAHXZ 0000000140001030     msvcrt:exe_main.obj
 0001:000000f0       ?post_pgo_initialization@@YAHXZ 00000001400010f0     msvcrt:exe_main.obj
 0001:00000100       ?pre_cpp_initialization@@YAXXZ 0000000140001100     msvcrt:exe_main.obj
 0001:000001a0       ?invoke_main@@YAHXZ        00000001400011a0     msvcrt:exe_main.obj
 0001:000001e0       ?__scrt_common_main_seh@@YAHXZ 00000001400011e0     msvcrt:exe_main.obj
 0001:00000360       ?__scrt_common_main@@YAHXZ 0000000140001360     msvcrt:exe_main.obj
 0001:00000850       ?is_potentially_valid_image_base@@YA_NQEAX@Z 0000000140001850     msvcrt:utility.obj
 0001:00000880       ?find_pe_section@@YAPEAU_IMAGE_SECTION_HEADER@@QEAE_K@Z 0000000140001880     msvcrt:utility.obj
 0001:00000990       __get_entropy              0000000140001990     msvcrt:gs_support.obj
 0001:00000dc0       __castguard_compat_check   0000000140001dc0     msvcrt:guard_support.obj
 0001:00000de0       __castguard_check_failure_os_handled_wrapper 0000000140001de0     msvcrt:guard_support.obj
 0001:00000df0       __castguard_check_failure_user_handled_wrapper 0000000140001df0     msvcrt:guard_support.obj
 0001:00000ed0       __castguard_slow_path_compat_check 0000000140001ed0     msvcrt:guard_support.obj
 0001:00001340       $$000000                   0000000140002340     msvcrt:guard_dispatch.obj
 0001:00001360       $$000000                   0000000140002360     msvcrt:guard_xfg_dispatch.obj
 0001:00001380       ?filt$0@?0??__scrt_common_main_seh@@YAHXZ@4HA 0000000140002380     msvcrt:exe_main.obj
 0001:000013a0       __scrt_is_nonwritable_in_current_image$filt$0 00000001400023a0     msvcrt:utility.obj
 0002:00000348       ?pre_cpp_initializer@@3P6AXXZEA 0000000140003348     msvcrt:exe_main.obj
 0002:00000360       ?pre_c_initializer@@3P6AHXZEA 0000000140003360     msvcrt:exe_main.obj
 0002:00000368       ?post_pgo_initializer@@3P6AHXZEA 0000000140003368     msvcrt:exe_main.obj
 0002:00000b28       $unwind$?configure_argv@__scrt_narrow_argv_policy@@SAHXZ 0000000140003b28     msvcrt:exe_main.obj
 0002:00000b30       $unwind$?set_fmode@__scrt_file_policy@@SAXXZ 0000000140003b30     msvcrt:exe_main.obj
 0002:00000b38       $unwind$?set_commode@__scrt_file_policy@@SAXXZ 0000000140003b38     msvcrt:exe_main.obj
 0002:00000b40       $unwind$?invoke_main@@YAHXZ 0000000140003b40     msvcrt:exe_main.obj
 0002:00000b4c       $unwind$?pre_c_initialization@@YAHXZ 0000000140003b4c     msvcrt:exe_main.obj
 0002:00000b54       $unwind$?post_pgo_initialization@@YAHXZ 0000000140003b54     msvcrt:exe_main.obj
 0002:00000b5c       $unwind$?pre_cpp_initialization@@YAXXZ 0000000140003b5c     msvcrt:exe_main.obj
 0002:00000b64       $unwind$?__scrt_common_main_seh@@YAHXZ 0000000140003b64     msvcrt:exe_main.obj
 0002:00000b9c       $unwind$?filt$0@?0??__scrt_common_main_seh@@YAHXZ@4HA 0000000140003b9c     msvcrt:exe_main.obj
 0002:00000ba4       $unwind$?__scrt_common_main@@YAHXZ 0000000140003ba4     msvcrt:exe_main.obj
 0002:00000bac       $unwind$mainCRTStartup     0000000140003bac     msvcrt:exe_main.obj
 0002:00000bb4       $unwind$atexit             0000000140003bb4     msvcrt:utility.obj
 0002:00000bbc       $unwind$_onexit            0000000140003bbc     msvcrt:utility.obj
 0002:00000bc4       $unwind$__scrt_is_nonwritable_in_current_image 0000000140003bc4     msvcrt:utility.obj
 0002:00000be4       $unwind$__scrt_is_nonwritable_in_current_image$filt$0 0000000140003be4     msvcrt:utility.obj
 0002:00000bec       $unwind$__scrt_acquire_startup_lock 0000000140003bec     msvcrt:utility.obj
 0002:00000bf4       $unwind$__scrt_release_startup_lock 0000000140003bf4     msvcrt:utility.obj
 0002:00000bfc       $unwind$__scrt_initialize_crt 0000000140003bfc     msvcrt:utility.obj
 0002:00000c04       $unwind$__scrt_uninitialize_crt 0000000140003c04     msvcrt:utility.obj
 0002:00000c0c       $unwind$__scrt_initialize_onexit_tables 0000000140003c0c     msvcrt:utility.obj
 0002:00000c14       $unwind$__scrt_dllmain_exception_filter 0000000140003c14     msvcrt:utility.obj
 0002:00000c24       $unwind$__scrt_dllmain_before_initialize_c 0000000140003c24     msvcrt:utility.obj
 0002:00000c2c       $unwind$__scrt_dllmain_after_initialize_c 0000000140003c2c     msvcrt:utility.obj
 0002:00000c34       $unwind$__scrt_dllmain_uninitialize_c 0000000140003c34     msvcrt:utility.obj
 0002:00000c3c       $unwind$__scrt_dllmain_uninitialize_critical 0000000140003c3c     msvcrt:utility.obj
 0002:00000c44       $unwind$__scrt_dllmain_crt_thread_attach 0000000140003c44     msvcrt:utility.obj
 0002:00000c4c       $unwind$__scrt_dllmain_crt_thread_detach 0000000140003c4c     msvcrt:utility.obj
 0002:00000c54       $unwind$__security_init_cookie 0000000140003c54     msvcrt:gs_support.obj
 0002:00000c5c       $unwind$__get_entropy      0000000140003c5c     msvcrt:gs_support.obj
 0002:00000c64       $unwind$__scrt_initialize_default_local_stdio_options 0000000140003c64     msvcrt:default_local_stdio_options.obj
 0002:00000c6c       $unwind$__scrt_get_show_window_mode 0000000140003c6c     msvcrt:utility_desktop.obj
 0002:00000c74       $unwind$__scrt_is_managed_app 0000000140003c74     msvcrt:utility_desktop.obj
 0002:00000c7c       $unwind$__scrt_unhandled_exception_filter 0000000140003c7c     msvcrt:utility_desktop.obj
 0002:00000c88       $unwind$_RTC_Initialize    0000000140003c88     msvcrt:initsect.obj
 0002:00000c94       $unwind$_RTC_Terminate     0000000140003c94     msvcrt:initsect.obj
 0002:00000ca0       $unwind$__isa_available_init 0000000140003ca0     msvcrt:cpu_disp.obj
 0002:00000cac       $chain$1$__isa_available_init 0000000140003cac     msvcrt:cpu_disp.obj
 0002:00000cc4       $chain$2$__isa_available_init 0000000140003cc4     msvcrt:cpu_disp.obj
 0002:00000cd8       $xdatasym                  0000000140003cd8     msvcrt:guard_dispatch.obj
 0002:00000ce0       $xdatasym                  0000000140003ce0     msvcrt:guard_xfg_dispatch.obj
 0003:000000f0       ?is_initialized_as_dll@@3_NA 00000001400040f0     msvcrt:utility.obj
 0003:000000f1       ?module_local_atexit_table_initialized@@3_NA 00000001400040f1     msvcrt:utility.obj
 0003:000000f8       ?module_local_atexit_table@@3U_onexit_table_t@@A 00000001400040f8     msvcrt:utility.obj
 0003:00000110       ?module_local_at_quick_exit_table@@3U_onexit_table_t@@A 0000000140004110     msvcrt:utility.obj
 0004:0000000c       $pdata$?configure_argv@__scrt_narrow_argv_policy@@SAHXZ 000000014000500c     msvcrt:exe_main.obj
 0004:00000018       $pdata$?set_fmode@__scrt_file_policy@@SAXXZ 0000000140005018     msvcrt:exe_main.obj
 0004:00000024       $pdata$?set_commode@__scrt_file_policy@@SAXXZ 0000000140005024     msvcrt:exe_main.obj
 0004:00000030       $pdata$?invoke_main@@YAHXZ 0000000140005030     msvcrt:exe_main.obj
 0004:0000003c       $pdata$?pre_c_initialization@@YAHXZ 000000014000503c     msvcrt:exe_main.obj
 0004:00000048       $pdata$?post_pgo_initialization@@YAHXZ 0000000140005048     msvcrt:exe_main.obj
 0004:00000054       $pdata$?pre_cpp_initialization@@YAXXZ 0000000140005054     msvcrt:exe_main.obj
 0004:00000060       $pdata$?__scrt_common_main_seh@@YAHXZ 0000000140005060     msvcrt:exe_main.obj
 0004:0000006c       $pdata$?filt$0@?0??__scrt_common_main_seh@@YAHXZ@4HA 000000014000506c     msvcrt:exe_main.obj
 0004:00000078       $pdata$?__scrt_common_main@@YAHXZ 0000000140005078     msvcrt:exe_main.obj
 0004:00000084       $pdata$mainCRTStartup      0000000140005084     msvcrt:exe_main.obj
 0004:00000090       $pdata$atexit              0000000140005090     msvcrt:utility.obj
 0004:0000009c       $pdata$_onexit             000000014000509c     msvcrt:utility.obj
 0004:000000a8       $pdata$__scrt_is_nonwritable_in_current_image 00000001400050a8     msvcrt:utility.obj
 0004:000000b4       $pdata$__scrt_is_nonwritable_in_current_image$filt$0 00000001400050b4     msvcrt:utility.obj
 0004:000000c0       $pdata$__scrt_acquire_startup_lock 00000001400050c0     msvcrt:utility.obj
 0004:000000cc       $pdata$__scrt_release_startup_lock 00000001400050cc     msvcrt:utility.obj
 0004:000000d8       $pdata$__scrt_initialize_crt 00000001400050d8     msvcrt:utility.obj
 0004:000000e4       $pdata$__scrt_uninitialize_crt 00000001400050e4     msvcrt:utility.obj
 0004:000000f0       $pdata$__scrt_initialize_onexit_tables 00000001400050f0     msvcrt:utility.obj
 0004:000000fc       $pdata$__scrt_dllmain_exception_filter 00000001400050fc     msvcrt:utility.obj
 0004:00000108       $pdata$__scrt_dllmain_before_initialize_c 0000000140005108     msvcrt:utility.obj
 0004:00000114       $pdata$__scrt_dllmain_after_initialize_c 0000000140005114     msvcrt:utility.obj
 0004:00000120       $pdata$__scrt_dllmain_uninitialize_c 0000000140005120     msvcrt:utility.obj
 0004:0000012c       $pdata$__scrt_dllmain_uninitialize_critical 000000014000512c     msvcrt:utility.obj
 0004:00000138       $pdata$__scrt_dllmain_crt_thread_attach 0000000140005138     msvcrt:utility.obj
 0004:00000144       $pdata$__scrt_dllmain_crt_thread_detach 0000000140005144     msvcrt:utility.obj
 0004:00000150       $pdata$__security_init_cookie 0000000140005150     msvcrt:gs_support.obj
 0004:0000015c       $pdata$__get_entropy       000000014000515c     msvcrt:gs_support.obj
 0004:00000168       $pdata$__scrt_initialize_default_local_stdio_options 0000000140005168     msvcrt:default_local_stdio_options.obj
 0004:00000174       $pdata$__scrt_get_show_window_mode 0000000140005174     msvcrt:utility_desktop.obj
 0004:00000180       $pdata$__scrt_is_managed_app 0000000140005180     msvcrt:utility_desktop.obj
 0004:0000018c       $pdata$__scrt_unhandled_exception_filter 000000014000518c     msvcrt:utility_desktop.obj
 0004:00000198       $pdata$_RTC_Initialize     0000000140005198     msvcrt:initsect.obj
 0004:000001a4       $pdata$_RTC_Terminate      00000001400051a4     msvcrt:initsect.obj
 0004:000001b0       $pdata$__isa_available_init 00000001400051b0     msvcrt:cpu_disp.obj
 0004:000001bc       $pdata$1$__isa_available_init 00000001400051bc     msvcrt:cpu_disp.obj
 0004:000001c8       $pdata$2$__isa_available_init 00000001400051c8     msvcrt:cpu_disp.obj
