Archive member included to satisfy reference by file (symbol)

/usr/lib/gcc/arm-none-eabi/14.2.1/thumb/v6-m/nofp/libgcc.a(fixdfsi.o)
                              /work/fixtures/bin/arm-none-eabi-gcc/thumbv6m/O0/odr_conflict/a.o (__aeabi_d2iz)

Discarded input sections

 .text          0x00000000        0x0 /work/fixtures/bin/arm-none-eabi-gcc/thumbv6m/O0/odr_conflict/a.o
 .data          0x00000000        0x0 /work/fixtures/bin/arm-none-eabi-gcc/thumbv6m/O0/odr_conflict/a.o
 .bss           0x00000000        0x0 /work/fixtures/bin/arm-none-eabi-gcc/thumbv6m/O0/odr_conflict/a.o
 .text          0x00000000        0x0 /work/fixtures/bin/arm-none-eabi-gcc/thumbv6m/O0/odr_conflict/b.o
 .data          0x00000000        0x0 /work/fixtures/bin/arm-none-eabi-gcc/thumbv6m/O0/odr_conflict/b.o
 .bss           0x00000000        0x0 /work/fixtures/bin/arm-none-eabi-gcc/thumbv6m/O0/odr_conflict/b.o
 .text          0x00000000        0x0 /work/fixtures/bin/arm-none-eabi-gcc/thumbv6m/O0/odr_conflict/support.o
 .data          0x00000000        0x0 /work/fixtures/bin/arm-none-eabi-gcc/thumbv6m/O0/odr_conflict/support.o
 .bss           0x00000000        0x0 /work/fixtures/bin/arm-none-eabi-gcc/thumbv6m/O0/odr_conflict/support.o
 .text.memset   0x00000000       0x3a /work/fixtures/bin/arm-none-eabi-gcc/thumbv6m/O0/odr_conflict/support.o
 .text.memcpy   0x00000000       0x42 /work/fixtures/bin/arm-none-eabi-gcc/thumbv6m/O0/odr_conflict/support.o
 .text.__cxa_pure_virtual
                0x00000000        0x6 /work/fixtures/bin/arm-none-eabi-gcc/thumbv6m/O0/odr_conflict/support.o
 .text.__aeabi_atexit
                0x00000000       0x16 /work/fixtures/bin/arm-none-eabi-gcc/thumbv6m/O0/odr_conflict/support.o
 .text.__cxa_atexit
                0x00000000       0x16 /work/fixtures/bin/arm-none-eabi-gcc/thumbv6m/O0/odr_conflict/support.o
 .bss.__dso_handle
                0x00000000        0x4 /work/fixtures/bin/arm-none-eabi-gcc/thumbv6m/O0/odr_conflict/support.o
 .text._ZdlPv   0x00000000       0x10 /work/fixtures/bin/arm-none-eabi-gcc/thumbv6m/O0/odr_conflict/support.o
 .text._ZdlPvj  0x00000000       0x12 /work/fixtures/bin/arm-none-eabi-gcc/thumbv6m/O0/odr_conflict/support.o
 .debug_info    0x00000000      0x1e8 /work/fixtures/bin/arm-none-eabi-gcc/thumbv6m/O0/odr_conflict/support.o
 .debug_abbrev  0x00000000      0x11f /work/fixtures/bin/arm-none-eabi-gcc/thumbv6m/O0/odr_conflict/support.o
 .debug_aranges
                0x00000000       0x50 /work/fixtures/bin/arm-none-eabi-gcc/thumbv6m/O0/odr_conflict/support.o
 .debug_rnglists
                0x00000000       0x37 /work/fixtures/bin/arm-none-eabi-gcc/thumbv6m/O0/odr_conflict/support.o
 .debug_line    0x00000000      0x122 /work/fixtures/bin/arm-none-eabi-gcc/thumbv6m/O0/odr_conflict/support.o
 .debug_str     0x00000000      0x182 /work/fixtures/bin/arm-none-eabi-gcc/thumbv6m/O0/odr_conflict/support.o
 .comment       0x00000000       0x27 /work/fixtures/bin/arm-none-eabi-gcc/thumbv6m/O0/odr_conflict/support.o
 .debug_frame   0x00000000       0xec /work/fixtures/bin/arm-none-eabi-gcc/thumbv6m/O0/odr_conflict/support.o
 .ARM.attributes
                0x00000000       0x2c /work/fixtures/bin/arm-none-eabi-gcc/thumbv6m/O0/odr_conflict/support.o
 .text          0x00000000        0x0 /work/fixtures/bin/arm-none-eabi-gcc/thumbv6m/O0/odr_conflict/vectors.o
 .data          0x00000000        0x0 /work/fixtures/bin/arm-none-eabi-gcc/thumbv6m/O0/odr_conflict/vectors.o
 .bss           0x00000000        0x0 /work/fixtures/bin/arm-none-eabi-gcc/thumbv6m/O0/odr_conflict/vectors.o
 .data          0x00000000        0x0 /usr/lib/gcc/arm-none-eabi/14.2.1/thumb/v6-m/nofp/libgcc.a(fixdfsi.o)
 .bss           0x00000000        0x0 /usr/lib/gcc/arm-none-eabi/14.2.1/thumb/v6-m/nofp/libgcc.a(fixdfsi.o)

Memory Configuration

Name             Origin             Length             Attributes
FLASH            0x08000000         0x00100000         xr
RAM              0x20000000         0x00030000         xrw
*default*        0x00000000         0xffffffff

Linker script and memory map

LOAD /work/fixtures/bin/arm-none-eabi-gcc/thumbv6m/O0/odr_conflict/a.o
LOAD /work/fixtures/bin/arm-none-eabi-gcc/thumbv6m/O0/odr_conflict/b.o
LOAD /work/fixtures/bin/arm-none-eabi-gcc/thumbv6m/O0/odr_conflict/support.o
LOAD /work/fixtures/bin/arm-none-eabi-gcc/thumbv6m/O0/odr_conflict/vectors.o
LOAD /usr/lib/gcc/arm-none-eabi/14.2.1/thumb/v6-m/nofp/libgcc.a
                0x20030000                        __stack_top = (ORIGIN (RAM) + LENGTH (RAM))

.isr_vector     0x08000000        0x8
 *(.isr_vector)
 .isr_vector    0x08000000        0x8 /work/fixtures/bin/arm-none-eabi-gcc/thumbv6m/O0/odr_conflict/vectors.o
                0x08000000                vector_table

.text           0x08000008       0xe4
 *(.text .text.*)
 .text._Z14config_scale_av
                0x08000008       0x24 /work/fixtures/bin/arm-none-eabi-gcc/thumbv6m/O0/odr_conflict/a.o
                0x08000008                config_scale_a()
 .text.main     0x0800002c       0x18 /work/fixtures/bin/arm-none-eabi-gcc/thumbv6m/O0/odr_conflict/a.o
                0x0800002c                main
 .text._Z14config_scale_bv
                0x08000044       0x24 /work/fixtures/bin/arm-none-eabi-gcc/thumbv6m/O0/odr_conflict/b.o
                0x08000044                config_scale_b()
 .text.reset_handler
                0x08000068        0xa /work/fixtures/bin/arm-none-eabi-gcc/thumbv6m/O0/odr_conflict/vectors.o
                0x08000068                reset_handler
 *fill*         0x08000072        0x2 
 .text          0x08000074       0x78 /usr/lib/gcc/arm-none-eabi/14.2.1/thumb/v6-m/nofp/libgcc.a(fixdfsi.o)
                0x08000074                __aeabi_d2iz

.glue_7         0x080000ec        0x0
 .glue_7        0x080000ec        0x0 linker stubs

.glue_7t        0x080000ec        0x0
 .glue_7t       0x080000ec        0x0 linker stubs

.vfp11_veneer   0x080000ec        0x0
 .vfp11_veneer  0x080000ec        0x0 linker stubs

.v4_bx          0x080000ec        0x0
 .v4_bx         0x080000ec        0x0 linker stubs

.iplt           0x080000ec        0x0
 .iplt          0x080000ec        0x0 /work/fixtures/bin/arm-none-eabi-gcc/thumbv6m/O0/odr_conflict/a.o

.rodata
 *(.rodata .rodata.*)

.note.gnu.build-id
                0x080000ec       0x24
 .note.gnu.build-id
                0x080000ec       0x24 linker stubs

.rel.dyn        0x08000110        0x0
 .rel.iplt      0x08000110        0x0 /work/fixtures/bin/arm-none-eabi-gcc/thumbv6m/O0/odr_conflict/a.o

.ARM.exidx
 *(.ARM.exidx*)

.data
 *(.data .data.*)

.igot.plt       0x20000000        0x0 load address 0x08000110
 .igot.plt      0x20000000        0x0 /work/fixtures/bin/arm-none-eabi-gcc/thumbv6m/O0/odr_conflict/a.o

.bss            0x20000000       0x30 load address 0x08000110
 *(.bss .bss.* COMMON)
 .bss.g_config_a
                0x20000000       0x20 /work/fixtures/bin/arm-none-eabi-gcc/thumbv6m/O0/odr_conflict/a.o
                0x20000000                g_config_a
 .bss.g_config_b
                0x20000020       0x10 /work/fixtures/bin/arm-none-eabi-gcc/thumbv6m/O0/odr_conflict/b.o
                0x20000020                g_config_b

.noinit
 *(.noinit .noinit.*)
OUTPUT(/work/fixtures/bin/arm-none-eabi-gcc/thumbv6m/O0/odr_conflict/odr_conflict elf32-littlearm)
LOAD linker stubs

.debug_info     0x00000000      0x3c2
 .debug_info    0x00000000       0xd5 /work/fixtures/bin/arm-none-eabi-gcc/thumbv6m/O0/odr_conflict/a.o
 .debug_info    0x000000d5       0x86 /work/fixtures/bin/arm-none-eabi-gcc/thumbv6m/O0/odr_conflict/b.o
 .debug_info    0x0000015b       0x97 /work/fixtures/bin/arm-none-eabi-gcc/thumbv6m/O0/odr_conflict/vectors.o
 .debug_info    0x000001f2      0x1d0 /usr/lib/gcc/arm-none-eabi/14.2.1/thumb/v6-m/nofp/libgcc.a(fixdfsi.o)

.debug_abbrev   0x00000000      0x351
 .debug_abbrev  0x00000000       0xcc /work/fixtures/bin/arm-none-eabi-gcc/thumbv6m/O0/odr_conflict/a.o
 .debug_abbrev  0x000000cc       0x8b /work/fixtures/bin/arm-none-eabi-gcc/thumbv6m/O0/odr_conflict/b.o
 .debug_abbrev  0x00000157       0xa7 /work/fixtures/bin/arm-none-eabi-gcc/thumbv6m/O0/odr_conflict/vectors.o
 .debug_abbrev  0x000001fe      0x153 /usr/lib/gcc/arm-none-eabi/14.2.1/thumb/v6-m/nofp/libgcc.a(fixdfsi.o)

.debug_aranges  0x00000000       0x88
 .debug_aranges
                0x00000000       0x28 /work/fixtures/bin/arm-none-eabi-gcc/thumbv6m/O0/odr_conflict/a.o
 .debug_aranges
                0x00000028       0x20 /work/fixtures/bin/arm-none-eabi-gcc/thumbv6m/O0/odr_conflict/b.o
 .debug_aranges
                0x00000048       0x20 /work/fixtures/bin/arm-none-eabi-gcc/thumbv6m/O0/odr_conflict/vectors.o
 .debug_aranges
                0x00000068       0x20 /usr/lib/gcc/arm-none-eabi/14.2.1/thumb/v6-m/nofp/libgcc.a(fixdfsi.o)

.debug_rnglists
                0x00000000       0x5f
 .debug_rnglists
                0x00000000       0x19 /work/fixtures/bin/arm-none-eabi-gcc/thumbv6m/O0/odr_conflict/a.o
 .debug_rnglists
                0x00000019       0x13 /work/fixtures/bin/arm-none-eabi-gcc/thumbv6m/O0/odr_conflict/b.o
 .debug_rnglists
                0x0000002c       0x13 /work/fixtures/bin/arm-none-eabi-gcc/thumbv6m/O0/odr_conflict/vectors.o
 .debug_rnglists
                0x0000003f       0x20 /usr/lib/gcc/arm-none-eabi/14.2.1/thumb/v6-m/nofp/libgcc.a(fixdfsi.o)

.debug_line     0x00000000      0x279
 .debug_line    0x00000000       0x86 /work/fixtures/bin/arm-none-eabi-gcc/thumbv6m/O0/odr_conflict/a.o
 .debug_line    0x00000086       0x61 /work/fixtures/bin/arm-none-eabi-gcc/thumbv6m/O0/odr_conflict/b.o
 .debug_line    0x000000e7       0x4f /work/fixtures/bin/arm-none-eabi-gcc/thumbv6m/O0/odr_conflict/vectors.o
 .debug_line    0x00000136      0x143 /usr/lib/gcc/arm-none-eabi/14.2.1/thumb/v6-m/nofp/libgcc.a(fixdfsi.o)

.debug_str      0x00000000      0x429
 .debug_str     0x00000000      0x429 /work/fixtures/bin/arm-none-eabi-gcc/thumbv6m/O0/odr_conflict/a.o
                                0x169 (size before relaxing)
 .debug_str     0x00000429      0x12a /work/fixtures/bin/arm-none-eabi-gcc/thumbv6m/O0/odr_conflict/b.o
 .debug_str     0x00000429      0x102 /work/fixtures/bin/arm-none-eabi-gcc/thumbv6m/O0/odr_conflict/vectors.o
 .debug_str     0x00000429      0x204 /usr/lib/gcc/arm-none-eabi/14.2.1/thumb/v6-m/nofp/libgcc.a(fixdfsi.o)

.comment        0x00000000       0x26
 .comment       0x00000000       0x26 /work/fixtures/bin/arm-none-eabi-gcc/thumbv6m/O0/odr_conflict/a.o
                                 0x27 (size before relaxing)
 .comment       0x00000026       0x27 /work/fixtures/bin/arm-none-eabi-gcc/thumbv6m/O0/odr_conflict/b.o
 .comment       0x00000026       0x27 /work/fixtures/bin/arm-none-eabi-gcc/thumbv6m/O0/odr_conflict/vectors.o
 .comment       0x00000026       0x27 /usr/lib/gcc/arm-none-eabi/14.2.1/thumb/v6-m/nofp/libgcc.a(fixdfsi.o)

.ARM.attributes
                0x00000000       0x2c
 .ARM.attributes
                0x00000000       0x2c /work/fixtures/bin/arm-none-eabi-gcc/thumbv6m/O0/odr_conflict/a.o
 .ARM.attributes
                0x0000002c       0x2c /work/fixtures/bin/arm-none-eabi-gcc/thumbv6m/O0/odr_conflict/b.o
 .ARM.attributes
                0x00000058       0x2c /work/fixtures/bin/arm-none-eabi-gcc/thumbv6m/O0/odr_conflict/vectors.o
 .ARM.attributes
                0x00000084       0x2c /usr/lib/gcc/arm-none-eabi/14.2.1/thumb/v6-m/nofp/libgcc.a(fixdfsi.o)

.debug_frame    0x00000000       0xd4
 .debug_frame   0x00000000       0x4c /work/fixtures/bin/arm-none-eabi-gcc/thumbv6m/O0/odr_conflict/a.o
 .debug_frame   0x0000004c       0x2c /work/fixtures/bin/arm-none-eabi-gcc/thumbv6m/O0/odr_conflict/b.o
 .debug_frame   0x00000078       0x2c /work/fixtures/bin/arm-none-eabi-gcc/thumbv6m/O0/odr_conflict/vectors.o
 .debug_frame   0x000000a4       0x30 /usr/lib/gcc/arm-none-eabi/14.2.1/thumb/v6-m/nofp/libgcc.a(fixdfsi.o)

.debug_loclists
                0x00000000      0x10c
 .debug_loclists
                0x00000000      0x10c /usr/lib/gcc/arm-none-eabi/14.2.1/thumb/v6-m/nofp/libgcc.a(fixdfsi.o)
