     VMA      LMA     Size Align Out     In      Symbol
       0        0        0     1 __stack_top = ORIGIN ( RAM ) + LENGTH ( RAM )
 8000000  8000000        8     4 .isr_vector
 8000000  8000000        8     4         /work/fixtures/bin/arm-llvm/thumbv6m/O2/opaque/vectors.o:(.isr_vector)
 8000000  8000000        8     1                 vector_table
 8000008  8000008       26     4 .text
 8000008  8000008       1c     4         /work/fixtures/bin/arm-llvm/thumbv6m/O2/opaque/opaque.o:(.text.main)
 8000008  8000008        0     1                 $t
 8000009  8000009       1c     1                 main
 800001c  800001c        0     1                 $d
 8000024  8000024        a     2         /work/fixtures/bin/arm-llvm/thumbv6m/O2/opaque/vectors.o:(.text.reset_handler)
 8000024  8000024        0     1                 $t
 8000025  8000025        a     1                 reset_handler
 8000030  8000030       10     4 .ARM.exidx
 8000030  8000030       10     4         <internal>:(.ARM.exidx)
 8000040  8000040       24     4 .note.gnu.build-id
 8000040  8000040       24     4         <internal>:(.note.gnu.build-id)
20000000 20000000        8     4 .bss
20000000 20000000        4     4         /work/fixtures/bin/arm-llvm/thumbv6m/O2/opaque/opaque.o:(.bss.g_opaque)
20000000 20000000        4     1                 g_opaque
20000004 20000004        4     4         /work/fixtures/bin/arm-llvm/thumbv6m/O2/opaque/opaque.o:(.bss.g_defined)
20000004 20000004        4     1                 g_defined
       0        0      1dd     1 .debug_abbrev
       0        0       79     1         /work/fixtures/bin/arm-llvm/thumbv6m/O2/opaque/opaque.o:(.debug_abbrev)
      79       79       f4     1         /work/fixtures/bin/arm-llvm/thumbv6m/O2/opaque/support.o:(.debug_abbrev)
     16d      16d       70     1         /work/fixtures/bin/arm-llvm/thumbv6m/O2/opaque/vectors.o:(.debug_abbrev)
       0        0      22d     1 .debug_info
       0        0       63     1         /work/fixtures/bin/arm-llvm/thumbv6m/O2/opaque/opaque.o:(.debug_info)
      63       63      175     1         /work/fixtures/bin/arm-llvm/thumbv6m/O2/opaque/support.o:(.debug_info)
     1d8      1d8       55     1         /work/fixtures/bin/arm-llvm/thumbv6m/O2/opaque/vectors.o:(.debug_info)
       0        0       b4     1 .debug_str_offsets
       0        0       30     1         /work/fixtures/bin/arm-llvm/thumbv6m/O2/opaque/opaque.o:(.debug_str_offsets)
      30       30       64     1         /work/fixtures/bin/arm-llvm/thumbv6m/O2/opaque/support.o:(.debug_str_offsets)
      94       94       20     1         /work/fixtures/bin/arm-llvm/thumbv6m/O2/opaque/vectors.o:(.debug_str_offsets)
       0        0      16f     1 .debug_str
       0        0      16f     1         <internal>:(.debug_str)
       0        0       4c     1 .debug_addr
       0        0       14     1         /work/fixtures/bin/arm-llvm/thumbv6m/O2/opaque/opaque.o:(.debug_addr)
      14       14       28     1         /work/fixtures/bin/arm-llvm/thumbv6m/O2/opaque/support.o:(.debug_addr)
      3c       3c       10     1         /work/fixtures/bin/arm-llvm/thumbv6m/O2/opaque/vectors.o:(.debug_addr)
       0        0       3e     1 .comment
       0        0       3e     1         <internal>:(.comment)
       0        0       45     1 .ARM.attributes
       0        0       45     1         /work/fixtures/bin/arm-llvm/thumbv6m/O2/opaque/opaque.o:(.ARM.attributes)
       0        0       f8     4 .debug_frame
       0        0       24     4         /work/fixtures/bin/arm-llvm/thumbv6m/O2/opaque/opaque.o:(.debug_frame)
      24       24       a4     4         /work/fixtures/bin/arm-llvm/thumbv6m/O2/opaque/support.o:(.debug_frame)
      c8       c8       30     4         /work/fixtures/bin/arm-llvm/thumbv6m/O2/opaque/vectors.o:(.debug_frame)
       0        0      230     1 .debug_line
       0        0       69     1         /work/fixtures/bin/arm-llvm/thumbv6m/O2/opaque/opaque.o:(.debug_line)
      69       69      170     1         /work/fixtures/bin/arm-llvm/thumbv6m/O2/opaque/support.o:(.debug_line)
     1d9      1d9       57     1         /work/fixtures/bin/arm-llvm/thumbv6m/O2/opaque/vectors.o:(.debug_line)
       0        0       4c     1 .debug_line_str
       0        0       4c     1         <internal>:(.debug_line_str)
       0        0      178     1 .debug_loclists
       0        0      178     1         /work/fixtures/bin/arm-llvm/thumbv6m/O2/opaque/support.o:(.debug_loclists)
       0        0       26     1 .debug_rnglists
       0        0       26     1         /work/fixtures/bin/arm-llvm/thumbv6m/O2/opaque/support.o:(.debug_rnglists)
       0        0       d0     4 .symtab
       0        0       d0     4         <internal>:(.symtab)
       0        0       f6     1 .shstrtab
       0        0       f6     1         <internal>:(.shstrtab)
       0        0       68     1 .strtab
       0        0       68     1         <internal>:(.strtab)
