
Discarded input sections

 .text          0x00000000        0x0 /work/fixtures/bin/riscv-gcc/rv32imac/O0/overlap/overlap.o
 .data          0x00000000        0x0 /work/fixtures/bin/riscv-gcc/rv32imac/O0/overlap/overlap.o
 .bss           0x00000000        0x0 /work/fixtures/bin/riscv-gcc/rv32imac/O0/overlap/overlap.o
 .text          0x00000000        0x0 /work/fixtures/bin/riscv-gcc/rv32imac/O0/overlap/support.o
 .data          0x00000000        0x0 /work/fixtures/bin/riscv-gcc/rv32imac/O0/overlap/support.o
 .bss           0x00000000        0x0 /work/fixtures/bin/riscv-gcc/rv32imac/O0/overlap/support.o
 .text.memset   0x00000000       0x5a /work/fixtures/bin/riscv-gcc/rv32imac/O0/overlap/support.o
 .text.memcpy   0x00000000       0x6a /work/fixtures/bin/riscv-gcc/rv32imac/O0/overlap/support.o
 .text.__cxa_pure_virtual
                0x00000000        0xa /work/fixtures/bin/riscv-gcc/rv32imac/O0/overlap/support.o
 .text.__aeabi_atexit
                0x00000000       0x20 /work/fixtures/bin/riscv-gcc/rv32imac/O0/overlap/support.o
 .text.__cxa_atexit
                0x00000000       0x20 /work/fixtures/bin/riscv-gcc/rv32imac/O0/overlap/support.o
 .sbss.__dso_handle
                0x00000000        0x4 /work/fixtures/bin/riscv-gcc/rv32imac/O0/overlap/support.o
 .text._ZdlPv   0x00000000       0x16 /work/fixtures/bin/riscv-gcc/rv32imac/O0/overlap/support.o
 .text._ZdlPvj  0x00000000       0x1a /work/fixtures/bin/riscv-gcc/rv32imac/O0/overlap/support.o
 .debug_info    0x00000000      0x1ea /work/fixtures/bin/riscv-gcc/rv32imac/O0/overlap/support.o
 .debug_abbrev  0x00000000      0x11f /work/fixtures/bin/riscv-gcc/rv32imac/O0/overlap/support.o
 .debug_aranges
                0x00000000       0x50 /work/fixtures/bin/riscv-gcc/rv32imac/O0/overlap/support.o
 .debug_rnglists
                0x00000000       0x37 /work/fixtures/bin/riscv-gcc/rv32imac/O0/overlap/support.o
 .debug_line    0x00000000      0x1a2 /work/fixtures/bin/riscv-gcc/rv32imac/O0/overlap/support.o
 .debug_str     0x00000000      0x14e /work/fixtures/bin/riscv-gcc/rv32imac/O0/overlap/support.o
 .debug_line_str
                0x00000000       0x4c /work/fixtures/bin/riscv-gcc/rv32imac/O0/overlap/support.o
 .comment       0x00000000       0x19 /work/fixtures/bin/riscv-gcc/rv32imac/O0/overlap/support.o
 .note.GNU-stack
                0x00000000        0x0 /work/fixtures/bin/riscv-gcc/rv32imac/O0/overlap/support.o
 .debug_frame   0x00000000      0x11c /work/fixtures/bin/riscv-gcc/rv32imac/O0/overlap/support.o
 .riscv.attributes
                0x00000000       0x47 /work/fixtures/bin/riscv-gcc/rv32imac/O0/overlap/support.o
 .text          0x00000000        0x0 /work/fixtures/bin/riscv-gcc/rv32imac/O0/overlap/vectors.o
 .data          0x00000000        0x0 /work/fixtures/bin/riscv-gcc/rv32imac/O0/overlap/vectors.o
 .bss           0x00000000        0x0 /work/fixtures/bin/riscv-gcc/rv32imac/O0/overlap/vectors.o

Memory Configuration

Name             Origin             Length             Attributes
FLASH            0x20000000         0x00080000         xr
RAM              0x80000000         0x00010000         xrw
*default*        0x00000000         0xffffffff

Linker script and memory map

LOAD /work/fixtures/bin/riscv-gcc/rv32imac/O0/overlap/overlap.o
LOAD /work/fixtures/bin/riscv-gcc/rv32imac/O0/overlap/support.o
LOAD /work/fixtures/bin/riscv-gcc/rv32imac/O0/overlap/vectors.o
LOAD /usr/lib/gcc/riscv64-unknown-elf/14.2.0/rv32imac/ilp32/libgcc.a
                0x80010000                        __stack_top = (ORIGIN (RAM) + LENGTH (RAM))

.isr_vector     0x20000000        0x8
 *(.isr_vector)
 .isr_vector    0x20000000        0x8 /work/fixtures/bin/riscv-gcc/rv32imac/O0/overlap/vectors.o
                0x20000000                vector_table

.text           0x20000008       0x40
 *(.text .text.*)
 .text.main     0x20000008       0x34 /work/fixtures/bin/riscv-gcc/rv32imac/O0/overlap/overlap.o
                0x20000008                main
 .text.reset_handler
                0x2000003c        0xc /work/fixtures/bin/riscv-gcc/rv32imac/O0/overlap/vectors.o
                0x2000003c                reset_handler

.rodata
 *(.rodata .rodata.* .srodata .srodata.*)

.note.gnu.build-id
                0x20000048       0x24
 .note.gnu.build-id
                0x20000048       0x24 /work/fixtures/bin/riscv-gcc/rv32imac/O0/overlap/overlap.o

.rela.dyn       0x2000006c        0x0
 .rela.isr_vector
                0x2000006c        0x0 /work/fixtures/bin/riscv-gcc/rv32imac/O0/overlap/overlap.o

.data
 *(.data .data.* .sdata .sdata.*)

.bss            0x80000000        0x9 load address 0x2000006c
 *(.bss .bss.* .sbss .sbss.* COMMON)
 .sbss.g_tiny   0x80000000        0x2 /work/fixtures/bin/riscv-gcc/rv32imac/O0/overlap/overlap.o
                0x80000000                g_tiny
 *fill*         0x80000002        0x2 
 .sbss.g_char_and_bits
                0x80000004        0x2 /work/fixtures/bin/riscv-gcc/rv32imac/O0/overlap/overlap.o
                0x80000004                g_char_and_bits
 *fill*         0x80000006        0x2 
 .sbss.g_empty_and_char
                0x80000008        0x1 /work/fixtures/bin/riscv-gcc/rv32imac/O0/overlap/overlap.o
                0x80000008                g_empty_and_char
OUTPUT(/work/fixtures/bin/riscv-gcc/rv32imac/O0/overlap/overlap elf32-littleriscv)

.debug_info     0x00000000      0x1b2
 .debug_info    0x00000000      0x119 /work/fixtures/bin/riscv-gcc/rv32imac/O0/overlap/overlap.o
 .debug_info    0x00000119       0x99 /work/fixtures/bin/riscv-gcc/rv32imac/O0/overlap/vectors.o

.debug_abbrev   0x00000000      0x18a
 .debug_abbrev  0x00000000       0xe3 /work/fixtures/bin/riscv-gcc/rv32imac/O0/overlap/overlap.o
 .debug_abbrev  0x000000e3       0xa7 /work/fixtures/bin/riscv-gcc/rv32imac/O0/overlap/vectors.o

.debug_aranges  0x00000000       0x40
 .debug_aranges
                0x00000000       0x20 /work/fixtures/bin/riscv-gcc/rv32imac/O0/overlap/overlap.o
 .debug_aranges
                0x00000020       0x20 /work/fixtures/bin/riscv-gcc/rv32imac/O0/overlap/vectors.o

.debug_rnglists
                0x00000000       0x26
 .debug_rnglists
                0x00000000       0x13 /work/fixtures/bin/riscv-gcc/rv32imac/O0/overlap/overlap.o
 .debug_rnglists
                0x00000013       0x13 /work/fixtures/bin/riscv-gcc/rv32imac/O0/overlap/vectors.o

.debug_line     0x00000000       0xcc
 .debug_line    0x00000000       0x74 /work/fixtures/bin/riscv-gcc/rv32imac/O0/overlap/overlap.o
 .debug_line    0x00000074       0x58 /work/fixtures/bin/riscv-gcc/rv32imac/O0/overlap/vectors.o

.debug_str      0x00000000      0x1e9
 .debug_str     0x00000000      0x1e9 /work/fixtures/bin/riscv-gcc/rv32imac/O0/overlap/overlap.o
                                0x12d (size before relaxing)
 .debug_str     0x000001e9       0xd0 /work/fixtures/bin/riscv-gcc/rv32imac/O0/overlap/vectors.o

.debug_line_str
                0x00000000       0x4a
 .debug_line_str
                0x00000000       0x4a /work/fixtures/bin/riscv-gcc/rv32imac/O0/overlap/overlap.o
                                 0x36 (size before relaxing)
 .debug_line_str
                0x0000004a       0x46 /work/fixtures/bin/riscv-gcc/rv32imac/O0/overlap/vectors.o

.comment        0x00000000       0x18
 .comment       0x00000000       0x18 /work/fixtures/bin/riscv-gcc/rv32imac/O0/overlap/overlap.o
                                 0x19 (size before relaxing)
 .comment       0x00000018       0x19 /work/fixtures/bin/riscv-gcc/rv32imac/O0/overlap/vectors.o

.note.GNU-stack
                0x00000000        0x0
 .note.GNU-stack
                0x00000000        0x0 /work/fixtures/bin/riscv-gcc/rv32imac/O0/overlap/overlap.o
 .note.GNU-stack
                0x00000000        0x0 /work/fixtures/bin/riscv-gcc/rv32imac/O0/overlap/vectors.o

.riscv.attributes
                0x00000000       0x47
 .riscv.attributes
                0x00000000       0x47 /work/fixtures/bin/riscv-gcc/rv32imac/O0/overlap/overlap.o
 .riscv.attributes
                0x00000047       0x47 /work/fixtures/bin/riscv-gcc/rv32imac/O0/overlap/vectors.o

.debug_frame    0x00000000       0x64
 .debug_frame   0x00000000       0x38 /work/fixtures/bin/riscv-gcc/rv32imac/O0/overlap/overlap.o
 .debug_frame   0x00000038       0x2c /work/fixtures/bin/riscv-gcc/rv32imac/O0/overlap/vectors.o
